Archive member included to satisfy reference by file (symbol)

d:/clion/gcc-arm-none-eabi-10.3-2021.10/bin/../lib/gcc/arm-none-eabi/10.3.1/../../../../arm-none-eabi/lib/thumb/v7-m/nofp\libg.a(lib_a-errno.o)
                              CMakeFiles/test_9_14.elf.dir/Core/Src/retarget.c.obj (__errno)
d:/clion/gcc-arm-none-eabi-10.3-2021.10/bin/../lib/gcc/arm-none-eabi/10.3.1/../../../../arm-none-eabi/lib/thumb/v7-m/nofp\libg.a(lib_a-exit.o)
                              d:/clion/gcc-arm-none-eabi-10.3-2021.10/bin/../lib/gcc/arm-none-eabi/10.3.1/../../../../arm-none-eabi/lib/thumb/v7-m/nofp/crt0.o (exit)
d:/clion/gcc-arm-none-eabi-10.3-2021.10/bin/../lib/gcc/arm-none-eabi/10.3.1/../../../../arm-none-eabi/lib/thumb/v7-m/nofp\libg.a(lib_a-impure.o)
                              d:/clion/gcc-arm-none-eabi-10.3-2021.10/bin/../lib/gcc/arm-none-eabi/10.3.1/../../../../arm-none-eabi/lib/thumb/v7-m/nofp\libg.a(lib_a-exit.o) (_global_impure_ptr)
d:/clion/gcc-arm-none-eabi-10.3-2021.10/bin/../lib/gcc/arm-none-eabi/10.3.1/../../../../arm-none-eabi/lib/thumb/v7-m/nofp\libg.a(lib_a-init.o)
                              d:/clion/gcc-arm-none-eabi-10.3-2021.10/bin/../lib/gcc/arm-none-eabi/10.3.1/../../../../arm-none-eabi/lib/thumb/v7-m/nofp/crt0.o (__libc_init_array)
d:/clion/gcc-arm-none-eabi-10.3-2021.10/bin/../lib/gcc/arm-none-eabi/10.3.1/../../../../arm-none-eabi/lib/thumb/v7-m/nofp\libg.a(lib_a-memset.o)
                              d:/clion/gcc-arm-none-eabi-10.3-2021.10/bin/../lib/gcc/arm-none-eabi/10.3.1/../../../../arm-none-eabi/lib/thumb/v7-m/nofp/crt0.o (memset)
d:/clion/gcc-arm-none-eabi-10.3-2021.10/bin/../lib/gcc/arm-none-eabi/10.3.1/../../../../arm-none-eabi/lib/thumb/v7-m/nofp\libg.a(lib_a-puts.o)
                              CMakeFiles/test_9_14.elf.dir/Core/Src/main.c.obj (puts)
d:/clion/gcc-arm-none-eabi-10.3-2021.10/bin/../lib/gcc/arm-none-eabi/10.3.1/../../../../arm-none-eabi/lib/thumb/v7-m/nofp\libg.a(lib_a-setvbuf.o)
                              CMakeFiles/test_9_14.elf.dir/Core/Src/retarget.c.obj (setvbuf)
d:/clion/gcc-arm-none-eabi-10.3-2021.10/bin/../lib/gcc/arm-none-eabi/10.3.1/../../../../arm-none-eabi/lib/thumb/v7-m/nofp\libg.a(lib_a-strlen-stub.o)
                              d:/clion/gcc-arm-none-eabi-10.3-2021.10/bin/../lib/gcc/arm-none-eabi/10.3.1/../../../../arm-none-eabi/lib/thumb/v7-m/nofp\libg.a(lib_a-puts.o) (strlen)
d:/clion/gcc-arm-none-eabi-10.3-2021.10/bin/../lib/gcc/arm-none-eabi/10.3.1/../../../../arm-none-eabi/lib/thumb/v7-m/nofp\libg.a(lib_a-__call_atexit.o)
                              d:/clion/gcc-arm-none-eabi-10.3-2021.10/bin/../lib/gcc/arm-none-eabi/10.3.1/../../../../arm-none-eabi/lib/thumb/v7-m/nofp\libg.a(lib_a-exit.o) (__call_exitprocs)
d:/clion/gcc-arm-none-eabi-10.3-2021.10/bin/../lib/gcc/arm-none-eabi/10.3.1/../../../../arm-none-eabi/lib/thumb/v7-m/nofp\libg.a(lib_a-atexit.o)
                              d:/clion/gcc-arm-none-eabi-10.3-2021.10/bin/../lib/gcc/arm-none-eabi/10.3.1/../../../../arm-none-eabi/lib/thumb/v7-m/nofp\libg.a(lib_a-__call_atexit.o) (atexit)
d:/clion/gcc-arm-none-eabi-10.3-2021.10/bin/../lib/gcc/arm-none-eabi/10.3.1/../../../../arm-none-eabi/lib/thumb/v7-m/nofp\libg.a(lib_a-fflush.o)
                              d:/clion/gcc-arm-none-eabi-10.3-2021.10/bin/../lib/gcc/arm-none-eabi/10.3.1/../../../../arm-none-eabi/lib/thumb/v7-m/nofp\libg.a(lib_a-setvbuf.o) (_fflush_r)
d:/clion/gcc-arm-none-eabi-10.3-2021.10/bin/../lib/gcc/arm-none-eabi/10.3.1/../../../../arm-none-eabi/lib/thumb/v7-m/nofp\libg.a(lib_a-findfp.o)
                              d:/clion/gcc-arm-none-eabi-10.3-2021.10/bin/../lib/gcc/arm-none-eabi/10.3.1/../../../../arm-none-eabi/lib/thumb/v7-m/nofp\libg.a(lib_a-puts.o) (__sinit)
d:/clion/gcc-arm-none-eabi-10.3-2021.10/bin/../lib/gcc/arm-none-eabi/10.3.1/../../../../arm-none-eabi/lib/thumb/v7-m/nofp\libg.a(lib_a-fini.o)
                              d:/clion/gcc-arm-none-eabi-10.3-2021.10/bin/../lib/gcc/arm-none-eabi/10.3.1/../../../../arm-none-eabi/lib/thumb/v7-m/nofp\libg.a(lib_a-__call_atexit.o) (__libc_fini_array)
d:/clion/gcc-arm-none-eabi-10.3-2021.10/bin/../lib/gcc/arm-none-eabi/10.3.1/../../../../arm-none-eabi/lib/thumb/v7-m/nofp\libg.a(lib_a-freer.o)
                              d:/clion/gcc-arm-none-eabi-10.3-2021.10/bin/../lib/gcc/arm-none-eabi/10.3.1/../../../../arm-none-eabi/lib/thumb/v7-m/nofp\libg.a(lib_a-setvbuf.o) (_free_r)
d:/clion/gcc-arm-none-eabi-10.3-2021.10/bin/../lib/gcc/arm-none-eabi/10.3.1/../../../../arm-none-eabi/lib/thumb/v7-m/nofp\libg.a(lib_a-fvwrite.o)
                              d:/clion/gcc-arm-none-eabi-10.3-2021.10/bin/../lib/gcc/arm-none-eabi/10.3.1/../../../../arm-none-eabi/lib/thumb/v7-m/nofp\libg.a(lib_a-puts.o) (__sfvwrite_r)
d:/clion/gcc-arm-none-eabi-10.3-2021.10/bin/../lib/gcc/arm-none-eabi/10.3.1/../../../../arm-none-eabi/lib/thumb/v7-m/nofp\libg.a(lib_a-fwalk.o)
[...]
Memory Configuration

Name             Origin             Length             Attributes
RAM              0x20000000         0x0000c000         xrw
FLASH            0x08000000         0x00040000         xr
*default*        0x00000000         0xffffffff

Linker script and memory map

LOAD d:/clion/gcc-arm-none-eabi-10.3-2021.10/bin/../lib/gcc/arm-none-eabi/10.3.1/thumb/v7-m/nofp/crti.o
LOAD d:/clion/gcc-arm-none-eabi-10.3-2021.10/bin/../lib/gcc/arm-none-eabi/10.3.1/thumb/v7-m/nofp/crtbegin.o
LOAD d:/clion/gcc-arm-none-eabi-10.3-2021.10/bin/../lib/gcc/arm-none-eabi/10.3.1/../../../../arm-none-eabi/lib/thumb/v7-m/nofp/crt0.o
LOAD CMakeFiles/test_9_14.elf.dir/Core/Src/main.c.obj
LOAD CMakeFiles/test_9_14.elf.dir/Core/Src/retarget.c.obj
LOAD CMakeFiles/test_9_14.elf.dir/Core/Src/stm32f1xx_hal_msp.c.obj
LOAD CMakeFiles/test_9_14.elf.dir/Core/Src/stm32f1xx_it.c.obj
LOAD CMakeFiles/test_9_14.elf.dir/Core/Src/syscalls.c.obj
LOAD CMakeFiles/test_9_14.elf.dir/Core/Src/system_stm32f1xx.c.obj
LOAD CMakeFiles/test_9_14.elf.dir/Drivers/STM32F1xx_HAL_Driver/Src/stm32f1xx_hal.c.obj
LOAD CMakeFiles/test_9_14.elf.dir/Drivers/STM32F1xx_HAL_Driver/Src/stm32f1xx_hal_cortex.c.obj
LOAD CMakeFiles/test_9_14.elf.dir/Drivers/STM32F1xx_HAL_Driver/Src/stm32f1xx_hal_dma.c.obj
LOAD CMakeFiles/test_9_14.elf.dir/Drivers/STM32F1xx_HAL_Driver/Src/stm32f1xx_hal_exti.c.obj
LOAD CMakeFiles/test_9_14.elf.dir/Drivers/STM32F1xx_HAL_Driver/Src/stm32f1xx_hal_flash.c.obj
LOAD CMakeFiles/test_9_14.elf.dir/Drivers/STM32F1xx_HAL_Driver/Src/stm32f1xx_hal_flash_ex.c.obj
LOAD CMakeFiles/test_9_14.elf.dir/Drivers/STM32F1xx_HAL_Driver/Src/stm32f1xx_hal_gpio.c.obj
LOAD CMakeFiles/test_9_14.elf.dir/Drivers/STM32F1xx_HAL_Driver/Src/stm32f1xx_hal_gpio_ex.c.obj
LOAD CMakeFiles/test_9_14.elf.dir/Drivers/STM32F1xx_HAL_Driver/Src/stm32f1xx_hal_pwr.c.obj
LOAD CMakeFiles/test_9_14.elf.dir/Drivers/STM32F1xx_HAL_Driver/Src/stm32f1xx_hal_rcc.c.obj
LOAD CMakeFiles/test_9_14.elf.dir/Drivers/STM32F1xx_HAL_Driver/Src/stm32f1xx_hal_rcc_ex.c.obj
LOAD CMakeFiles/test_9_14.elf.dir/Drivers/STM32F1xx_HAL_Driver/Src/stm32f1xx_hal_tim.c.obj
LOAD CMakeFiles/test_9_14.elf.dir/Drivers/STM32F1xx_HAL_Driver/Src/stm32f1xx_hal_tim_ex.c.obj
LOAD CMakeFiles/test_9_14.elf.dir/Drivers/STM32F1xx_HAL_Driver/Src/stm32f1xx_hal_uart.c.obj
LOAD CMakeFiles/test_9_14.elf.dir/startup/startup_stm32f103xe.s.obj
START GROUP
LOAD d:/clion/gcc-arm-none-eabi-10.3-2021.10/bin/../lib/gcc/arm-none-eabi/10.3.1/thumb/v7-m/nofp\libgcc.a
LOAD d:/clion/gcc-arm-none-eabi-10.3-2021.10/bin/../lib/gcc/arm-none-eabi/10.3.1/../../../../arm-none-eabi/lib/thumb/v7-m/nofp\libg.a
LOAD d:/clion/gcc-arm-none-eabi-10.3-2021.10/bin/../lib/gcc/arm-none-eabi/10.3.1/../../../../arm-none-eabi/lib/thumb/v7-m/nofp\libc.a
END GROUP
LOAD d:/clion/gcc-arm-none-eabi-10.3-2021.10/bin/../lib/gcc/arm-none-eabi/10.3.1/thumb/v7-m/nofp/crtend.o
LOAD d:/clion/gcc-arm-none-eabi-10.3-2021.10/bin/../lib/gcc/arm-none-eabi/10.3.1/thumb/v7-m/nofp/crtn.o
                0x2000c000                _estack = 0x2000c000
                0x00000200                _Min_Heap_Size = 0x200
                0x00000400                _Min_Stack_Size = 0x400

.isr_vector     0x08000000      0x1e4
                0x08000000                . = ALIGN (0x4)
 *(.isr_vector)
 .isr_vector    0x08000000      0x1e4 CMakeFiles/test_9_14.elf.dir/startup/startup_stm32f103xe.s.obj
                0x08000000                g_pfnVectors
                0x080001e4                . = ALIGN (0x4)

.text           0x080001e4     0x34b8
                0x080001e4                . = ALIGN (0x4)
 *(.text)
 .text          0x080001e4       0x40 d:/clion/gcc-arm-none-eabi-10.3-2021.10/bin/../lib/gcc/arm-none-eabi/10.3.1/thumb/v7-m/nofp/crtbegin.o
 .text          0x08000224       0xec d:/clion/gcc-arm-none-eabi-10.3-2021.10/bin/../lib/gcc/arm-none-eabi/10.3.1/../../../../arm-none-eabi/lib/thumb/v7-m/nofp\libg.a(lib_a-memcpy.o)
                0x08000224                memcpy
 *(.text*)
 .text.MX_GPIO_Init
                0x08000310       0xc8 CMakeFiles/test_9_14.elf.dir/Core/Src/main.c.obj
 .text.Error_Handler
                0x080003d8        0x4 CMakeFiles/test_9_14.elf.dir/Core/Src/main.c.obj
                0x080003d8                Error_Handler
 .text.MX_USART1_UART_Init
                0x080003dc       0x34 CMakeFiles/test_9_14.elf.dir/Core/Src/main.c.obj
 .text.SystemClock_Config
                0x08000410       0x64 CMakeFiles/test_9_14.elf.dir/Core/Src/main.c.obj
                0x08000410                SystemClock_Config
 .text.main     0x08000474       0x28 CMakeFiles/test_9_14.elf.dir/Core/Src/main.c.obj
                0x08000474                main
 .text.RetargetInit
                0x0800049c       0x20 CMakeFiles/test_9_14.elf.dir/Core/Src/retarget.c.obj
                0x0800049c                RetargetInit
 .text._isatty  0x080004bc       0x16 CMakeFiles/test_9_14.elf.dir/Core/Src/retarget.c.obj
                0x080004bc                _isatty
 *fill*         0x080004d2        0x2 
 .text._write   0x080004d4       0x34 CMakeFiles/test_9_14.elf.dir/Core/Src/retarget.c.obj
                0x080004d4                _write
 .text._close   0x08000508       0x18 CMakeFiles/test_9_14.elf.dir/Core/Src/retarget.c.obj
                0x08000508                _close
 .text._lseek   0x08000520       0x10 CMakeFiles/test_9_14.elf.dir/Core/Src/retarget.c.obj
                0x08000520                _lseek
 .text._read    0x08000530       0x30 CMakeFiles/test_9_14.elf.dir/Core/Src/retarget.c.obj
                0x08000530                _read
 .text._fstat   0x08000560       0x1a CMakeFiles/test_9_14.elf.dir/Core/Src/retarget.c.obj
                0x08000560                _fstat
 *fill*         0x0800057a        0x2 
 .text.HAL_MspInit
                0x0800057c       0x44 CMakeFiles/test_9_14.elf.dir/Core/Src/stm32f1xx_hal_msp.c.obj
                0x0800057c                HAL_MspInit
 .text.HAL_UART_MspInit
                0x080005c0       0x88 CMakeFiles/test_9_14.elf.dir/Core/Src/stm32f1xx_hal_msp.c.obj
                0x080005c0                HAL_UART_MspInit
 .text.NMI_Handler
                0x08000648        0x2 CMakeFiles/test_9_14.elf.dir/Core/Src/stm32f1xx_it.c.obj
                0x08000648                NMI_Handler
 .text.HardFault_Handler
                0x0800064a        0x2 CMakeFiles/test_9_14.elf.dir/Core/Src/stm32f1xx_it.c.obj
                0x0800064a                HardFault_Handler
 .text.MemManage_Handler
                0x0800064c        0x2 CMakeFiles/test_9_14.elf.dir/Core/Src/stm32f1xx_it.c.obj
                0x0800064c                MemManage_Handler
 .text.BusFault_Handler
                0x0800064e        0x2 CMakeFiles/test_9_14.elf.dir/Core/Src/stm32f1xx_it.c.obj
                0x0800064e                BusFault_Handler
 .text.UsageFault_Handler
                0x08000650        0x2 CMakeFiles/test_9_14.elf.dir/Core/Src/stm32f1xx_it.c.obj
                0x08000650                UsageFault_Handler
 .text.SVC_Handler
                0x08000652        0x2 CMakeFiles/test_9_14.elf.dir/Core/Src/stm32f1xx_it.c.obj
                0x08000652                SVC_Handler
 .text.DebugMon_Handler
                0x08000654        0x2 CMakeFiles/test_9_14.elf.dir/Core/Src/stm32f1xx_it.c.obj
                0x08000654                DebugMon_Handler
 .text.PendSV_Handler
                0x08000656        0x2 CMakeFiles/test_9_14.elf.dir/Core/Src/stm32f1xx_it.c.obj
                0x08000656                PendSV_Handler
 .text.SysTick_Handler
                0x08000658        0x8 CMakeFiles/test_9_14.elf.dir/Core/Src/stm32f1xx_it.c.obj
                0x08000658                SysTick_Handler
 .text.EXTI0_IRQHandler
                0x08000660       0x2c CMakeFiles/test_9_14.elf.dir/Core/Src/stm32f1xx_it.c.obj
                0x08000660                EXTI0_IRQHandler
 .text.USART1_IRQHandler
                0x0800068c       0x10 CMakeFiles/test_9_14.elf.dir/Core/Src/stm32f1xx_it.c.obj
                0x0800068c                USART1_IRQHandler
 .text.EXTI15_10_IRQHandler
                0x0800069c       0x24 CMakeFiles/test_9_14.elf.dir/Core/Src/stm32f1xx_it.c.obj
                0x0800069c                EXTI15_10_IRQHandler
 .text._sbrk    0x080006c0       0x3c CMakeFiles/test_9_14.elf.dir/Core/Src/syscalls.c.obj
                0x080006c0                _sbrk
 .text.SystemInit
                0x080006fc        0x2 CMakeFiles/test_9_14.elf.dir/Core/Src/system_stm32f1xx.c.obj
                0x080006fc                SystemInit
 *fill*         0x080006fe        0x2 
 .text.HAL_InitTick
                0x08000700       0x4c CMakeFiles/test_9_14.elf.dir/Drivers/STM32F1xx_HAL_Driver/Src/stm32f1xx_hal.c.obj
                0x08000700                HAL_InitTick
 .text.HAL_Init
                0x0800074c       0x24 CMakeFiles/test_9_14.elf.dir/Drivers/STM32F1xx_HAL_Driver/Src/stm32f1xx_hal.c.obj
                0x0800074c                HAL_Init
 .text.HAL_IncTick
                0x08000770       0x18 CMakeFiles/test_9_14.elf.dir/Drivers/STM32F1xx_HAL_Driver/Src/stm32f1xx_hal.c.obj
                0x08000770                HAL_IncTick
 .text.HAL_GetTick
                0x08000788        0xc CMakeFiles/test_9_14.elf.dir/Drivers/STM32F1xx_HAL_Driver/Src/stm32f1xx_hal.c.obj
                0x08000788                HAL_GetTick
 .text.HAL_NVIC_SetPriorityGrouping
                0x08000794       0x24 CMakeFiles/test_9_14.elf.dir/Drivers/STM32F1xx_HAL_Driver/Src/stm32f1xx_hal_cortex.c.obj
                0x08000794                HAL_NVIC_SetPriorityGrouping
 .text.HAL_NVIC_SetPriority
                0x080007b8       0x70 CMakeFiles/test_9_14.elf.dir/Drivers/STM32F1xx_HAL_Driver/Src/stm32f1xx_hal_cortex.c.obj
                0x080007b8                HAL_NVIC_SetPriority
 .text.HAL_NVIC_EnableIRQ
                0x08000828       0x1c CMakeFiles/test_9_14.elf.dir/Drivers/STM32F1xx_HAL_Driver/Src/stm32f1xx_hal_cortex.c.obj
                0x08000828                HAL_NVIC_EnableIRQ
 .text.HAL_SYSTICK_Config
                0x08000844       0x28 CMakeFiles/test_9_14.elf.dir/Drivers/STM32F1xx_HAL_Driver/Src/stm32f1xx_hal_cortex.c.obj
                0x08000844                HAL_SYSTICK_Config
 .text.HAL_DMA_Abort
                0x0800086c       0x44 CMakeFiles/test_9_14.elf.dir/Drivers/STM32F1xx_HAL_Driver/Src/stm32f1xx_hal_dma.c.obj
                0x0800086c                HAL_DMA_Abort
 .text.HAL_DMA_Abort_IT
                0x080008b0      0x168 CMakeFiles/test_9_14.elf.dir/Drivers/STM32F1xx_HAL_Driver/Src/stm32f1xx_hal_dma.c.obj
                0x080008b0                HAL_DMA_Abort_IT
 .text.HAL_GPIO_Init
                0x08000a18      0x240 CMakeFiles/test_9_14.elf.dir/Drivers/STM32F1xx_HAL_Driver/Src/stm32f1xx_hal_gpio.c.obj
                0x08000a18                HAL_GPIO_Init
 .text.HAL_GPIO_WritePin
                0x08000c58        0xc CMakeFiles/test_9_14.elf.dir/Drivers/STM32F1xx_HAL_Driver/Src/stm32f1xx_hal_gpio.c.obj
                0x08000c58                HAL_GPIO_WritePin
 .text.HAL_GPIO_TogglePin
                0x08000c64       0x12 CMakeFiles/test_9_14.elf.dir/Drivers/STM32F1xx_HAL_Driver/Src/stm32f1xx_hal_gpio.c.obj
                0x08000c64                HAL_GPIO_TogglePin
 .text.HAL_GPIO_EXTI_Callback
                0x08000c76        0x2 CMakeFiles/test_9_14.elf.dir/Drivers/STM32F1xx_HAL_Driver/Src/stm32f1xx_hal_gpio.c.obj
                0x08000c76                HAL_GPIO_EXTI_Callback
 .text.HAL_GPIO_EXTI_IRQHandler
                0x08000c78       0x1c CMakeFiles/test_9_14.elf.dir/Drivers/STM32F1xx_HAL_Driver/Src/stm32f1xx_hal_gpio.c.obj
                0x08000c78                HAL_GPIO_EXTI_IRQHandler
 .text.RCC_Delay
                0x08000c94       0x2c CMakeFiles/test_9_14.elf.dir/Drivers/STM32F1xx_HAL_Driver/Src/stm32f1xx_hal_rcc.c.obj
 .text.HAL_RCC_OscConfig
                0x08000cc0      0x410 CMakeFiles/test_9_14.elf.dir/Drivers/STM32F1xx_HAL_Driver/Src/stm32f1xx_hal_rcc.c.obj
                0x08000cc0                HAL_RCC_OscConfig
 .text.HAL_RCC_GetSysClockFreq
                0x080010d0       0x70 CMakeFiles/test_9_14.elf.dir/Drivers/STM32F1xx_HAL_Driver/Src/stm32f1xx_hal_rcc.c.obj
                0x080010d0                HAL_RCC_GetSysClockFreq
 .text.HAL_RCC_ClockConfig
                0x08001140      0x16c CMakeFiles/test_9_14.elf.dir/Drivers/STM32F1xx_HAL_Driver/Src/stm32f1xx_hal_rcc.c.obj
                0x08001140                HAL_RCC_ClockConfig
 .text.HAL_RCC_GetHCLKFreq
                0x080012ac        0xc CMakeFiles/test_9_14.elf.dir/Drivers/STM32F1xx_HAL_Driver/Src/stm32f1xx_hal_rcc.c.obj
                0x080012ac                HAL_RCC_GetHCLKFreq
 .text.HAL_RCC_GetPCLK1Freq
                0x080012b8       0x20 CMakeFiles/test_9_14.elf.dir/Drivers/STM32F1xx_HAL_Driver/Src/stm32f1xx_hal_rcc.c.obj
                0x080012b8                HAL_RCC_GetPCLK1Freq
 .text.HAL_RCC_GetPCLK2Freq
                0x080012d8       0x20 CMakeFiles/test_9_14.elf.dir/Drivers/STM32F1xx_HAL_Driver/Src/stm32f1xx_hal_rcc.c.obj
                0x080012d8                HAL_RCC_GetPCLK2Freq
 .text.UART_EndRxTransfer
                0x080012f8       0x32 CMakeFiles/test_9_14.elf.dir/Drivers/STM32F1xx_HAL_Driver/Src/stm32f1xx_hal_uart.c.obj
 .text.UART_Transmit_IT
                0x0800132a       0x60 CMakeFiles/test_9_14.elf.dir/Drivers/STM32F1xx_HAL_Driver/Src/stm32f1xx_hal_uart.c.obj
 *fill*         0x0800138a        0x2 
 .text.UART_SetConfig
                0x0800138c       0x94 CMakeFiles/test_9_14.elf.dir/Drivers/STM32F1xx_HAL_Driver/Src/stm32f1xx_hal_uart.c.obj
 .text.UART_WaitOnFlagUntilTimeout
                0x08001420       0x6c CMakeFiles/test_9_14.elf.dir/Drivers/STM32F1xx_HAL_Driver/Src/stm32f1xx_hal_uart.c.obj
 .text.HAL_UART_Init
                0x0800148c       0x5e CMakeFiles/test_9_14.elf.dir/Drivers/STM32F1xx_HAL_Driver/Src/stm32f1xx_hal_uart.c.obj
                0x0800148c                HAL_UART_Init
 .text.HAL_UART_Transmit
                0x080014ea       0xd8 CMakeFiles/test_9_14.elf.dir/Drivers/STM32F1xx_HAL_Driver/Src/stm32f1xx_hal_uart.c.obj
                0x080014ea                HAL_UART_Transmit
 .text.HAL_UART_Receive
                0x080015c2       0xe4 CMakeFiles/test_9_14.elf.dir/Drivers/STM32F1xx_HAL_Driver/Src/stm32f1xx_hal_uart.c.obj
                0x080015c2                HAL_UART_Receive
 .text.HAL_UART_TxCpltCallback
                0x080016a6        0x2 CMakeFiles/test_9_14.elf.dir/Drivers/STM32F1xx_HAL_Driver/Src/stm32f1xx_hal_uart.c.obj
                0x080016a6                HAL_UART_TxCpltCallback
 .text.UART_EndTransmit_IT
                0x080016a8       0x1a CMakeFiles/test_9_14.elf.dir/Drivers/STM32F1xx_HAL_Driver/Src/stm32f1xx_hal_uart.c.obj
 .text.HAL_UART_RxCpltCallback
                0x080016c2        0x2 CMakeFiles/test_9_14.elf.dir/Drivers/STM32F1xx_HAL_Driver/Src/stm32f1xx_hal_uart.c.obj
                0x080016c2                HAL_UART_RxCpltCallback
 .text.HAL_UART_ErrorCallback
                0x080016c4        0x2 CMakeFiles/test_9_14.elf.dir/Drivers/STM32F1xx_HAL_Driver/Src/stm32f1xx_hal_uart.c.obj
                0x080016c4                HAL_UART_ErrorCallback
 .text.UART_DMAAbortOnError
                0x080016c6       0x10 CMakeFiles/test_9_14.elf.dir/Drivers/STM32F1xx_HAL_Driver/Src/stm32f1xx_hal_uart.c.obj
 .text.HAL_UARTEx_RxEventCallback
                0x080016d6        0x2 CMakeFiles/test_9_14.elf.dir/Drivers/STM32F1xx_HAL_Driver/Src/stm32f1xx_hal_uart.c.obj
                0x080016d6                HAL_UARTEx_RxEventCallback
 .text.UART_Receive_IT
                0x080016d8       0xd4 CMakeFiles/test_9_14.elf.dir/Drivers/STM32F1xx_HAL_Driver/Src/stm32f1xx_hal_uart.c.obj
 .text.HAL_UART_IRQHandler
                0x080017ac      0x204 CMakeFiles/test_9_14.elf.dir/Drivers/STM32F1xx_HAL_Driver/Src/stm32f1xx_hal_uart.c.obj
                0x080017ac                HAL_UART_IRQHandler
 .text.Reset_Handler
                0x080019b0       0x48 CMakeFiles/test_9_14.elf.dir/startup/startup_stm32f103xe.s.obj
                0x080019b0                Reset_Handler
 .text.Default_Handler
                0x080019f8        0x2 CMakeFiles/test_9_14.elf.dir/startup/startup_stm32f103xe.s.obj
                0x080019f8                RTC_Alarm_IRQHandler
                0x080019f8                EXTI2_IRQHandler
                0x080019f8                TIM8_TRG_COM_IRQHandler
                0x080019f8                TIM8_CC_IRQHandler
                0x080019f8                TIM1_CC_IRQHandler
                0x080019f8                TIM6_IRQHandler
                0x080019f8                PVD_IRQHandler
                0x080019f8                SDIO_IRQHandler
                0x080019f8                EXTI3_IRQHandler
                0x080019f8                I2C2_EV_IRQHandler
                0x080019f8                ADC1_2_IRQHandler
                0x080019f8                SPI1_IRQHandler
                0x080019f8                TAMPER_IRQHandler
                0x080019f8                TIM8_UP_IRQHandler
                0x080019f8                DMA2_Channel2_IRQHandler
                0x080019f8                DMA1_Channel4_IRQHandler
                0x080019f8                USART3_IRQHandler
                0x080019f8                RTC_IRQHandler
                0x080019f8                DMA1_Channel7_IRQHandler
                0x080019f8                CAN1_RX1_IRQHandler
                0x080019f8                UART5_IRQHandler
                0x080019f8                ADC3_IRQHandler
                0x080019f8                TIM4_IRQHandler
                0x080019f8                DMA2_Channel1_IRQHandler
                0x080019f8                I2C1_EV_IRQHandler
                0x080019f8                DMA1_Channel6_IRQHandler
                0x080019f8                UART4_IRQHandler
                0x080019f8                TIM3_IRQHandler
                0x080019f8                RCC_IRQHandler
                0x080019f8                TIM1_TRG_COM_IRQHandler
                0x080019f8                DMA1_Channel1_IRQHandler
                0x080019f8                Default_Handler
                0x080019f8                TIM7_IRQHandler
                0x080019f8                TIM5_IRQHandler
                0x080019f8                EXTI9_5_IRQHandler
                0x080019f8                SPI2_IRQHandler
                0x080019f8                DMA1_Channel5_IRQHandler
                0x080019f8                EXTI4_IRQHandler
                0x080019f8                USB_LP_CAN1_RX0_IRQHandler
                0x080019f8                USB_HP_CAN1_TX_IRQHandler
                0x080019f8                DMA1_Channel3_IRQHandler
                0x080019f8                FSMC_IRQHandler
                0x080019f8                TIM1_UP_IRQHandler
                0x080019f8                WWDG_IRQHandler
                0x080019f8                TIM2_IRQHandler
                0x080019f8                TIM1_BRK_IRQHandler
                0x080019f8                EXTI1_IRQHandler
                0x080019f8                DMA2_Channel4_5_IRQHandler
                0x080019f8                USART2_IRQHandler
                0x080019f8                I2C2_ER_IRQHandler
                0x080019f8                DMA1_Channel2_IRQHandler
                0x080019f8                TIM8_BRK_IRQHandler
                0x080019f8                CAN1_SCE_IRQHandler
                0x080019f8                FLASH_IRQHandler
                0x080019f8                SPI3_IRQHandler
                0x080019f8                I2C1_ER_IRQHandler
                0x080019f8                USBWakeUp_IRQHandler
                0x080019f8                DMA2_Channel3_IRQHandler
 *fill*         0x080019fa        0x2 
 .text.__errno  0x080019fc        0xc d:/clion/gcc-arm-none-eabi-10.3-2021.10/bin/../lib/gcc/arm-none-eabi/10.3.1/../../../../arm-none-eabi/lib/thumb/v7-m/nofp\libg.a(lib_a-errno.o)
                0x080019fc                __errno
 .text.__libc_init_array
                0x08001a08       0x48 d:/clion/gcc-arm-none-eabi-10.3-2021.10/bin/../lib/gcc/arm-none-eabi/10.3.1/../../../../arm-none-eabi/lib/thumb/v7-m/nofp\libg.a(lib_a-init.o)
                0x08001a08                __libc_init_array
 .text.memset   0x08001a50       0xa4 d:/clion/gcc-arm-none-eabi-10.3-2021.10/bin/../lib/gcc/arm-none-eabi/10.3.1/../../../../arm-none-eabi/lib/thumb/v7-m/nofp\libg.a(lib_a-memset.o)
                0x08001a50                memset
 .text._puts_r  0x08001af4       0x9c d:/clion/gcc-arm-none-eabi-10.3-2021.10/bin/../lib/gcc/arm-none-eabi/10.3.1/../../../../arm-none-eabi/lib/thumb/v7-m/nofp\libg.a(lib_a-puts.o)
                0x08001af4                _puts_r
 .text.puts     0x08001b90       0x10 d:/clion/gcc-arm-none-eabi-10.3-2021.10/bin/../lib/gcc/arm-none-eabi/10.3.1/../../../../arm-none-eabi/lib/thumb/v7-m/nofp\libg.a(lib_a-puts.o)
                0x08001b90                puts
 .text.setvbuf  0x08001ba0      0x1b0 d:/clion/gcc-arm-none-eabi-10.3-2021.10/bin/../lib/gcc/arm-none-eabi/10.3.1/../../../../arm-none-eabi/lib/thumb/v7-m/nofp\libg.a(lib_a-setvbuf.o)
                0x08001ba0                setvbuf
 .text.strlen   0x08001d50       0x5c d:/clion/gcc-arm-none-eabi-10.3-2021.10/bin/../lib/gcc/arm-none-eabi/10.3.1/../../../../arm-none-eabi/lib/thumb/v7-m/nofp\libg.a(lib_a-strlen-stub.o)
                0x08001d50                strlen
 .text.startup.register_fini
                0x08001dac       0x14 d:/clion/gcc-arm-none-eabi-10.3-2021.10/bin/../lib/gcc/arm-none-eabi/10.3.1/../../../../arm-none-eabi/lib/thumb/v7-m/nofp\libg.a(lib_a-__call_atexit.o)
 .text.atexit   0x08001dc0        0xc d:/clion/gcc-arm-none-eabi-10.3-2021.10/bin/../lib/gcc/arm-none-eabi/10.3.1/../../../../arm-none-eabi/lib/thumb/v7-m/nofp\libg.a(lib_a-atexit.o)
                0x08001dc0                atexit
 .text.__sflush_r
                0x08001dcc      0x124 d:/clion/gcc-arm-none-eabi-10.3-2021.10/bin/../lib/gcc/arm-none-eabi/10.3.1/../../../../arm-none-eabi/lib/thumb/v7-m/nofp\libg.a(lib_a-fflush.o)
                0x08001dcc                __sflush_r
 .text._fflush_r
                0x08001ef0       0x5c d:/clion/gcc-arm-none-eabi-10.3-2021.10/bin/../lib/gcc/arm-none-eabi/10.3.1/../../../../arm-none-eabi/lib/thumb/v7-m/nofp\libg.a(lib_a-fflush.o)
                0x08001ef0                _fflush_r
 .text._cleanup_r
                0x08001f4c        0xc d:/clion/gcc-arm-none-eabi-10.3-2021.10/bin/../lib/gcc/arm-none-eabi/10.3.1/../../../../arm-none-eabi/lib/thumb/v7-m/nofp\libg.a(lib_a-findfp.o)
                0x08001f4c                _cleanup_r
 .text.__sinit  0x08001f58      0x10c d:/clion/gcc-arm-none-eabi-10.3-2021.10/bin/../lib/gcc/arm-none-eabi/10.3.1/../../../../arm-none-eabi/lib/thumb/v7-m/nofp\libg.a(lib_a-findfp.o)
                0x08001f58                __sinit
 .text.__sfp_lock_acquire
                0x08002064        0xc d:/clion/gcc-arm-none-eabi-10.3-2021.10/bin/../lib/gcc/arm-none-eabi/10.3.1/../../../../arm-none-eabi/lib/thumb/v7-m/nofp\libg.a(lib_a-findfp.o)
                0x08002064                __sfp_lock_acquire
 .text.__sfp_lock_release
                0x08002070        0xc d:/clion/gcc-arm-none-eabi-10.3-2021.10/bin/../lib/gcc/arm-none-eabi/10.3.1/../../../../arm-none-eabi/lib/thumb/v7-m/nofp\libg.a(lib_a-findfp.o)
                0x08002070                __sfp_lock_release
 .text.__libc_fini_array
                0x0800207c       0x2c d:/clion/gcc-arm-none-eabi-10.3-2021.10/bin/../lib/gcc/arm-none-eabi/10.3.1/../../../../arm-none-eabi/lib/thumb/v7-m/nofp\libg.a(lib_a-fini.o)
                0x0800207c                __libc_fini_array
 .text._malloc_trim_r
                0x080020a8       0xa0 d:/clion/gcc-arm-none-eabi-10.3-2021.10/bin/../lib/gcc/arm-none-eabi/10.3.1/../../../../arm-none-eabi/lib/thumb/v7-m/nofp\libg.a(lib_a-freer.o)
                0x080020a8                _malloc_trim_r
 .text._free_r  0x08002148      0x200 d:/clion/gcc-arm-none-eabi-10.3-2021.10/bin/../lib/gcc/arm-none-eabi/10.3.1/../../../../arm-none-eabi/lib/thumb/v7-m/nofp\libg.a(lib_a-freer.o)
                0x08002148                _free_r
 .text.__sfvwrite_r
                0x08002348      0x2f0 d:/clion/gcc-arm-none-eabi-10.3-2021.10/bin/../lib/gcc/arm-none-eabi/10.3.1/../../../../arm-none-eabi/lib/thumb/v7-m/nofp\libg.a(lib_a-fvwrite.o)
                0x08002348                __sfvwrite_r
 .text._fwalk_reent
                0x08002638       0x48 d:/clion/gcc-arm-none-eabi-10.3-2021.10/bin/../lib/gcc/arm-none-eabi/10.3.1/../../../../arm-none-eabi/lib/thumb/v7-m/nofp\libg.a(lib_a-fwalk.o)
                0x08002638                _fwalk_reent
 .text.__retarget_lock_init_recursive
                0x08002680        0x4 d:/clion/gcc-arm-none-eabi-10.3-2021.10/bin/../lib/gcc/arm-none-eabi/10.3.1/../../../../arm-none-eabi/lib/thumb/v7-m/nofp\libg.a(lib_a-lock.o)
                0x08002680                __retarget_lock_init_recursive
 .text.__retarget_lock_close_recursive
                0x08002684        0x4 d:/clion/gcc-arm-none-eabi-10.3-2021.10/bin/../lib/gcc/arm-none-eabi/10.3.1/../../../../arm-none-eabi/lib/thumb/v7-m/nofp\libg.a(lib_a-lock.o)
                0x08002684                __retarget_lock_close_recursive
 .text.__retarget_lock_acquire_recursive
                0x08002688        0x4 d:/clion/gcc-arm-none-eabi-10.3-2021.10/bin/../lib/gcc/arm-none-eabi/10.3.1/../../../../arm-none-eabi/lib/thumb/v7-m/nofp\libg.a(lib_a-lock.o)
                0x08002688                __retarget_lock_acquire_recursive
 .text.__retarget_lock_release_recursive
                0x0800268c        0x4 d:/clion/gcc-arm-none-eabi-10.3-2021.10/bin/../lib/gcc/arm-none-eabi/10.3.1/../../../../arm-none-eabi/lib/thumb/v7-m/nofp\libg.a(lib_a-lock.o)
                0x0800268c                __retarget_lock_release_recursive
 .text.__smakebuf_r
                0x08002690       0xe0 d:/clion/gcc-arm-none-eabi-10.3-2021.10/bin/../lib/gcc/arm-none-eabi/10.3.1/../../../../arm-none-eabi/lib/thumb/v7-m/nofp\libg.a(lib_a-makebuf.o)
                0x08002690                __smakebuf_r
 .text.__swhatbuf_r
                0x08002770       0x60 d:/clion/gcc-arm-none-eabi-10.3-2021.10/bin/../lib/gcc/arm-none-eabi/10.3.1/../../../../arm-none-eabi/lib/thumb/v7-m/nofp\libg.a(lib_a-makebuf.o)
                0x08002770                __swhatbuf_r
 .text.malloc   0x080027d0       0x10 d:/clion/gcc-arm-none-eabi-10.3-2021.10/bin/../lib/gcc/arm-none-eabi/10.3.1/../../../../arm-none-eabi/lib/thumb/v7-m/nofp\libg.a(lib_a-malloc.o)
                0x080027d0                malloc
 .text._malloc_r
                0x080027e0      0x558 d:/clion/gcc-arm-none-eabi-10.3-2021.10/bin/../lib/gcc/arm-none-eabi/10.3.1/../../../../arm-none-eabi/lib/thumb/v7-m/nofp\libg.a(lib_a-mallocr.o)
                0x080027e0                _malloc_r
 .text.memchr   0x08002d38       0x90 d:/clion/gcc-arm-none-eabi-10.3-2021.10/bin/../lib/gcc/arm-none-eabi/10.3.1/../../../../arm-none-eabi/lib/thumb/v7-m/nofp\libg.a(lib_a-memchr-stub.o)
                0x08002d38                memchr
 .text.memmove  0x08002dc8       0xf8 d:/clion/gcc-arm-none-eabi-10.3-2021.10/bin/../lib/gcc/arm-none-eabi/10.3.1/../../../../arm-none-eabi/lib/thumb/v7-m/nofp\libg.a(lib_a-memmove.o)
                0x08002dc8                memmove
 .text.__malloc_lock
                0x08002ec0        0xc d:/clion/gcc-arm-none-eabi-10.3-2021.10/bin/../lib/gcc/arm-none-eabi/10.3.1/../../../../arm-none-eabi/lib/thumb/v7-m/nofp\libg.a(lib_a-mlock.o)
                0x08002ec0                __malloc_lock
 .text.__malloc_unlock
                0x08002ecc        0xc d:/clion/gcc-arm-none-eabi-10.3-2021.10/bin/../lib/gcc/arm-none-eabi/10.3.1/../../../../arm-none-eabi/lib/thumb/v7-m/nofp\libg.a(lib_a-mlock.o)
                0x08002ecc                __malloc_unlock
 .text._realloc_r
                0x08002ed8      0x3dc d:/clion/gcc-arm-none-eabi-10.3-2021.10/bin/../lib/gcc/arm-none-eabi/10.3.1/../../../../arm-none-eabi/lib/thumb/v7-m/nofp\libg.a(lib_a-reallocr.o)
                0x08002ed8                _realloc_r
 .text._sbrk_r  0x080032b4       0x24 d:/clion/gcc-arm-none-eabi-10.3-2021.10/bin/../lib/gcc/arm-none-eabi/10.3.1/../../../../arm-none-eabi/lib/thumb/v7-m/nofp\libg.a(lib_a-sbrkr.o)
                0x080032b4                _sbrk_r
 .text.__sread  0x080032d8       0x24 d:/clion/gcc-arm-none-eabi-10.3-2021.10/bin/../lib/gcc/arm-none-eabi/10.3.1/../../../../arm-none-eabi/lib/thumb/v7-m/nofp\libg.a(lib_a-stdio.o)
                0x080032d8                __sread
 .text.__swrite
                0x080032fc       0x40 d:/clion/gcc-arm-none-eabi-10.3-2021.10/bin/../lib/gcc/arm-none-eabi/10.3.1/../../../../arm-none-eabi/lib/thumb/v7-m/nofp\libg.a(lib_a-stdio.o)
                0x080032fc                __swrite
 .text.__sseek  0x0800333c       0x20 d:/clion/gcc-arm-none-eabi-10.3-2021.10/bin/../lib/gcc/arm-none-eabi/10.3.1/../../../../arm-none-eabi/lib/thumb/v7-m/nofp\libg.a(lib_a-stdio.o)
                0x0800333c                __sseek
 .text.__sclose
                0x0800335c        0x8 d:/clion/gcc-arm-none-eabi-10.3-2021.10/bin/../lib/gcc/arm-none-eabi/10.3.1/../../../../arm-none-eabi/lib/thumb/v7-m/nofp\libg.a(lib_a-stdio.o)
                0x0800335c                __sclose
 .text._write_r
                0x08003364       0x2c d:/clion/gcc-arm-none-eabi-10.3-2021.10/bin/../lib/gcc/arm-none-eabi/10.3.1/../../../../arm-none-eabi/lib/thumb/v7-m/nofp\libg.a(lib_a-writer.o)
                0x08003364                _write_r
 .text.__swsetup_r
                0x08003390       0xd4 d:/clion/gcc-arm-none-eabi-10.3-2021.10/bin/../lib/gcc/arm-none-eabi/10.3.1/../../../../arm-none-eabi/lib/thumb/v7-m/nofp\libg.a(lib_a-wsetup.o)
                0x08003390                __swsetup_r
 .text.__register_exitproc
                0x08003464       0x8c d:/clion/gcc-arm-none-eabi-10.3-2021.10/bin/../lib/gcc/arm-none-eabi/10.3.1/../../../../arm-none-eabi/lib/thumb/v7-m/nofp\libg.a(lib_a-__atexit.o)
                0x08003464                __register_exitproc
 .text._close_r
                0x080034f0       0x24 d:/clion/gcc-arm-none-eabi-10.3-2021.10/bin/../lib/gcc/arm-none-eabi/10.3.1/../../../../arm-none-eabi/lib/thumb/v7-m/nofp\libg.a(lib_a-closer.o)
                0x080034f0                _close_r
 .text._fclose_r
                0x08003514       0xcc d:/clion/gcc-arm-none-eabi-10.3-2021.10/bin/../lib/gcc/arm-none-eabi/10.3.1/../../../../arm-none-eabi/lib/thumb/v7-m/nofp\libg.a(lib_a-fclose.o)
                0x08003514                _fclose_r
 .text._fstat_r
                0x080035e0       0x28 d:/clion/gcc-arm-none-eabi-10.3-2021.10/bin/../lib/gcc/arm-none-eabi/10.3.1/../../../../arm-none-eabi/lib/thumb/v7-m/nofp\libg.a(lib_a-fstatr.o)
                0x080035e0                _fstat_r
 .text._isatty_r
                0x08003608       0x24 d:/clion/gcc-arm-none-eabi-10.3-2021.10/bin/../lib/gcc/arm-none-eabi/10.3.1/../../../../arm-none-eabi/lib/thumb/v7-m/nofp\libg.a(lib_a-isattyr.o)
                0x08003608                _isatty_r
 .text._lseek_r
                0x0800362c       0x2c d:/clion/gcc-arm-none-eabi-10.3-2021.10/bin/../lib/gcc/arm-none-eabi/10.3.1/../../../../arm-none-eabi/lib/thumb/v7-m/nofp\libg.a(lib_a-lseekr.o)
                0x0800362c                _lseek_r
 .text._read_r  0x08003658       0x2c d:/clion/gcc-arm-none-eabi-10.3-2021.10/bin/../lib/gcc/arm-none-eabi/10.3.1/../../../../arm-none-eabi/lib/thumb/v7-m/nofp\libg.a(lib_a-readr.o)
                0x08003658                _read_r
 *(.glue_7)
 .glue_7        0x08003684        0x0 linker stubs
 *(.glue_7t)
 .glue_7t       0x08003684        0x0 linker stubs
 *(.eh_frame)
 .eh_frame      0x08003684        0x0 d:/clion/gcc-arm-none-eabi-10.3-2021.10/bin/../lib/gcc/arm-none-eabi/10.3.1/thumb/v7-m/nofp/crtbegin.o
 *(.init)
 .init          0x08003684        0x4 d:/clion/gcc-arm-none-eabi-10.3-2021.10/bin/../lib/gcc/arm-none-eabi/10.3.1/thumb/v7-m/nofp/crti.o
                0x08003684                _init
 .init          0x08003688        0x8 d:/clion/gcc-arm-none-eabi-10.3-2021.10/bin/../lib/gcc/arm-none-eabi/10.3.1/thumb/v7-m/nofp/crtn.o
 *(.fini)
 .fini          0x08003690        0x4 d:/clion/gcc-arm-none-eabi-10.3-2021.10/bin/../lib/gcc/arm-none-eabi/10.3.1/thumb/v7-m/nofp/crti.o
                0x08003690                _fini
 .fini          0x08003694        0x8 d:/clion/gcc-arm-none-eabi-10.3-2021.10/bin/../lib/gcc/arm-none-eabi/10.3.1/thumb/v7-m/nofp/crtn.o
                0x0800369c                . = ALIGN (0x4)
                0x0800369c                _etext = .

.vfp11_veneer   0x0800369c        0x0
 .vfp11_veneer  0x0800369c        0x0 linker stubs

.v4_bx          0x0800369c        0x0
 .v4_bx         0x0800369c        0x0 linker stubs

.iplt           0x0800369c        0x0
 .iplt          0x0800369c        0x0 d:/clion/gcc-arm-none-eabi-10.3-2021.10/bin/../lib/gcc/arm-none-eabi/10.3.1/thumb/v7-m/nofp/crtbegin.o

.rodata         0x0800369c       0x74
                0x0800369c                . = ALIGN (0x4)
 *(.rodata)
 *(.rodata*)
 .rodata.main.str1.4
                0x0800369c        0xe CMakeFiles/test_9_14.elf.dir/Core/Src/main.c.obj
 *fill*         0x080036aa        0x2 
 .rodata.EXTI0_IRQHandler.str1.4
                0x080036ac       0x15 CMakeFiles/test_9_14.elf.dir/Core/Src/stm32f1xx_it.c.obj
 *fill*         0x080036c1        0x3 
 .rodata.EXTI15_10_IRQHandler.str1.4
                0x080036c4       0x15 CMakeFiles/test_9_14.elf.dir/Core/Src/stm32f1xx_it.c.obj
 *fill*         0x080036d9        0x3 
 .rodata.AHBPrescTable
                0x080036dc       0x10 CMakeFiles/test_9_14.elf.dir/Core/Src/system_stm32f1xx.c.obj
                0x080036dc                AHBPrescTable
 .rodata.APBPrescTable
                0x080036ec        0x8 CMakeFiles/test_9_14.elf.dir/Core/Src/system_stm32f1xx.c.obj
                0x080036ec                APBPrescTable
 .rodata.HAL_RCC_GetSysClockFreq.str1.4
                0x080036f4       0x11 CMakeFiles/test_9_14.elf.dir/Drivers/STM32F1xx_HAL_Driver/Src/stm32f1xx_hal_rcc.c.obj
 *fill*         0x08003705        0x3 
 .rodata._global_impure_ptr
                0x08003708        0x4 d:/clion/gcc-arm-none-eabi-10.3-2021.10/bin/../lib/gcc/arm-none-eabi/10.3.1/../../../../arm-none-eabi/lib/thumb/v7-m/nofp\libg.a(lib_a-impure.o)
                0x08003708                _global_impure_ptr
 .rodata._puts_r.str1.4
                0x0800370c        0x2 d:/clion/gcc-arm-none-eabi-10.3-2021.10/bin/../lib/gcc/arm-none-eabi/10.3.1/../../../../arm-none-eabi/lib/thumb/v7-m/nofp\libg.a(lib_a-puts.o)
                0x08003710                . = ALIGN (0x4)
 *fill*         0x0800370e        0x2 

.rel.dyn        0x08003710        0x0
 .rel.iplt      0x08003710        0x0 d:/clion/gcc-arm-none-eabi-10.3-2021.10/bin/../lib/gcc/arm-none-eabi/10.3.1/thumb/v7-m/nofp/crtbegin.o

.ARM.extab
 *(.ARM.extab* .gnu.linkonce.armextab.*)

.ARM            0x08003710        0x0
                0x08003710                __exidx_start = .
 *(.ARM.exidx*)
                0x08003710                __exidx_end = .

.preinit_array  0x08003710        0x0
                0x08003710                PROVIDE (__preinit_array_start = .)
 *(.preinit_array*)
                0x08003710                PROVIDE (__preinit_array_end = .)

.init_array     0x08003710        0x8
                0x08003710                PROVIDE (__init_array_start = .)
 *(SORT_BY_NAME(.init_array.*))
 .init_array.00000
                0x08003710        0x4 d:/clion/gcc-arm-none-eabi-10.3-2021.10/bin/../lib/gcc/arm-none-eabi/10.3.1/../../../../arm-none-eabi/lib/thumb/v7-m/nofp\libg.a(lib_a-__call_atexit.o)
 *(.init_array*)
 .init_array    0x08003714        0x4 d:/clion/gcc-arm-none-eabi-10.3-2021.10/bin/../lib/gcc/arm-none-eabi/10.3.1/thumb/v7-m/nofp/crtbegin.o
                0x08003718                PROVIDE (__init_array_end = .)

.fini_array     0x08003718        0x4
                0x08003718                PROVIDE (__fini_array_start = .)
 *(SORT_BY_NAME(.fini_array.*))
 *(.fini_array*)
 .fini_array    0x08003718        0x4 d:/clion/gcc-arm-none-eabi-10.3-2021.10/bin/../lib/gcc/arm-none-eabi/10.3.1/thumb/v7-m/nofp/crtbegin.o
                0x0800371c                PROVIDE (__fini_array_end = .)
                0x0800371c                _sidata = LOADADDR (.data)

.data           0x20000000      0x84c load address 0x0800371c
                0x20000000                . = ALIGN (0x4)
                0x20000000                _sdata = .
 *(.data)
 *(.data*)
 .data.SystemCoreClock
                0x20000000        0x4 CMakeFiles/test_9_14.elf.dir/Core/Src/system_stm32f1xx.c.obj
                0x20000000                SystemCoreClock
 .data.uwTickFreq
                0x20000004        0x1 CMakeFiles/test_9_14.elf.dir/Drivers/STM32F1xx_HAL_Driver/Src/stm32f1xx_hal.c.obj
                0x20000004                uwTickFreq
 *fill*         0x20000005        0x3 
 .data.uwTickPrio
                0x20000008        0x4 CMakeFiles/test_9_14.elf.dir/Drivers/STM32F1xx_HAL_Driver/Src/stm32f1xx_hal.c.obj
                0x20000008                uwTickPrio
 .data._impure_ptr
                0x2000000c        0x4 d:/clion/gcc-arm-none-eabi-10.3-2021.10/bin/../lib/gcc/arm-none-eabi/10.3.1/../../../../arm-none-eabi/lib/thumb/v7-m/nofp\libg.a(lib_a-impure.o)
                0x2000000c                _impure_ptr
 .data.impure_data
                0x20000010      0x428 d:/clion/gcc-arm-none-eabi-10.3-2021.10/bin/../lib/gcc/arm-none-eabi/10.3.1/../../../../arm-none-eabi/lib/thumb/v7-m/nofp\libg.a(lib_a-impure.o)
 .data.__atexit_recursive_mutex
                0x20000438        0x4 d:/clion/gcc-arm-none-eabi-10.3-2021.10/bin/../lib/gcc/arm-none-eabi/10.3.1/../../../../arm-none-eabi/lib/thumb/v7-m/nofp\libg.a(lib_a-__call_atexit.o)
                0x20000438                __atexit_recursive_mutex
 .data.__malloc_av_
                0x2000043c      0x408 d:/clion/gcc-arm-none-eabi-10.3-2021.10/bin/../lib/gcc/arm-none-eabi/10.3.1/../../../../arm-none-eabi/lib/thumb/v7-m/nofp\libg.a(lib_a-mallocr.o)
                0x2000043c                __malloc_av_
 .data.__malloc_sbrk_base
                0x20000844        0x4 d:/clion/gcc-arm-none-eabi-10.3-2021.10/bin/../lib/gcc/arm-none-eabi/10.3.1/../../../../arm-none-eabi/lib/thumb/v7-m/nofp\libg.a(lib_a-mallocr.o)
                0x20000844                __malloc_sbrk_base
 .data.__malloc_trim_threshold
                0x20000848        0x4 d:/clion/gcc-arm-none-eabi-10.3-2021.10/bin/../lib/gcc/arm-none-eabi/10.3.1/../../../../arm-none-eabi/lib/thumb/v7-m/nofp\libg.a(lib_a-mallocr.o)
                0x20000848                __malloc_trim_threshold
                0x2000084c                . = ALIGN (0x4)
                0x2000084c                _edata = .

.igot.plt       0x2000084c        0x0 load address 0x08003f68
 .igot.plt      0x2000084c        0x0 d:/clion/gcc-arm-none-eabi-10.3-2021.10/bin/../lib/gcc/arm-none-eabi/10.3.1/thumb/v7-m/nofp/crtbegin.o
                0x2000084c                . = ALIGN (0x4)

.bss            0x2000084c       0xb8 load address 0x08003f68
                0x2000084c                _sbss = .
                0x2000084c                __bss_start__ = _sbss
 *(.bss)
 .bss           0x2000084c       0x1c d:/clion/gcc-arm-none-eabi-10.3-2021.10/bin/../lib/gcc/arm-none-eabi/10.3.1/thumb/v7-m/nofp/crtbegin.o
 *(.bss*)
 .bss.huart1    0x20000868       0x44 CMakeFiles/test_9_14.elf.dir/Core/Src/main.c.obj
                0x20000868                huart1
 .bss.gHuart    0x200008ac        0x4 CMakeFiles/test_9_14.elf.dir/Core/Src/retarget.c.obj
                0x200008ac                gHuart
 .bss.count     0x200008b0        0x2 CMakeFiles/test_9_14.elf.dir/Core/Src/stm32f1xx_it.c.obj
                0x200008b0                count
 *fill*         0x200008b2        0x2 
 .bss.heap_end.0
                0x200008b4        0x4 CMakeFiles/test_9_14.elf.dir/Core/Src/syscalls.c.obj
 .bss.uwTick    0x200008b8        0x4 CMakeFiles/test_9_14.elf.dir/Drivers/STM32F1xx_HAL_Driver/Src/stm32f1xx_hal.c.obj
                0x200008b8                uwTick
 .bss.__lock___atexit_recursive_mutex
                0x200008bc        0x1 d:/clion/gcc-arm-none-eabi-10.3-2021.10/bin/../lib/gcc/arm-none-eabi/10.3.1/../../../../arm-none-eabi/lib/thumb/v7-m/nofp\libg.a(lib_a-lock.o)
                0x200008bc                __lock___atexit_recursive_mutex
 *fill*         0x200008bd        0x3 
 .bss.__lock___malloc_recursive_mutex
                0x200008c0        0x1 d:/clion/gcc-arm-none-eabi-10.3-2021.10/bin/../lib/gcc/arm-none-eabi/10.3.1/../../../../arm-none-eabi/lib/thumb/v7-m/nofp\libg.a(lib_a-lock.o)
                0x200008c0                __lock___malloc_recursive_mutex
 *fill*         0x200008c1        0x3 
 .bss.__lock___sfp_recursive_mutex
                0x200008c4        0x1 d:/clion/gcc-arm-none-eabi-10.3-2021.10/bin/../lib/gcc/arm-none-eabi/10.3.1/../../../../arm-none-eabi/lib/thumb/v7-m/nofp\libg.a(lib_a-lock.o)
                0x200008c4                __lock___sfp_recursive_mutex
 *fill*         0x200008c5        0x3 
 .bss.__lock___sinit_recursive_mutex
                0x200008c8        0x1 d:/clion/gcc-arm-none-eabi-10.3-2021.10/bin/../lib/gcc/arm-none-eabi/10.3.1/../../../../arm-none-eabi/lib/thumb/v7-m/nofp\libg.a(lib_a-lock.o)
                0x200008c8                __lock___sinit_recursive_mutex
 *fill*         0x200008c9        0x3 
 .bss.__malloc_current_mallinfo
                0x200008cc       0x28 d:/clion/gcc-arm-none-eabi-10.3-2021.10/bin/../lib/gcc/arm-none-eabi/10.3.1/../../../../arm-none-eabi/lib/thumb/v7-m/nofp\libg.a(lib_a-mallocr.o)
                0x200008cc                __malloc_current_mallinfo
 .bss.__malloc_max_sbrked_mem
                0x200008f4        0x4 d:/clion/gcc-arm-none-eabi-10.3-2021.10/bin/../lib/gcc/arm-none-eabi/10.3.1/../../../../arm-none-eabi/lib/thumb/v7-m/nofp\libg.a(lib_a-mallocr.o)
                0x200008f4                __malloc_max_sbrked_mem
 .bss.__malloc_max_total_mem
                0x200008f8        0x4 d:/clion/gcc-arm-none-eabi-10.3-2021.10/bin/../lib/gcc/arm-none-eabi/10.3.1/../../../../arm-none-eabi/lib/thumb/v7-m/nofp\libg.a(lib_a-mallocr.o)
                0x200008f8                __malloc_max_total_mem
 .bss.__malloc_top_pad
                0x200008fc        0x4 d:/clion/gcc-arm-none-eabi-10.3-2021.10/bin/../lib/gcc/arm-none-eabi/10.3.1/../../../../arm-none-eabi/lib/thumb/v7-m/nofp\libg.a(lib_a-mallocr.o)
                0x200008fc                __malloc_top_pad
 .bss.errno     0x20000900        0x4 d:/clion/gcc-arm-none-eabi-10.3-2021.10/bin/../lib/gcc/arm-none-eabi/10.3.1/../../../../arm-none-eabi/lib/thumb/v7-m/nofp\libg.a(lib_a-reent.o)
                0x20000900                errno
 *(COMMON)
                0x20000904                . = ALIGN (0x4)
                0x20000904                _ebss = .
                0x20000904                __bss_end__ = _ebss

._user_heap_stack
                0x20000904      0x604 load address 0x08003f68
                0x20000908                . = ALIGN (0x8)
 *fill*         0x20000904        0x4 
                0x20000908                PROVIDE (end = .)
                [!provide]                PROVIDE (_end = .)
                0x20000b08                . = (. + _Min_Heap_Size)
 *fill*         0x20000908      0x200 
                0x20000f08                . = (. + _Min_Stack_Size)
 *fill*         0x20000b08      0x400 
                0x20000f08                . = ALIGN (0x8)

/DISCARD/
 libc.a(*)
 libm.a(*)
 libgcc.a(*)

.ARM.attributes
                0x00000000       0x29
 *(.ARM.attributes)
 .ARM.attributes
                0x00000000       0x1d d:/clion/gcc-arm-none-eabi-10.3-2021.10/bin/../lib/gcc/arm-none-eabi/10.3.1/thumb/v7-m/nofp/crti.o
 .ARM.attributes
                0x0000001d       0x2d d:/clion/gcc-arm-none-eabi-10.3-2021.10/bin/../lib/gcc/arm-none-eabi/10.3.1/thumb/v7-m/nofp/crtbegin.o
 .ARM.attributes
                0x0000004a       0x2d CMakeFiles/test_9_14.elf.dir/Core/Src/main.c.obj
 .ARM.attributes
                0x00000077       0x2d CMakeFiles/test_9_14.elf.dir/Core/Src/retarget.c.obj
 .ARM.attributes
                0x000000a4       0x2d CMakeFiles/test_9_14.elf.dir/Core/Src/stm32f1xx_hal_msp.c.obj
 .ARM.attributes
                0x000000d1       0x2d CMakeFiles/test_9_14.elf.dir/Core/Src/stm32f1xx_it.c.obj
 .ARM.attributes
                0x000000fe       0x2d CMakeFiles/test_9_14.elf.dir/Core/Src/syscalls.c.obj
 .ARM.attributes
                0x0000012b       0x2d CMakeFiles/test_9_14.elf.dir/Core/Src/system_stm32f1xx.c.obj
 .ARM.attributes
                0x00000158       0x2d CMakeFiles/test_9_14.elf.dir/Drivers/STM32F1xx_HAL_Driver/Src/stm32f1xx_hal.c.obj
 .ARM.attributes
                0x00000185       0x2d CMakeFiles/test_9_14.elf.dir/Drivers/STM32F1xx_HAL_Driver/Src/stm32f1xx_hal_cortex.c.obj
 .ARM.attributes
                0x000001b2       0x2d CMakeFiles/test_9_14.elf.dir/Drivers/STM32F1xx_HAL_Driver/Src/stm32f1xx_hal_dma.c.obj
 .ARM.attributes
                0x000001df       0x2d CMakeFiles/test_9_14.elf.dir/Drivers/STM32F1xx_HAL_Driver/Src/stm32f1xx_hal_gpio.c.obj
 .ARM.attributes
                0x0000020c       0x2d CMakeFiles/test_9_14.elf.dir/Drivers/STM32F1xx_HAL_Driver/Src/stm32f1xx_hal_rcc.c.obj
 .ARM.attributes
                0x00000239       0x2d CMakeFiles/test_9_14.elf.dir/Drivers/STM32F1xx_HAL_Driver/Src/stm32f1xx_hal_uart.c.obj
 .ARM.attributes
                0x00000266       0x21 CMakeFiles/test_9_14.elf.dir/startup/startup_stm32f103xe.s.obj
 .ARM.attributes
                0x00000287       0x2d d:/clion/gcc-arm-none-eabi-10.3-2021.10/bin/../lib/gcc/arm-none-eabi/10.3.1/../../../../arm-none-eabi/lib/thumb/v7-m/nofp\libg.a(lib_a-errno.o)
 .ARM.attributes
                0x000002b4       0x2d d:/clion/gcc-arm-none-eabi-10.3-2021.10/bin/../lib/gcc/arm-none-eabi/10.3.1/../../../../arm-none-eabi/lib/thumb/v7-m/nofp\libg.a(lib_a-impure.o)
 .ARM.attributes
                0x000002e1       0x2d d:/clion/gcc-arm-none-eabi-10.3-2021.10/bin/../lib/gcc/arm-none-eabi/10.3.1/../../../../arm-none-eabi/lib/thumb/v7-m/nofp\libg.a(lib_a-init.o)
 .ARM.attributes
                0x0000030e       0x2d d:/clion/gcc-arm-none-eabi-10.3-2021.10/bin/../lib/gcc/arm-none-eabi/10.3.1/../../../../arm-none-eabi/lib/thumb/v7-m/nofp\libg.a(lib_a-memset.o)
 .ARM.attributes
                0x0000033b       0x2d d:/clion/gcc-arm-none-eabi-10.3-2021.10/bin/../lib/gcc/arm-none-eabi/10.3.1/../../../../arm-none-eabi/lib/thumb/v7-m/nofp\libg.a(lib_a-puts.o)
 .ARM.attributes
                0x00000368       0x2d d:/clion/gcc-arm-none-eabi-10.3-2021.10/bin/../lib/gcc/arm-none-eabi/10.3.1/../../../../arm-none-eabi/lib/thumb/v7-m/nofp\libg.a(lib_a-setvbuf.o)
 .ARM.attributes
                0x00000395       0x2d d:/clion/gcc-arm-none-eabi-10.3-2021.10/bin/../lib/gcc/arm-none-eabi/10.3.1/../../../../arm-none-eabi/lib/thumb/v7-m/nofp\libg.a(lib_a-strlen-stub.o)
 .ARM.attributes
                0x000003c2       0x2d d:/clion/gcc-arm-none-eabi-10.3-2021.10/bin/../lib/gcc/arm-none-eabi/10.3.1/../../../../arm-none-eabi/lib/thumb/v7-m/nofp\libg.a(lib_a-__call_atexit.o)
 .ARM.attributes
                0x000003ef       0x2d d:/clion/gcc-arm-none-eabi-10.3-2021.10/bin/../lib/gcc/arm-none-eabi/10.3.1/../../../../arm-none-eabi/lib/thumb/v7-m/nofp\libg.a(lib_a-atexit.o)
 .ARM.attributes
                0x0000041c       0x2d d:/clion/gcc-arm-none-eabi-10.3-2021.10/bin/../lib/gcc/arm-none-eabi/10.3.1/../../../../arm-none-eabi/lib/thumb/v7-m/nofp\libg.a(lib_a-fflush.o)
 .ARM.attributes
                0x00000449       0x2d d:/clion/gcc-arm-none-eabi-10.3-2021.10/bin/../lib/gcc/arm-none-eabi/10.3.1/../../../../arm-none-eabi/lib/thumb/v7-m/nofp\libg.a(lib_a-findfp.o)
 .ARM.attributes
                0x00000476       0x2d d:/clion/gcc-arm-none-eabi-10.3-2021.10/bin/../lib/gcc/arm-none-eabi/10.3.1/../../../../arm-none-eabi/lib/thumb/v7-m/nofp\libg.a(lib_a-fini.o)
 .ARM.attributes
                0x000004a3       0x2d d:/clion/gcc-arm-none-eabi-10.3-2021.10/bin/../lib/gcc/arm-none-eabi/10.3.1/../../../../arm-none-eabi/lib/thumb/v7-m/nofp\libg.a(lib_a-freer.o)
 .ARM.attributes
                0x000004d0       0x2d d:/clion/gcc-arm-none-eabi-10.3-2021.10/bin/../lib/gcc/arm-none-eabi/10.3.1/../../../../arm-none-eabi/lib/thumb/v7-m/nofp\libg.a(lib_a-fvwrite.o)
 .ARM.attributes
                0x000004fd       0x2d d:/clion/gcc-arm-none-eabi-10.3-2021.10/bin/../lib/gcc/arm-none-eabi/10.3.1/../../../../arm-none-eabi/lib/thumb/v7-m/nofp\libg.a(lib_a-fwalk.o)
 .ARM.attributes
                0x0000052a       0x2d d:/clion/gcc-arm-none-eabi-10.3-2021.10/bin/../lib/gcc/arm-none-eabi/10.3.1/../../../../arm-none-eabi/lib/thumb/v7-m/nofp\libg.a(lib_a-lock.o)
 .ARM.attributes
                0x00000557       0x2d d:/clion/gcc-arm-none-eabi-10.3-2021.10/bin/../lib/gcc/arm-none-eabi/10.3.1/../../../../arm-none-eabi/lib/thumb/v7-m/nofp\libg.a(lib_a-makebuf.o)
 .ARM.attributes
                0x00000584       0x2d d:/clion/gcc-arm-none-eabi-10.3-2021.10/bin/../lib/gcc/arm-none-eabi/10.3.1/../../../../arm-none-eabi/lib/thumb/v7-m/nofp\libg.a(lib_a-malloc.o)
 .ARM.attributes
                0x000005b1       0x2d d:/clion/gcc-arm-none-eabi-10.3-2021.10/bin/../lib/gcc/arm-none-eabi/10.3.1/../../../../arm-none-eabi/lib/thumb/v7-m/nofp\libg.a(lib_a-mallocr.o)
 .ARM.attributes
                0x000005de       0x2d d:/clion/gcc-arm-none-eabi-10.3-2021.10/bin/../lib/gcc/arm-none-eabi/10.3.1/../../../../arm-none-eabi/lib/thumb/v7-m/nofp\libg.a(lib_a-memchr-stub.o)
 .ARM.attributes
                0x0000060b       0x1b d:/clion/gcc-arm-none-eabi-10.3-2021.10/bin/../lib/gcc/arm-none-eabi/10.3.1/../../../../arm-none-eabi/lib/thumb/v7-m/nofp\libg.a(lib_a-memcpy.o)
 .ARM.attributes
                0x00000626       0x2d d:/clion/gcc-arm-none-eabi-10.3-2021.10/bin/../lib/gcc/arm-none-eabi/10.3.1/../../../../arm-none-eabi/lib/thumb/v7-m/nofp\libg.a(lib_a-memmove.o)
 .ARM.attributes
                0x00000653       0x2d d:/clion/gcc-arm-none-eabi-10.3-2021.10/bin/../lib/gcc/arm-none-eabi/10.3.1/../../../../arm-none-eabi/lib/thumb/v7-m/nofp\libg.a(lib_a-mlock.o)
 .ARM.attributes
                0x00000680       0x2d d:/clion/gcc-arm-none-eabi-10.3-2021.10/bin/../lib/gcc/arm-none-eabi/10.3.1/../../../../arm-none-eabi/lib/thumb/v7-m/nofp\libg.a(lib_a-reallocr.o)
 .ARM.attributes
                0x000006ad       0x2d d:/clion/gcc-arm-none-eabi-10.3-2021.10/bin/../lib/gcc/arm-none-eabi/10.3.1/../../../../arm-none-eabi/lib/thumb/v7-m/nofp\libg.a(lib_a-sbrkr.o)
 .ARM.attributes
                0x000006da       0x2d d:/clion/gcc-arm-none-eabi-10.3-2021.10/bin/../lib/gcc/arm-none-eabi/10.3.1/../../../../arm-none-eabi/lib/thumb/v7-m/nofp\libg.a(lib_a-stdio.o)
 .ARM.attributes
                0x00000707       0x2d d:/clion/gcc-arm-none-eabi-10.3-2021.10/bin/../lib/gcc/arm-none-eabi/10.3.1/../../../../arm-none-eabi/lib/thumb/v7-m/nofp\libg.a(lib_a-writer.o)
 .ARM.attributes
                0x00000734       0x2d d:/clion/gcc-arm-none-eabi-10.3-2021.10/bin/../lib/gcc/arm-none-eabi/10.3.1/../../../../arm-none-eabi/lib/thumb/v7-m/nofp\libg.a(lib_a-wsetup.o)
 .ARM.attributes
                0x00000761       0x2d d:/clion/gcc-arm-none-eabi-10.3-2021.10/bin/../lib/gcc/arm-none-eabi/10.3.1/../../../../arm-none-eabi/lib/thumb/v7-m/nofp\libg.a(lib_a-__atexit.o)
 .ARM.attributes
                0x0000078e       0x2d d:/clion/gcc-arm-none-eabi-10.3-2021.10/bin/../lib/gcc/arm-none-eabi/10.3.1/../../../../arm-none-eabi/lib/thumb/v7-m/nofp\libg.a(lib_a-closer.o)
 .ARM.attributes
                0x000007bb       0x2d d:/clion/gcc-arm-none-eabi-10.3-2021.10/bin/../lib/gcc/arm-none-eabi/10.3.1/../../../../arm-none-eabi/lib/thumb/v7-m/nofp\libg.a(lib_a-fclose.o)
 .ARM.attributes
                0x000007e8       0x2d d:/clion/gcc-arm-none-eabi-10.3-2021.10/bin/../lib/gcc/arm-none-eabi/10.3.1/../../../../arm-none-eabi/lib/thumb/v7-m/nofp\libg.a(lib_a-fstatr.o)
 .ARM.attributes
                0x00000815       0x2d d:/clion/gcc-arm-none-eabi-10.3-2021.10/bin/../lib/gcc/arm-none-eabi/10.3.1/../../../../arm-none-eabi/lib/thumb/v7-m/nofp\libg.a(lib_a-isattyr.o)
 .ARM.attributes
                0x00000842       0x2d d:/clion/gcc-arm-none-eabi-10.3-2021.10/bin/../lib/gcc/arm-none-eabi/10.3.1/../../../../arm-none-eabi/lib/thumb/v7-m/nofp\libg.a(lib_a-lseekr.o)
 .ARM.attributes
                0x0000086f       0x2d d:/clion/gcc-arm-none-eabi-10.3-2021.10/bin/../lib/gcc/arm-none-eabi/10.3.1/../../../../arm-none-eabi/lib/thumb/v7-m/nofp\libg.a(lib_a-readr.o)
 .ARM.attributes
                0x0000089c       0x2d d:/clion/gcc-arm-none-eabi-10.3-2021.10/bin/../lib/gcc/arm-none-eabi/10.3.1/../../../../arm-none-eabi/lib/thumb/v7-m/nofp\libg.a(lib_a-reent.o)
 .ARM.attributes
                0x000008c9       0x1d d:/clion/gcc-arm-none-eabi-10.3-2021.10/bin/../lib/gcc/arm-none-eabi/10.3.1/thumb/v7-m/nofp/crtn.o
OUTPUT(test_9_14.elf elf32-littlearm)
LOAD linker stubs
LOAD d:/clion/gcc-arm-none-eabi-10.3-2021.10/bin/../lib/gcc/arm-none-eabi/10.3.1/../../../../arm-none-eabi/lib/thumb/v7-m/nofp\libc.a
LOAD d:/clion/gcc-arm-none-eabi-10.3-2021.10/bin/../lib/gcc/arm-none-eabi/10.3.1/../../../../arm-none-eabi/lib/thumb/v7-m/nofp\libm.a
LOAD d:/clion/gcc-arm-none-eabi-10.3-2021.10/bin/../lib/gcc/arm-none-eabi/10.3.1/thumb/v7-m/nofp\libgcc.a

.debug_info     0x00000000     0x86e4
 .debug_info    0x00000000      0xcec CMakeFiles/test_9_14.elf.dir/Core/Src/main.c.obj
 .debug_info    0x00000cec     0x12a7 CMakeFiles/test_9_14.elf.dir/Core/Src/retarget.c.obj
 .debug_info    0x00001f93      0xa9b CMakeFiles/test_9_14.elf.dir/Core/Src/stm32f1xx_hal_msp.c.obj
 .debug_info    0x00002a2e      0x788 CMakeFiles/test_9_14.elf.dir/Core/Src/stm32f1xx_it.c.obj
 .debug_info    0x000031b6      0x750 CMakeFiles/test_9_14.elf.dir/Core/Src/syscalls.c.obj
 .debug_info    0x00003906      0x248 CMakeFiles/test_9_14.elf.dir/Core/Src/system_stm32f1xx.c.obj
 .debug_info    0x00003b4e      0x80e CMakeFiles/test_9_14.elf.dir/Drivers/STM32F1xx_HAL_Driver/Src/stm32f1xx_hal.c.obj
 .debug_info    0x0000435c      0xdf0 CMakeFiles/test_9_14.elf.dir/Drivers/STM32F1xx_HAL_Driver/Src/stm32f1xx_hal_cortex.c.obj
 .debug_info    0x0000514c      0x846 CMakeFiles/test_9_14.elf.dir/Drivers/STM32F1xx_HAL_Driver/Src/stm32f1xx_hal_dma.c.obj
 .debug_info    0x00005992      0x66f CMakeFiles/test_9_14.elf.dir/Drivers/STM32F1xx_HAL_Driver/Src/stm32f1xx_hal_gpio.c.obj
 .debug_info    0x00006001      0xa36 CMakeFiles/test_9_14.elf.dir/Drivers/STM32F1xx_HAL_Driver/Src/stm32f1xx_hal_rcc.c.obj
 .debug_info    0x00006a37     0x1c8b CMakeFiles/test_9_14.elf.dir/Drivers/STM32F1xx_HAL_Driver/Src/stm32f1xx_hal_uart.c.obj
 .debug_info    0x000086c2       0x22 CMakeFiles/test_9_14.elf.dir/startup/startup_stm32f103xe.s.obj

.debug_abbrev   0x00000000     0x197c
 .debug_abbrev  0x00000000      0x217 CMakeFiles/test_9_14.elf.dir/Core/Src/main.c.obj
 .debug_abbrev  0x00000217      0x2b4 CMakeFiles/test_9_14.elf.dir/Core/Src/retarget.c.obj
 .debug_abbrev  0x000004cb      0x1cc CMakeFiles/test_9_14.elf.dir/Core/Src/stm32f1xx_hal_msp.c.obj
 .debug_abbrev  0x00000697      0x1af CMakeFiles/test_9_14.elf.dir/Core/Src/stm32f1xx_it.c.obj
 .debug_abbrev  0x00000846      0x1da CMakeFiles/test_9_14.elf.dir/Core/Src/syscalls.c.obj
 .debug_abbrev  0x00000a20      0x13e CMakeFiles/test_9_14.elf.dir/Core/Src/system_stm32f1xx.c.obj
 .debug_abbrev  0x00000b5e      0x1f4 CMakeFiles/test_9_14.elf.dir/Drivers/STM32F1xx_HAL_Driver/Src/stm32f1xx_hal.c.obj
 .debug_abbrev  0x00000d52      0x341 CMakeFiles/test_9_14.elf.dir/Drivers/STM32F1xx_HAL_Driver/Src/stm32f1xx_hal_cortex.c.obj
 .debug_abbrev  0x00001093      0x223 CMakeFiles/test_9_14.elf.dir/Drivers/STM32F1xx_HAL_Driver/Src/stm32f1xx_hal_dma.c.obj
 .debug_abbrev  0x000012b6      0x1e6 CMakeFiles/test_9_14.elf.dir/Drivers/STM32F1xx_HAL_Driver/Src/stm32f1xx_hal_gpio.c.obj
 .debug_abbrev  0x0000149c      0x27a CMakeFiles/test_9_14.elf.dir/Drivers/STM32F1xx_HAL_Driver/Src/stm32f1xx_hal_rcc.c.obj
 .debug_abbrev  0x00001716      0x254 CMakeFiles/test_9_14.elf.dir/Drivers/STM32F1xx_HAL_Driver/Src/stm32f1xx_hal_uart.c.obj
 .debug_abbrev  0x0000196a       0x12 CMakeFiles/test_9_14.elf.dir/startup/startup_stm32f103xe.s.obj

.debug_aranges  0x00000000      0x6f0
 .debug_aranges
                0x00000000       0x40 CMakeFiles/test_9_14.elf.dir/Core/Src/main.c.obj
 .debug_aranges
                0x00000040       0x50 CMakeFiles/test_9_14.elf.dir/Core/Src/retarget.c.obj
 .debug_aranges
                0x00000090       0x30 CMakeFiles/test_9_14.elf.dir/Core/Src/stm32f1xx_hal_msp.c.obj
 .debug_aranges
                0x000000c0       0x78 CMakeFiles/test_9_14.elf.dir/Core/Src/stm32f1xx_it.c.obj
 .debug_aranges
                0x00000138       0x90 CMakeFiles/test_9_14.elf.dir/Core/Src/syscalls.c.obj
 .debug_aranges
                0x000001c8       0x28 CMakeFiles/test_9_14.elf.dir/Core/Src/system_stm32f1xx.c.obj
 .debug_aranges
                0x000001f0       0xe0 CMakeFiles/test_9_14.elf.dir/Drivers/STM32F1xx_HAL_Driver/Src/stm32f1xx_hal.c.obj
 .debug_aranges
                0x000002d0       0x90 CMakeFiles/test_9_14.elf.dir/Drivers/STM32F1xx_HAL_Driver/Src/stm32f1xx_hal_cortex.c.obj
 .debug_aranges
                0x00000360       0x80 CMakeFiles/test_9_14.elf.dir/Drivers/STM32F1xx_HAL_Driver/Src/stm32f1xx_hal_dma.c.obj
 .debug_aranges
                0x000003e0       0x58 CMakeFiles/test_9_14.elf.dir/Drivers/STM32F1xx_HAL_Driver/Src/stm32f1xx_hal_gpio.c.obj
 .debug_aranges
                0x00000438       0x90 CMakeFiles/test_9_14.elf.dir/Drivers/STM32F1xx_HAL_Driver/Src/stm32f1xx_hal_rcc.c.obj
 .debug_aranges
                0x000004c8      0x200 CMakeFiles/test_9_14.elf.dir/Drivers/STM32F1xx_HAL_Driver/Src/stm32f1xx_hal_uart.c.obj
 .debug_aranges
                0x000006c8       0x28 CMakeFiles/test_9_14.elf.dir/startup/startup_stm32f103xe.s.obj

.debug_ranges   0x00000000      0x6a8
 .debug_ranges  0x00000000       0x30 CMakeFiles/test_9_14.elf.dir/Core/Src/main.c.obj
 .debug_ranges  0x00000030       0x40 CMakeFiles/test_9_14.elf.dir/Core/Src/retarget.c.obj
 .debug_ranges  0x00000070       0x20 CMakeFiles/test_9_14.elf.dir/Core/Src/stm32f1xx_hal_msp.c.obj
 .debug_ranges  0x00000090       0x68 CMakeFiles/test_9_14.elf.dir/Core/Src/stm32f1xx_it.c.obj
 .debug_ranges  0x000000f8       0x80 CMakeFiles/test_9_14.elf.dir/Core/Src/syscalls.c.obj
 .debug_ranges  0x00000178       0x18 CMakeFiles/test_9_14.elf.dir/Core/Src/system_stm32f1xx.c.obj
 .debug_ranges  0x00000190       0xd0 CMakeFiles/test_9_14.elf.dir/Drivers/STM32F1xx_HAL_Driver/Src/stm32f1xx_hal.c.obj
 .debug_ranges  0x00000260       0xe0 CMakeFiles/test_9_14.elf.dir/Drivers/STM32F1xx_HAL_Driver/Src/stm32f1xx_hal_cortex.c.obj
 .debug_ranges  0x00000340       0x70 CMakeFiles/test_9_14.elf.dir/Drivers/STM32F1xx_HAL_Driver/Src/stm32f1xx_hal_dma.c.obj
 .debug_ranges  0x000003b0       0x48 CMakeFiles/test_9_14.elf.dir/Drivers/STM32F1xx_HAL_Driver/Src/stm32f1xx_hal_gpio.c.obj
 .debug_ranges  0x000003f8       0xa0 CMakeFiles/test_9_14.elf.dir/Drivers/STM32F1xx_HAL_Driver/Src/stm32f1xx_hal_rcc.c.obj
 .debug_ranges  0x00000498      0x1f0 CMakeFiles/test_9_14.elf.dir/Drivers/STM32F1xx_HAL_Driver/Src/stm32f1xx_hal_uart.c.obj
 .debug_ranges  0x00000688       0x20 CMakeFiles/test_9_14.elf.dir/startup/startup_stm32f103xe.s.obj

.debug_line     0x00000000     0x6398
 .debug_line    0x00000000      0x4e6 CMakeFiles/test_9_14.elf.dir/Core/Src/main.c.obj
 .debug_line    0x000004e6      0x475 CMakeFiles/test_9_14.elf.dir/Core/Src/retarget.c.obj
 .debug_line    0x0000095b      0x2fe CMakeFiles/test_9_14.elf.dir/Core/Src/stm32f1xx_hal_msp.c.obj
 .debug_line    0x00000c59      0x38d CMakeFiles/test_9_14.elf.dir/Core/Src/stm32f1xx_it.c.obj
 .debug_line    0x00000fe6      0x3ef CMakeFiles/test_9_14.elf.dir/Core/Src/syscalls.c.obj
 .debug_line    0x000013d5      0x25e CMakeFiles/test_9_14.elf.dir/Core/Src/system_stm32f1xx.c.obj
 .debug_line    0x00001633      0x590 CMakeFiles/test_9_14.elf.dir/Drivers/STM32F1xx_HAL_Driver/Src/stm32f1xx_hal.c.obj
 .debug_line    0x00001bc3      0x676 CMakeFiles/test_9_14.elf.dir/Drivers/STM32F1xx_HAL_Driver/Src/stm32f1xx_hal_cortex.c.obj
 .debug_line    0x00002239      0xd28 CMakeFiles/test_9_14.elf.dir/Drivers/STM32F1xx_HAL_Driver/Src/stm32f1xx_hal_dma.c.obj
 .debug_line    0x00002f61      0x634 CMakeFiles/test_9_14.elf.dir/Drivers/STM32F1xx_HAL_Driver/Src/stm32f1xx_hal_gpio.c.obj
 .debug_line    0x00003595      0xc69 CMakeFiles/test_9_14.elf.dir/Drivers/STM32F1xx_HAL_Driver/Src/stm32f1xx_hal_rcc.c.obj
 .debug_line    0x000041fe     0x20f8 CMakeFiles/test_9_14.elf.dir/Drivers/STM32F1xx_HAL_Driver/Src/stm32f1xx_hal_uart.c.obj
 .debug_line    0x000062f6       0xa2 CMakeFiles/test_9_14.elf.dir/startup/startup_stm32f103xe.s.obj

.debug_str      0x00000000     0x2769
 .debug_str     0x00000000      0xbbc CMakeFiles/test_9_14.elf.dir/Core/Src/main.c.obj
                                0xc59 (size before relaxing)
 .debug_str     0x00000bbc      0x538 CMakeFiles/test_9_14.elf.dir/Core/Src/retarget.c.obj
                                0xb55 (size before relaxing)
 .debug_str     0x000010f4       0xc4 CMakeFiles/test_9_14.elf.dir/Core/Src/stm32f1xx_hal_msp.c.obj
                                0xab8 (size before relaxing)
 .debug_str     0x000011b8      0x151 CMakeFiles/test_9_14.elf.dir/Core/Src/stm32f1xx_it.c.obj
                                0x6ff (size before relaxing)
 .debug_str     0x00001309      0x139 CMakeFiles/test_9_14.elf.dir/Core/Src/syscalls.c.obj
                                0x445 (size before relaxing)
 .debug_str     0x00001442       0xa0 CMakeFiles/test_9_14.elf.dir/Core/Src/system_stm32f1xx.c.obj
                                0x296 (size before relaxing)
 .debug_str     0x000014e2      0x319 CMakeFiles/test_9_14.elf.dir/Drivers/STM32F1xx_HAL_Driver/Src/stm32f1xx_hal.c.obj
                                0x94a (size before relaxing)
 .debug_str     0x000017fb      0x3c0 CMakeFiles/test_9_14.elf.dir/Drivers/STM32F1xx_HAL_Driver/Src/stm32f1xx_hal_cortex.c.obj
                                0x9f9 (size before relaxing)
 .debug_str     0x00001bbb      0x266 CMakeFiles/test_9_14.elf.dir/Drivers/STM32F1xx_HAL_Driver/Src/stm32f1xx_hal_dma.c.obj
                                0x63f (size before relaxing)
 .debug_str     0x00001e21      0x10b CMakeFiles/test_9_14.elf.dir/Drivers/STM32F1xx_HAL_Driver/Src/stm32f1xx_hal_gpio.c.obj
                                0x442 (size before relaxing)
 .debug_str     0x00001f2c      0x216 CMakeFiles/test_9_14.elf.dir/Drivers/STM32F1xx_HAL_Driver/Src/stm32f1xx_hal_rcc.c.obj
                                0x66d (size before relaxing)
 .debug_str     0x00002142      0x5d6 CMakeFiles/test_9_14.elf.dir/Drivers/STM32F1xx_HAL_Driver/Src/stm32f1xx_hal_uart.c.obj
                                0xcd0 (size before relaxing)
 .debug_str     0x00002718       0x51 CMakeFiles/test_9_14.elf.dir/startup/startup_stm32f103xe.s.obj
                                 0x88 (size before relaxing)

.comment        0x00000000       0x49
 .comment       0x00000000       0x49 CMakeFiles/test_9_14.elf.dir/Core/Src/main.c.obj
                                 0x4a (size before relaxing)
 .comment       0x00000049       0x4a CMakeFiles/test_9_14.elf.dir/Core/Src/retarget.c.obj
 .comment       0x00000049       0x4a CMakeFiles/test_9_14.elf.dir/Core/Src/stm32f1xx_hal_msp.c.obj
 .comment       0x00000049       0x4a CMakeFiles/test_9_14.elf.dir/Core/Src/stm32f1xx_it.c.obj
 .comment       0x00000049       0x4a CMakeFiles/test_9_14.elf.dir/Core/Src/syscalls.c.obj
 .comment       0x00000049       0x4a CMakeFiles/test_9_14.elf.dir/Core/Src/system_stm32f1xx.c.obj
 .comment       0x00000049       0x4a CMakeFiles/test_9_14.elf.dir/Drivers/STM32F1xx_HAL_Driver/Src/stm32f1xx_hal.c.obj
 .comment       0x00000049       0x4a CMakeFiles/test_9_14.elf.dir/Drivers/STM32F1xx_HAL_Driver/Src/stm32f1xx_hal_cortex.c.obj
 .comment       0x00000049       0x4a CMakeFiles/test_9_14.elf.dir/Drivers/STM32F1xx_HAL_Driver/Src/stm32f1xx_hal_dma.c.obj
 .comment       0x00000049       0x4a CMakeFiles/test_9_14.elf.dir/Drivers/STM32F1xx_HAL_Driver/Src/stm32f1xx_hal_gpio.c.obj
 .comment       0x00000049       0x4a CMakeFiles/test_9_14.elf.dir/Drivers/STM32F1xx_HAL_Driver/Src/stm32f1xx_hal_rcc.c.obj
 .comment       0x00000049       0x4a CMakeFiles/test_9_14.elf.dir/Drivers/STM32F1xx_HAL_Driver/Src/stm32f1xx_hal_uart.c.obj

.debug_frame    0x00000000     0x1ab4
 .debug_frame   0x00000000       0x98 CMakeFiles/test_9_14.elf.dir/Core/Src/main.c.obj
 .debug_frame   0x00000098       0xb8 CMakeFiles/test_9_14.elf.dir/Core/Src/retarget.c.obj
 .debug_frame   0x00000150       0x64 CMakeFiles/test_9_14.elf.dir/Core/Src/stm32f1xx_hal_msp.c.obj
 .debug_frame   0x000001b4       0xf0 CMakeFiles/test_9_14.elf.dir/Core/Src/stm32f1xx_it.c.obj
 .debug_frame   0x000002a4      0x168 CMakeFiles/test_9_14.elf.dir/Core/Src/syscalls.c.obj
 .debug_frame   0x0000040c       0x30 CMakeFiles/test_9_14.elf.dir/Core/Src/system_stm32f1xx.c.obj
 .debug_frame   0x0000043c      0x1cc CMakeFiles/test_9_14.elf.dir/Drivers/STM32F1xx_HAL_Driver/Src/stm32f1xx_hal.c.obj
 .debug_frame   0x00000608      0x118 CMakeFiles/test_9_14.elf.dir/Drivers/STM32F1xx_HAL_Driver/Src/stm32f1xx_hal_cortex.c.obj
 .debug_frame   0x00000720      0x140 CMakeFiles/test_9_14.elf.dir/Drivers/STM32F1xx_HAL_Driver/Src/stm32f1xx_hal_dma.c.obj
 .debug_frame   0x00000860       0xe4 CMakeFiles/test_9_14.elf.dir/Drivers/STM32F1xx_HAL_Driver/Src/stm32f1xx_hal_gpio.c.obj
 .debug_frame   0x00000944      0x190 CMakeFiles/test_9_14.elf.dir/Drivers/STM32F1xx_HAL_Driver/Src/stm32f1xx_hal_rcc.c.obj
 .debug_frame   0x00000ad4      0x5c4 CMakeFiles/test_9_14.elf.dir/Drivers/STM32F1xx_HAL_Driver/Src/stm32f1xx_hal_uart.c.obj
 .debug_frame   0x00001098       0x20 d:/clion/gcc-arm-none-eabi-10.3-2021.10/bin/../lib/gcc/arm-none-eabi/10.3.1/../../../../arm-none-eabi/lib/thumb/v7-m/nofp\libg.a(lib_a-errno.o)
 .debug_frame   0x000010b8       0x2c d:/clion/gcc-arm-none-eabi-10.3-2021.10/bin/../lib/gcc/arm-none-eabi/10.3.1/../../../../arm-none-eabi/lib/thumb/v7-m/nofp\libg.a(lib_a-init.o)
 .debug_frame   0x000010e4       0x2c d:/clion/gcc-arm-none-eabi-10.3-2021.10/bin/../lib/gcc/arm-none-eabi/10.3.1/../../../../arm-none-eabi/lib/thumb/v7-m/nofp\libg.a(lib_a-memset.o)
 .debug_frame   0x00001110       0x48 d:/clion/gcc-arm-none-eabi-10.3-2021.10/bin/../lib/gcc/arm-none-eabi/10.3.1/../../../../arm-none-eabi/lib/thumb/v7-m/nofp\libg.a(lib_a-puts.o)
 .debug_frame   0x00001158       0x48 d:/clion/gcc-arm-none-eabi-10.3-2021.10/bin/../lib/gcc/arm-none-eabi/10.3.1/../../../../arm-none-eabi/lib/thumb/v7-m/nofp\libg.a(lib_a-setvbuf.o)
 .debug_frame   0x000011a0       0x20 d:/clion/gcc-arm-none-eabi-10.3-2021.10/bin/../lib/gcc/arm-none-eabi/10.3.1/../../../../arm-none-eabi/lib/thumb/v7-m/nofp\libg.a(lib_a-strlen-stub.o)
 .debug_frame   0x000011c0       0x5c d:/clion/gcc-arm-none-eabi-10.3-2021.10/bin/../lib/gcc/arm-none-eabi/10.3.1/../../../../arm-none-eabi/lib/thumb/v7-m/nofp\libg.a(lib_a-__call_atexit.o)
 .debug_frame   0x0000121c       0x20 d:/clion/gcc-arm-none-eabi-10.3-2021.10/bin/../lib/gcc/arm-none-eabi/10.3.1/../../../../arm-none-eabi/lib/thumb/v7-m/nofp\libg.a(lib_a-atexit.o)
 .debug_frame   0x0000123c       0x70 d:/clion/gcc-arm-none-eabi-10.3-2021.10/bin/../lib/gcc/arm-none-eabi/10.3.1/../../../../arm-none-eabi/lib/thumb/v7-m/nofp\libg.a(lib_a-fflush.o)
 .debug_frame   0x000012ac      0x154 d:/clion/gcc-arm-none-eabi-10.3-2021.10/bin/../lib/gcc/arm-none-eabi/10.3.1/../../../../arm-none-eabi/lib/thumb/v7-m/nofp\libg.a(lib_a-findfp.o)
 .debug_frame   0x00001400       0x34 d:/clion/gcc-arm-none-eabi-10.3-2021.10/bin/../lib/gcc/arm-none-eabi/10.3.1/../../../../arm-none-eabi/lib/thumb/v7-m/nofp\libg.a(lib_a-fini.o)
 .debug_frame   0x00001434       0x8c d:/clion/gcc-arm-none-eabi-10.3-2021.10/bin/../lib/gcc/arm-none-eabi/10.3.1/../../../../arm-none-eabi/lib/thumb/v7-m/nofp\libg.a(lib_a-freer.o)
 .debug_frame   0x000014c0       0x64 d:/clion/gcc-arm-none-eabi-10.3-2021.10/bin/../lib/gcc/arm-none-eabi/10.3.1/../../../../arm-none-eabi/lib/thumb/v7-m/nofp\libg.a(lib_a-fvwrite.o)
 .debug_frame   0x00001524       0x54 d:/clion/gcc-arm-none-eabi-10.3-2021.10/bin/../lib/gcc/arm-none-eabi/10.3.1/../../../../arm-none-eabi/lib/thumb/v7-m/nofp\libg.a(lib_a-fwalk.o)
 .debug_frame   0x00001578       0xb0 d:/clion/gcc-arm-none-eabi-10.3-2021.10/bin/../lib/gcc/arm-none-eabi/10.3.1/../../../../arm-none-eabi/lib/thumb/v7-m/nofp\libg.a(lib_a-lock.o)
 .debug_frame   0x00001628       0x70 d:/clion/gcc-arm-none-eabi-10.3-2021.10/bin/../lib/gcc/arm-none-eabi/10.3.1/../../../../arm-none-eabi/lib/thumb/v7-m/nofp\libg.a(lib_a-makebuf.o)
 .debug_frame   0x00001698       0x30 d:/clion/gcc-arm-none-eabi-10.3-2021.10/bin/../lib/gcc/arm-none-eabi/10.3.1/../../../../arm-none-eabi/lib/thumb/v7-m/nofp\libg.a(lib_a-malloc.o)
 .debug_frame   0x000016c8       0x4c d:/clion/gcc-arm-none-eabi-10.3-2021.10/bin/../lib/gcc/arm-none-eabi/10.3.1/../../../../arm-none-eabi/lib/thumb/v7-m/nofp\libg.a(lib_a-mallocr.o)
 .debug_frame   0x00001714       0x28 d:/clion/gcc-arm-none-eabi-10.3-2021.10/bin/../lib/gcc/arm-none-eabi/10.3.1/../../../../arm-none-eabi/lib/thumb/v7-m/nofp\libg.a(lib_a-memchr-stub.o)
 .debug_frame   0x0000173c       0x40 d:/clion/gcc-arm-none-eabi-10.3-2021.10/bin/../lib/gcc/arm-none-eabi/10.3.1/../../../../arm-none-eabi/lib/thumb/v7-m/nofp\libg.a(lib_a-memmove.o)
 .debug_frame   0x0000177c       0x30 d:/clion/gcc-arm-none-eabi-10.3-2021.10/bin/../lib/gcc/arm-none-eabi/10.3.1/../../../../arm-none-eabi/lib/thumb/v7-m/nofp\libg.a(lib_a-mlock.o)
 .debug_frame   0x000017ac       0x48 d:/clion/gcc-arm-none-eabi-10.3-2021.10/bin/../lib/gcc/arm-none-eabi/10.3.1/../../../../arm-none-eabi/lib/thumb/v7-m/nofp\libg.a(lib_a-reallocr.o)
 .debug_frame   0x000017f4       0x2c d:/clion/gcc-arm-none-eabi-10.3-2021.10/bin/../lib/gcc/arm-none-eabi/10.3.1/../../../../arm-none-eabi/lib/thumb/v7-m/nofp\libg.a(lib_a-sbrkr.o)
 .debug_frame   0x00001820       0x8c d:/clion/gcc-arm-none-eabi-10.3-2021.10/bin/../lib/gcc/arm-none-eabi/10.3.1/../../../../arm-none-eabi/lib/thumb/v7-m/nofp\libg.a(lib_a-stdio.o)
 .debug_frame   0x000018ac       0x2c d:/clion/gcc-arm-none-eabi-10.3-2021.10/bin/../lib/gcc/arm-none-eabi/10.3.1/../../../../arm-none-eabi/lib/thumb/v7-m/nofp\libg.a(lib_a-writer.o)
 .debug_frame   0x000018d8       0x2c d:/clion/gcc-arm-none-eabi-10.3-2021.10/bin/../lib/gcc/arm-none-eabi/10.3.1/../../../../arm-none-eabi/lib/thumb/v7-m/nofp\libg.a(lib_a-wsetup.o)
 .debug_frame   0x00001904       0x34 d:/clion/gcc-arm-none-eabi-10.3-2021.10/bin/../lib/gcc/arm-none-eabi/10.3.1/../../../../arm-none-eabi/lib/thumb/v7-m/nofp\libg.a(lib_a-__atexit.o)
 .debug_frame   0x00001938       0x2c d:/clion/gcc-arm-none-eabi-10.3-2021.10/bin/../lib/gcc/arm-none-eabi/10.3.1/../../../../arm-none-eabi/lib/thumb/v7-m/nofp\libg.a(lib_a-closer.o)
 .debug_frame   0x00001964       0x3c d:/clion/gcc-arm-none-eabi-10.3-2021.10/bin/../lib/gcc/arm-none-eabi/10.3.1/../../../../arm-none-eabi/lib/thumb/v7-m/nofp\libg.a(lib_a-fclose.o)
 .debug_frame   0x000019a0       0x2c d:/clion/gcc-arm-none-eabi-10.3-2021.10/bin/../lib/gcc/arm-none-eabi/10.3.1/../../../../arm-none-eabi/lib/thumb/v7-m/nofp\libg.a(lib_a-fstatr.o)
 .debug_frame   0x000019cc       0x2c d:/clion/gcc-arm-none-eabi-10.3-2021.10/bin/../lib/gcc/arm-none-eabi/10.3.1/../../../../arm-none-eabi/lib/thumb/v7-m/nofp\libg.a(lib_a-isattyr.o)
 .debug_frame   0x000019f8       0x2c d:/clion/gcc-arm-none-eabi-10.3-2021.10/bin/../lib/gcc/arm-none-eabi/10.3.1/../../../../arm-none-eabi/lib/thumb/v7-m/nofp\libg.a(lib_a-lseekr.o)
 .debug_frame   0x00001a24       0x2c d:/clion/gcc-arm-none-eabi-10.3-2021.10/bin/../lib/gcc/arm-none-eabi/10.3.1/../../../../arm-none-eabi/lib/thumb/v7-m/nofp\libg.a(lib_a-readr.o)
 .debug_frame   0x00001a50       0x64 d:/clion/gcc-arm-none-eabi-10.3-2021.10/bin/../lib/gcc/arm-none-eabi/10.3.1/../../../../arm-none-eabi/lib/thumb/v7-m/nofp\libg.a(lib_a-reent.o)

.debug_loc      0x00000000     0x43e3
 .debug_loc     0x00000000      0x389 CMakeFiles/test_9_14.elf.dir/Core/Src/retarget.c.obj
 .debug_loc     0x00000389       0x99 CMakeFiles/test_9_14.elf.dir/Core/Src/stm32f1xx_hal_msp.c.obj
 .debug_loc     0x00000422      0x3a2 CMakeFiles/test_9_14.elf.dir/Core/Src/syscalls.c.obj
 .debug_loc     0x000007c4       0xff CMakeFiles/test_9_14.elf.dir/Core/Src/system_stm32f1xx.c.obj
 .debug_loc     0x000008c3      0x141 CMakeFiles/test_9_14.elf.dir/Drivers/STM32F1xx_HAL_Driver/Src/stm32f1xx_hal.c.obj
 .debug_loc     0x00000a04      0x71f CMakeFiles/test_9_14.elf.dir/Drivers/STM32F1xx_HAL_Driver/Src/stm32f1xx_hal_cortex.c.obj
 .debug_loc     0x00001123      0x7ce CMakeFiles/test_9_14.elf.dir/Drivers/STM32F1xx_HAL_Driver/Src/stm32f1xx_hal_dma.c.obj
 .debug_loc     0x000018f1      0x47d CMakeFiles/test_9_14.elf.dir/Drivers/STM32F1xx_HAL_Driver/Src/stm32f1xx_hal_gpio.c.obj
 .debug_loc     0x00001d6e      0x63e CMakeFiles/test_9_14.elf.dir/Drivers/STM32F1xx_HAL_Driver/Src/stm32f1xx_hal_rcc.c.obj
 .debug_loc     0x000023ac     0x2037 CMakeFiles/test_9_14.elf.dir/Drivers/STM32F1xx_HAL_Driver/Src/stm32f1xx_hal_uart.c.obj
