Archive member included to satisfy reference by file (symbol)

d:/clion/gcc-arm-none-eabi-10.3-2021.10/bin/../lib/gcc/arm-none-eabi/10.3.1/thumb/v7-m/nofp\libgcc.a(unwind-arm.o)
                              CMakeFiles/LCD_test.elf.dir/User/Src/led.cpp.obj (__aeabi_unwind_cpp_pr0)
d:/clion/gcc-arm-none-eabi-10.3-2021.10/bin/../lib/gcc/arm-none-eabi/10.3.1/thumb/v7-m/nofp\libgcc.a(libunwind.o)
                              d:/clion/gcc-arm-none-eabi-10.3-2021.10/bin/../lib/gcc/arm-none-eabi/10.3.1/thumb/v7-m/nofp\libgcc.a(unwind-arm.o) (restore_core_regs)
d:/clion/gcc-arm-none-eabi-10.3-2021.10/bin/../lib/gcc/arm-none-eabi/10.3.1/thumb/v7-m/nofp\libgcc.a(pr-support.o)
                              d:/clion/gcc-arm-none-eabi-10.3-2021.10/bin/../lib/gcc/arm-none-eabi/10.3.1/thumb/v7-m/nofp\libgcc.a(unwind-arm.o) (__gnu_unwind_execute)
d:/clion/gcc-arm-none-eabi-10.3-2021.10/bin/../lib/gcc/arm-none-eabi/10.3.1/../../../../arm-none-eabi/lib/thumb/v7-m/nofp\libg.a(lib_a-abort.o)
                              d:/clion/gcc-arm-none-eabi-10.3-2021.10/bin/../lib/gcc/arm-none-eabi/10.3.1/thumb/v7-m/nofp\libgcc.a(unwind-arm.o) (abort)
d:/clion/gcc-arm-none-eabi-10.3-2021.10/bin/../lib/gcc/arm-none-eabi/10.3.1/../../../../arm-none-eabi/lib/thumb/v7-m/nofp\libg.a(lib_a-errno.o)
                              CMakeFiles/LCD_test.elf.dir/Core/Src/retarget.c.obj (__errno)
d:/clion/gcc-arm-none-eabi-10.3-2021.10/bin/../lib/gcc/arm-none-eabi/10.3.1/../../../../arm-none-eabi/lib/thumb/v7-m/nofp\libg.a(lib_a-exit.o)
                              d:/clion/gcc-arm-none-eabi-10.3-2021.10/bin/../lib/gcc/arm-none-eabi/10.3.1/../../../../arm-none-eabi/lib/thumb/v7-m/nofp/crt0.o (exit)
d:/clion/gcc-arm-none-eabi-10.3-2021.10/bin/../lib/gcc/arm-none-eabi/10.3.1/../../../../arm-none-eabi/lib/thumb/v7-m/nofp\libg.a(lib_a-impure.o)
                              d:/clion/gcc-arm-none-eabi-10.3-2021.10/bin/../lib/gcc/arm-none-eabi/10.3.1/../../../../arm-none-eabi/lib/thumb/v7-m/nofp\libg.a(lib_a-exit.o) (_global_impure_ptr)
d:/clion/gcc-arm-none-eabi-10.3-2021.10/bin/../lib/gcc/arm-none-eabi/10.3.1/../../../../arm-none-eabi/lib/thumb/v7-m/nofp\libg.a(lib_a-init.o)
                              d:/clion/gcc-arm-none-eabi-10.3-2021.10/bin/../lib/gcc/arm-none-eabi/10.3.1/../../../../arm-none-eabi/lib/thumb/v7-m/nofp/crt0.o (__libc_init_array)
d:/clion/gcc-arm-none-eabi-10.3-2021.10/bin/../lib/gcc/arm-none-eabi/10.3.1/../../../../arm-none-eabi/lib/thumb/v7-m/nofp\libg.a(lib_a-memcpy.o)
                              d:/clion/gcc-arm-none-eabi-10.3-2021.10/bin/../lib/gcc/arm-none-eabi/10.3.1/thumb/v7-m/nofp\libgcc.a(unwind-arm.o) (memcpy)
d:/clion/gcc-arm-none-eabi-10.3-2021.10/bin/../lib/gcc/arm-none-eabi/10.3.1/../../../../arm-none-eabi/lib/thumb/v7-m/nofp\libg.a(lib_a-memset.o)
                              d:/clion/gcc-arm-none-eabi-10.3-2021.10/bin/../lib/gcc/arm-none-eabi/10.3.1/../../../../arm-none-eabi/lib/thumb/v7-m/nofp/crt0.o (memset)
d:/clion/gcc-arm-none-eabi-10.3-2021.10/bin/../lib/gcc/arm-none-eabi/10.3.1/../../../../arm-none-eabi/lib/thumb/v7-m/nofp\libg.a(lib_a-puts.o)
                              CMakeFiles/LCD_test.elf.dir/Core/Src/main.c.obj (puts)
d:/clion/gcc-arm-none-eabi-10.3-2021.10/bin/../lib/gcc/arm-none-eabi/10.3.1/../../../../arm-none-eabi/lib/thumb/v7-m/nofp\libg.a(lib_a-setvbuf.o)
                              CMakeFiles/LCD_test.elf.dir/Core/Src/retarget.c.obj (setvbuf)
d:/clion/gcc-arm-none-eabi-10.3-2021.10/bin/../lib/gcc/arm-none-eabi/10.3.1/../../../../arm-none-eabi/lib/thumb/v7-m/nofp\libg.a(lib_a-signal.o)
                              d:/clion/gcc-arm-none-eabi-10.3-2021.10/bin/../lib/gcc/arm-none-eabi/10.3.1/../../../../arm-none-eabi/lib/thumb/v7-m/nofp\libg.a(lib_a-abort.o) (raise)
d:/clion/gcc-arm-none-eabi-10.3-2021.10/bin/../lib/gcc/arm-none-eabi/10.3.1/../../../../arm-none-eabi/lib/thumb/v7-m/nofp\libg.a(lib_a-signalr.o)
                              d:/clion/gcc-arm-none-eabi-10.3-2021.10/bin/../lib/gcc/arm-none-eabi/10.3.1/../../../../arm-none-eabi/lib/thumb/v7-m/nofp\libg.a(lib_a-signal.o) (_kill_r)
d:/clion/gcc-arm-none-eabi-10.3-2021.10/bin/../lib/gcc/arm-none-eabi/10.3.1/../../../../arm-none-eabi/lib/thumb/v7-m/nofp\libg.a(lib_a-strlen-stub.o)
                              d:/clion/gcc-arm-none-eabi-10.3-2021.10/bin/../lib/gcc/arm-none-eabi/10.3.1/../../../../arm-none-eabi/lib/thumb/v7-m/nofp\libg.a(lib_a-puts.o) (strlen)
d:/clion/gcc-arm-none-eabi-10.3-2021.10/bin/../lib/gcc/arm-none-eabi/10.3.1/../../../../arm-none-eabi/lib/thumb/v7-m/nofp\libg.a(lib_a-__call_atexit.o)
                              d:/clion/gcc-arm-none-eabi-10.3-2021.10/bin/../lib/gcc/arm-none-eabi/10.3.1/../../../../arm-none-eabi/lib/thumb/v7-m/nofp\libg.a(lib_a-exit.o) (__call_exitprocs)
d:/clion/gcc-arm-none-eabi-10.3-2021.10/bin/../lib/gcc/arm-none-eabi/10.3.1/../../../../arm-none-eabi/lib/thumb/v7-m/nofp\libg.a(lib_a-atexit.o)
[...]
Memory Configuration

Name             Origin             Length             Attributes
RAM              0x20000000         0x0000c000         xrw
FLASH            0x08000000         0x00040000         xr
*default*        0x00000000         0xffffffff

Linker script and memory map

LOAD d:/clion/gcc-arm-none-eabi-10.3-2021.10/bin/../lib/gcc/arm-none-eabi/10.3.1/thumb/v7-m/nofp/crti.o
LOAD d:/clion/gcc-arm-none-eabi-10.3-2021.10/bin/../lib/gcc/arm-none-eabi/10.3.1/thumb/v7-m/nofp/crtbegin.o
LOAD d:/clion/gcc-arm-none-eabi-10.3-2021.10/bin/../lib/gcc/arm-none-eabi/10.3.1/../../../../arm-none-eabi/lib/thumb/v7-m/nofp/crt0.o
LOAD CMakeFiles/LCD_test.elf.dir/Core/Src/main.c.obj
LOAD CMakeFiles/LCD_test.elf.dir/Core/Src/retarget.c.obj
LOAD CMakeFiles/LCD_test.elf.dir/Core/Src/stm32f1xx_hal_msp.c.obj
LOAD CMakeFiles/LCD_test.elf.dir/Core/Src/stm32f1xx_it.c.obj
LOAD CMakeFiles/LCD_test.elf.dir/Core/Src/syscalls.c.obj
LOAD CMakeFiles/LCD_test.elf.dir/Core/Src/system_stm32f1xx.c.obj
LOAD CMakeFiles/LCD_test.elf.dir/Drivers/STM32F1xx_HAL_Driver/Src/stm32f1xx_hal.c.obj
LOAD CMakeFiles/LCD_test.elf.dir/Drivers/STM32F1xx_HAL_Driver/Src/stm32f1xx_hal_cortex.c.obj
LOAD CMakeFiles/LCD_test.elf.dir/Drivers/STM32F1xx_HAL_Driver/Src/stm32f1xx_hal_dma.c.obj
LOAD CMakeFiles/LCD_test.elf.dir/Drivers/STM32F1xx_HAL_Driver/Src/stm32f1xx_hal_exti.c.obj
LOAD CMakeFiles/LCD_test.elf.dir/Drivers/STM32F1xx_HAL_Driver/Src/stm32f1xx_hal_flash.c.obj
LOAD CMakeFiles/LCD_test.elf.dir/Drivers/STM32F1xx_HAL_Driver/Src/stm32f1xx_hal_flash_ex.c.obj
LOAD CMakeFiles/LCD_test.elf.dir/Drivers/STM32F1xx_HAL_Driver/Src/stm32f1xx_hal_gpio.c.obj
LOAD CMakeFiles/LCD_test.elf.dir/Drivers/STM32F1xx_HAL_Driver/Src/stm32f1xx_hal_gpio_ex.c.obj
LOAD CMakeFiles/LCD_test.elf.dir/Drivers/STM32F1xx_HAL_Driver/Src/stm32f1xx_hal_pwr.c.obj
LOAD CMakeFiles/LCD_test.elf.dir/Drivers/STM32F1xx_HAL_Driver/Src/stm32f1xx_hal_rcc.c.obj
LOAD CMakeFiles/LCD_test.elf.dir/Drivers/STM32F1xx_HAL_Driver/Src/stm32f1xx_hal_rcc_ex.c.obj
LOAD CMakeFiles/LCD_test.elf.dir/Drivers/STM32F1xx_HAL_Driver/Src/stm32f1xx_hal_tim.c.obj
LOAD CMakeFiles/LCD_test.elf.dir/Drivers/STM32F1xx_HAL_Driver/Src/stm32f1xx_hal_tim_ex.c.obj
LOAD CMakeFiles/LCD_test.elf.dir/Drivers/STM32F1xx_HAL_Driver/Src/stm32f1xx_hal_uart.c.obj
LOAD CMakeFiles/LCD_test.elf.dir/User/Src/led.cpp.obj
LOAD CMakeFiles/LCD_test.elf.dir/startup/startup_stm32f103xe.s.obj
LOAD d:/clion/gcc-arm-none-eabi-10.3-2021.10/bin/../lib/gcc/arm-none-eabi/10.3.1/../../../../arm-none-eabi/lib/thumb/v7-m/nofp\libstdc++.a
LOAD d:/clion/gcc-arm-none-eabi-10.3-2021.10/bin/../lib/gcc/arm-none-eabi/10.3.1/../../../../arm-none-eabi/lib/thumb/v7-m/nofp\libm.a
START GROUP
LOAD d:/clion/gcc-arm-none-eabi-10.3-2021.10/bin/../lib/gcc/arm-none-eabi/10.3.1/thumb/v7-m/nofp\libgcc.a
LOAD d:/clion/gcc-arm-none-eabi-10.3-2021.10/bin/../lib/gcc/arm-none-eabi/10.3.1/../../../../arm-none-eabi/lib/thumb/v7-m/nofp\libg.a
LOAD d:/clion/gcc-arm-none-eabi-10.3-2021.10/bin/../lib/gcc/arm-none-eabi/10.3.1/../../../../arm-none-eabi/lib/thumb/v7-m/nofp\libc.a
END GROUP
LOAD d:/clion/gcc-arm-none-eabi-10.3-2021.10/bin/../lib/gcc/arm-none-eabi/10.3.1/thumb/v7-m/nofp/crtend.o
LOAD d:/clion/gcc-arm-none-eabi-10.3-2021.10/bin/../lib/gcc/arm-none-eabi/10.3.1/thumb/v7-m/nofp/crtn.o
                0x2000c000                _estack = 0x2000c000
                0x00000200                _Min_Heap_Size = 0x200
                0x00000400                _Min_Stack_Size = 0x400

.isr_vector     0x08000000      0x1e4
                0x08000000                . = ALIGN (0x4)
 *(.isr_vector)
 .isr_vector    0x08000000      0x1e4 CMakeFiles/LCD_test.elf.dir/startup/startup_stm32f103xe.s.obj
                0x08000000                g_pfnVectors
                0x080001e4                . = ALIGN (0x4)

.text           0x080001e4     0x3f30
                0x080001e4                . = ALIGN (0x4)
 *(.text)
 .text          0x080001e4       0x40 d:/clion/gcc-arm-none-eabi-10.3-2021.10/bin/../lib/gcc/arm-none-eabi/10.3.1/thumb/v7-m/nofp/crtbegin.o
 .text          0x08000224      0x9e4 d:/clion/gcc-arm-none-eabi-10.3-2021.10/bin/../lib/gcc/arm-none-eabi/10.3.1/thumb/v7-m/nofp\libgcc.a(unwind-arm.o)
                0x080004e4                _Unwind_GetCFA
                0x080004e8                __gnu_Unwind_RaiseException
                0x08000550                __gnu_Unwind_ForcedUnwind
                0x08000564                __gnu_Unwind_Resume
                0x080005a8                __gnu_Unwind_Resume_or_Rethrow
                0x080005bc                _Unwind_Complete
                0x080005c0                _Unwind_DeleteException
                0x080005cc                _Unwind_VRS_Get
                0x08000618                _Unwind_VRS_Set
                0x08000660                __gnu_Unwind_Backtrace
                0x08000988                __aeabi_unwind_cpp_pr0
                0x0800098c                __aeabi_unwind_cpp_pr1
                0x08000990                __aeabi_unwind_cpp_pr2
                0x08000994                _Unwind_VRS_Pop
 .text          0x08000c08      0x1ac d:/clion/gcc-arm-none-eabi-10.3-2021.10/bin/../lib/gcc/arm-none-eabi/10.3.1/thumb/v7-m/nofp\libgcc.a(libunwind.o)
                0x08000c08                __restore_core_regs
                0x08000c08                restore_core_regs
                0x08000c20                __gnu_Unwind_Restore_VFP
                0x08000c28                __gnu_Unwind_Save_VFP
                0x08000c30                __gnu_Unwind_Restore_VFP_D
                0x08000c38                __gnu_Unwind_Save_VFP_D
                0x08000c40                __gnu_Unwind_Restore_VFP_D_16_to_31
                0x08000c48                __gnu_Unwind_Save_VFP_D_16_to_31
                0x08000c50                __gnu_Unwind_Restore_WMMXD
                0x08000c94                __gnu_Unwind_Save_WMMXD
                0x08000cd8                __gnu_Unwind_Restore_WMMXC
                0x08000cec                __gnu_Unwind_Save_WMMXC
                0x08000d00                ___Unwind_RaiseException
                0x08000d00                _Unwind_RaiseException
                0x08000d24                _Unwind_Resume
                0x08000d24                ___Unwind_Resume
                0x08000d48                _Unwind_Resume_or_Rethrow
                0x08000d48                ___Unwind_Resume_or_Rethrow
                0x08000d6c                _Unwind_ForcedUnwind
                0x08000d6c                ___Unwind_ForcedUnwind
                0x08000d90                ___Unwind_Backtrace
                0x08000d90                _Unwind_Backtrace
 .text          0x08000db4      0x38c d:/clion/gcc-arm-none-eabi-10.3-2021.10/bin/../lib/gcc/arm-none-eabi/10.3.1/thumb/v7-m/nofp\libgcc.a(pr-support.o)
                0x08000e0c                __gnu_unwind_execute
                0x080010f0                __gnu_unwind_frame
                0x08001120                _Unwind_GetRegionStart
                0x0800112c                _Unwind_GetLanguageSpecificData
 .text          0x08001140       0xec d:/clion/gcc-arm-none-eabi-10.3-2021.10/bin/../lib/gcc/arm-none-eabi/10.3.1/../../../../arm-none-eabi/lib/thumb/v7-m/nofp\libg.a(lib_a-memcpy.o)
                0x08001140                memcpy
 *(.text*)
 .text.MX_GPIO_Init
                0x0800122c       0xec CMakeFiles/LCD_test.elf.dir/Core/Src/main.c.obj
 .text.Error_Handler
                0x08001318        0x4 CMakeFiles/LCD_test.elf.dir/Core/Src/main.c.obj
                0x08001318                Error_Handler
 .text.MX_USART1_UART_Init
                0x0800131c       0x34 CMakeFiles/LCD_test.elf.dir/Core/Src/main.c.obj
 .text.SystemClock_Config
                0x08001350       0x64 CMakeFiles/LCD_test.elf.dir/Core/Src/main.c.obj
                0x08001350                SystemClock_Config
 .text.main     0x080013b4       0x2c CMakeFiles/LCD_test.elf.dir/Core/Src/main.c.obj
                0x080013b4                main
 .text.RetargetInit
                0x080013e0       0x20 CMakeFiles/LCD_test.elf.dir/Core/Src/retarget.c.obj
                0x080013e0                RetargetInit
 .text._isatty  0x08001400       0x16 CMakeFiles/LCD_test.elf.dir/Core/Src/retarget.c.obj
                0x08001400                _isatty
 *fill*         0x08001416        0x2 
 .text._write   0x08001418       0x34 CMakeFiles/LCD_test.elf.dir/Core/Src/retarget.c.obj
                0x08001418                _write
 .text._close   0x0800144c       0x18 CMakeFiles/LCD_test.elf.dir/Core/Src/retarget.c.obj
                0x0800144c                _close
 .text._lseek   0x08001464       0x10 CMakeFiles/LCD_test.elf.dir/Core/Src/retarget.c.obj
                0x08001464                _lseek
 .text._read    0x08001474       0x30 CMakeFiles/LCD_test.elf.dir/Core/Src/retarget.c.obj
                0x08001474                _read
 .text._fstat   0x080014a4       0x1a CMakeFiles/LCD_test.elf.dir/Core/Src/retarget.c.obj
                0x080014a4                _fstat
 *fill*         0x080014be        0x2 
 .text.HAL_MspInit
                0x080014c0       0x44 CMakeFiles/LCD_test.elf.dir/Core/Src/stm32f1xx_hal_msp.c.obj
                0x080014c0                HAL_MspInit
 .text.HAL_UART_MspInit
                0x08001504       0x78 CMakeFiles/LCD_test.elf.dir/Core/Src/stm32f1xx_hal_msp.c.obj
                0x08001504                HAL_UART_MspInit
 .text.NMI_Handler
                0x0800157c        0x2 CMakeFiles/LCD_test.elf.dir/Core/Src/stm32f1xx_it.c.obj
                0x0800157c                NMI_Handler
 .text.HardFault_Handler
                0x0800157e        0x2 CMakeFiles/LCD_test.elf.dir/Core/Src/stm32f1xx_it.c.obj
                0x0800157e                HardFault_Handler
 .text.MemManage_Handler
                0x08001580        0x2 CMakeFiles/LCD_test.elf.dir/Core/Src/stm32f1xx_it.c.obj
                0x08001580                MemManage_Handler
 .text.BusFault_Handler
                0x08001582        0x2 CMakeFiles/LCD_test.elf.dir/Core/Src/stm32f1xx_it.c.obj
                0x08001582                BusFault_Handler
 .text.UsageFault_Handler
                0x08001584        0x2 CMakeFiles/LCD_test.elf.dir/Core/Src/stm32f1xx_it.c.obj
                0x08001584                UsageFault_Handler
 .text.SVC_Handler
                0x08001586        0x2 CMakeFiles/LCD_test.elf.dir/Core/Src/stm32f1xx_it.c.obj
                0x08001586                SVC_Handler
 .text.DebugMon_Handler
                0x08001588        0x2 CMakeFiles/LCD_test.elf.dir/Core/Src/stm32f1xx_it.c.obj
                0x08001588                DebugMon_Handler
 .text.PendSV_Handler
                0x0800158a        0x2 CMakeFiles/LCD_test.elf.dir/Core/Src/stm32f1xx_it.c.obj
                0x0800158a                PendSV_Handler
 .text.SysTick_Handler
                0x0800158c        0x8 CMakeFiles/LCD_test.elf.dir/Core/Src/stm32f1xx_it.c.obj
                0x0800158c                SysTick_Handler
 .text._getpid  0x08001594        0x4 CMakeFiles/LCD_test.elf.dir/Core/Src/syscalls.c.obj
                0x08001594                _getpid
 .text._kill    0x08001598       0x10 CMakeFiles/LCD_test.elf.dir/Core/Src/syscalls.c.obj
                0x08001598                _kill
 .text._exit    0x080015a8        0xc CMakeFiles/LCD_test.elf.dir/Core/Src/syscalls.c.obj
                0x080015a8                _exit
 .text._sbrk    0x080015b4       0x3c CMakeFiles/LCD_test.elf.dir/Core/Src/syscalls.c.obj
                0x080015b4                _sbrk
 .text.SystemInit
                0x080015f0        0x2 CMakeFiles/LCD_test.elf.dir/Core/Src/system_stm32f1xx.c.obj
                0x080015f0                SystemInit
 *fill*         0x080015f2        0x2 
 .text.HAL_InitTick
                0x080015f4       0x4c CMakeFiles/LCD_test.elf.dir/Drivers/STM32F1xx_HAL_Driver/Src/stm32f1xx_hal.c.obj
                0x080015f4                HAL_InitTick
 .text.HAL_Init
                0x08001640       0x24 CMakeFiles/LCD_test.elf.dir/Drivers/STM32F1xx_HAL_Driver/Src/stm32f1xx_hal.c.obj
                0x08001640                HAL_Init
 .text.HAL_IncTick
                0x08001664       0x18 CMakeFiles/LCD_test.elf.dir/Drivers/STM32F1xx_HAL_Driver/Src/stm32f1xx_hal.c.obj
                0x08001664                HAL_IncTick
 .text.HAL_GetTick
                0x0800167c        0xc CMakeFiles/LCD_test.elf.dir/Drivers/STM32F1xx_HAL_Driver/Src/stm32f1xx_hal.c.obj
                0x0800167c                HAL_GetTick
 .text.HAL_Delay
                0x08001688       0x28 CMakeFiles/LCD_test.elf.dir/Drivers/STM32F1xx_HAL_Driver/Src/stm32f1xx_hal.c.obj
                0x08001688                HAL_Delay
 .text.HAL_NVIC_SetPriorityGrouping
                0x080016b0       0x24 CMakeFiles/LCD_test.elf.dir/Drivers/STM32F1xx_HAL_Driver/Src/stm32f1xx_hal_cortex.c.obj
                0x080016b0                HAL_NVIC_SetPriorityGrouping
 .text.HAL_NVIC_SetPriority
                0x080016d4       0x70 CMakeFiles/LCD_test.elf.dir/Drivers/STM32F1xx_HAL_Driver/Src/stm32f1xx_hal_cortex.c.obj
                0x080016d4                HAL_NVIC_SetPriority
 .text.HAL_SYSTICK_Config
                0x08001744       0x28 CMakeFiles/LCD_test.elf.dir/Drivers/STM32F1xx_HAL_Driver/Src/stm32f1xx_hal_cortex.c.obj
                0x08001744                HAL_SYSTICK_Config
 .text.HAL_GPIO_Init
                0x0800176c      0x240 CMakeFiles/LCD_test.elf.dir/Drivers/STM32F1xx_HAL_Driver/Src/stm32f1xx_hal_gpio.c.obj
                0x0800176c                HAL_GPIO_Init
 .text.HAL_GPIO_WritePin
                0x080019ac        0xc CMakeFiles/LCD_test.elf.dir/Drivers/STM32F1xx_HAL_Driver/Src/stm32f1xx_hal_gpio.c.obj
                0x080019ac                HAL_GPIO_WritePin
 .text.RCC_Delay
                0x080019b8       0x2c CMakeFiles/LCD_test.elf.dir/Drivers/STM32F1xx_HAL_Driver/Src/stm32f1xx_hal_rcc.c.obj
 .text.HAL_RCC_OscConfig
                0x080019e4      0x410 CMakeFiles/LCD_test.elf.dir/Drivers/STM32F1xx_HAL_Driver/Src/stm32f1xx_hal_rcc.c.obj
                0x080019e4                HAL_RCC_OscConfig
 .text.HAL_RCC_GetSysClockFreq
                0x08001df4       0x70 CMakeFiles/LCD_test.elf.dir/Drivers/STM32F1xx_HAL_Driver/Src/stm32f1xx_hal_rcc.c.obj
                0x08001df4                HAL_RCC_GetSysClockFreq
 .text.HAL_RCC_ClockConfig
                0x08001e64      0x16c CMakeFiles/LCD_test.elf.dir/Drivers/STM32F1xx_HAL_Driver/Src/stm32f1xx_hal_rcc.c.obj
                0x08001e64                HAL_RCC_ClockConfig
 .text.HAL_RCC_GetHCLKFreq
                0x08001fd0        0xc CMakeFiles/LCD_test.elf.dir/Drivers/STM32F1xx_HAL_Driver/Src/stm32f1xx_hal_rcc.c.obj
                0x08001fd0                HAL_RCC_GetHCLKFreq
 .text.HAL_RCC_GetPCLK1Freq
                0x08001fdc       0x20 CMakeFiles/LCD_test.elf.dir/Drivers/STM32F1xx_HAL_Driver/Src/stm32f1xx_hal_rcc.c.obj
                0x08001fdc                HAL_RCC_GetPCLK1Freq
 .text.HAL_RCC_GetPCLK2Freq
                0x08001ffc       0x20 CMakeFiles/LCD_test.elf.dir/Drivers/STM32F1xx_HAL_Driver/Src/stm32f1xx_hal_rcc.c.obj
                0x08001ffc                HAL_RCC_GetPCLK2Freq
 .text.UART_SetConfig
                0x0800201c       0x94 CMakeFiles/LCD_test.elf.dir/Drivers/STM32F1xx_HAL_Driver/Src/stm32f1xx_hal_uart.c.obj
 .text.UART_WaitOnFlagUntilTimeout
                0x080020b0       0x6c CMakeFiles/LCD_test.elf.dir/Drivers/STM32F1xx_HAL_Driver/Src/stm32f1xx_hal_uart.c.obj
 .text.HAL_UART_Init
                0x0800211c       0x5e CMakeFiles/LCD_test.elf.dir/Drivers/STM32F1xx_HAL_Driver/Src/stm32f1xx_hal_uart.c.obj
                0x0800211c                HAL_UART_Init
 .text.HAL_UART_Transmit
                0x0800217a       0xd8 CMakeFiles/LCD_test.elf.dir/Drivers/STM32F1xx_HAL_Driver/Src/stm32f1xx_hal_uart.c.obj
                0x0800217a                HAL_UART_Transmit
 .text.HAL_UART_Receive
                0x08002252       0xe4 CMakeFiles/LCD_test.elf.dir/Drivers/STM32F1xx_HAL_Driver/Src/stm32f1xx_hal_uart.c.obj
                0x08002252                HAL_UART_Receive
 *fill*         0x08002336        0x2 
 .text.running_water_led
                0x08002338       0x58 CMakeFiles/LCD_test.elf.dir/User/Src/led.cpp.obj
                0x08002338                running_water_led
 .text.Reset_Handler
                0x08002390       0x48 CMakeFiles/LCD_test.elf.dir/startup/startup_stm32f103xe.s.obj
                0x08002390                Reset_Handler
 .text.Default_Handler
                0x080023d8        0x2 CMakeFiles/LCD_test.elf.dir/startup/startup_stm32f103xe.s.obj
                0x080023d8                RTC_Alarm_IRQHandler
                0x080023d8                EXTI2_IRQHandler
                0x080023d8                TIM8_TRG_COM_IRQHandler
                0x080023d8                TIM8_CC_IRQHandler
                0x080023d8                TIM1_CC_IRQHandler
                0x080023d8                TIM6_IRQHandler
                0x080023d8                PVD_IRQHandler
                0x080023d8                SDIO_IRQHandler
                0x080023d8                EXTI3_IRQHandler
                0x080023d8                EXTI0_IRQHandler
                0x080023d8                I2C2_EV_IRQHandler
                0x080023d8                ADC1_2_IRQHandler
                0x080023d8                SPI1_IRQHandler
                0x080023d8                TAMPER_IRQHandler
                0x080023d8                TIM8_UP_IRQHandler
                0x080023d8                DMA2_Channel2_IRQHandler
                0x080023d8                DMA1_Channel4_IRQHandler
                0x080023d8                USART3_IRQHandler
                0x080023d8                RTC_IRQHandler
                0x080023d8                DMA1_Channel7_IRQHandler
                0x080023d8                CAN1_RX1_IRQHandler
                0x080023d8                UART5_IRQHandler
                0x080023d8                ADC3_IRQHandler
                0x080023d8                TIM4_IRQHandler
                0x080023d8                DMA2_Channel1_IRQHandler
                0x080023d8                I2C1_EV_IRQHandler
                0x080023d8                DMA1_Channel6_IRQHandler
                0x080023d8                UART4_IRQHandler
                0x080023d8                TIM3_IRQHandler
                0x080023d8                RCC_IRQHandler
                0x080023d8                TIM1_TRG_COM_IRQHandler
                0x080023d8                DMA1_Channel1_IRQHandler
                0x080023d8                Default_Handler
                0x080023d8                EXTI15_10_IRQHandler
                0x080023d8                TIM7_IRQHandler
                0x080023d8                TIM5_IRQHandler
                0x080023d8                EXTI9_5_IRQHandler
                0x080023d8                SPI2_IRQHandler
                0x080023d8                DMA1_Channel5_IRQHandler
                0x080023d8                EXTI4_IRQHandler
                0x080023d8                USB_LP_CAN1_RX0_IRQHandler
                0x080023d8                USB_HP_CAN1_TX_IRQHandler
                0x080023d8                DMA1_Channel3_IRQHandler
                0x080023d8                FSMC_IRQHandler
                0x080023d8                TIM1_UP_IRQHandler
                0x080023d8                WWDG_IRQHandler
                0x080023d8                TIM2_IRQHandler
                0x080023d8                TIM1_BRK_IRQHandler
                0x080023d8                EXTI1_IRQHandler
                0x080023d8                DMA2_Channel4_5_IRQHandler
                0x080023d8                USART2_IRQHandler
                0x080023d8                I2C2_ER_IRQHandler
                0x080023d8                DMA1_Channel2_IRQHandler
                0x080023d8                TIM8_BRK_IRQHandler
                0x080023d8                CAN1_SCE_IRQHandler
                0x080023d8                FLASH_IRQHandler
                0x080023d8                USART1_IRQHandler
                0x080023d8                SPI3_IRQHandler
                0x080023d8                I2C1_ER_IRQHandler
                0x080023d8                USBWakeUp_IRQHandler
                0x080023d8                DMA2_Channel3_IRQHandler
 *fill*         0x080023da        0x2 
 .text.abort    0x080023dc       0x10 d:/clion/gcc-arm-none-eabi-10.3-2021.10/bin/../lib/gcc/arm-none-eabi/10.3.1/../../../../arm-none-eabi/lib/thumb/v7-m/nofp\libg.a(lib_a-abort.o)
                0x080023dc                abort
 .text.__errno  0x080023ec        0xc d:/clion/gcc-arm-none-eabi-10.3-2021.10/bin/../lib/gcc/arm-none-eabi/10.3.1/../../../../arm-none-eabi/lib/thumb/v7-m/nofp\libg.a(lib_a-errno.o)
                0x080023ec                __errno
 .text.__libc_init_array
                0x080023f8       0x48 d:/clion/gcc-arm-none-eabi-10.3-2021.10/bin/../lib/gcc/arm-none-eabi/10.3.1/../../../../arm-none-eabi/lib/thumb/v7-m/nofp\libg.a(lib_a-init.o)
                0x080023f8                __libc_init_array
 .text.memset   0x08002440       0xa4 d:/clion/gcc-arm-none-eabi-10.3-2021.10/bin/../lib/gcc/arm-none-eabi/10.3.1/../../../../arm-none-eabi/lib/thumb/v7-m/nofp\libg.a(lib_a-memset.o)
                0x08002440                memset
 .text._puts_r  0x080024e4       0x9c d:/clion/gcc-arm-none-eabi-10.3-2021.10/bin/../lib/gcc/arm-none-eabi/10.3.1/../../../../arm-none-eabi/lib/thumb/v7-m/nofp\libg.a(lib_a-puts.o)
                0x080024e4                _puts_r
 .text.puts     0x08002580       0x10 d:/clion/gcc-arm-none-eabi-10.3-2021.10/bin/../lib/gcc/arm-none-eabi/10.3.1/../../../../arm-none-eabi/lib/thumb/v7-m/nofp\libg.a(lib_a-puts.o)
                0x08002580                puts
 .text.setvbuf  0x08002590      0x1b0 d:/clion/gcc-arm-none-eabi-10.3-2021.10/bin/../lib/gcc/arm-none-eabi/10.3.1/../../../../arm-none-eabi/lib/thumb/v7-m/nofp\libg.a(lib_a-setvbuf.o)
                0x08002590                setvbuf
 .text.raise    0x08002740       0x5c d:/clion/gcc-arm-none-eabi-10.3-2021.10/bin/../lib/gcc/arm-none-eabi/10.3.1/../../../../arm-none-eabi/lib/thumb/v7-m/nofp\libg.a(lib_a-signal.o)
                0x08002740                raise
 .text._kill_r  0x0800279c       0x28 d:/clion/gcc-arm-none-eabi-10.3-2021.10/bin/../lib/gcc/arm-none-eabi/10.3.1/../../../../arm-none-eabi/lib/thumb/v7-m/nofp\libg.a(lib_a-signalr.o)
                0x0800279c                _kill_r
 .text._getpid_r
                0x080027c4        0x4 d:/clion/gcc-arm-none-eabi-10.3-2021.10/bin/../lib/gcc/arm-none-eabi/10.3.1/../../../../arm-none-eabi/lib/thumb/v7-m/nofp\libg.a(lib_a-signalr.o)
                0x080027c4                _getpid_r
 .text.strlen   0x080027c8       0x5c d:/clion/gcc-arm-none-eabi-10.3-2021.10/bin/../lib/gcc/arm-none-eabi/10.3.1/../../../../arm-none-eabi/lib/thumb/v7-m/nofp\libg.a(lib_a-strlen-stub.o)
                0x080027c8                strlen
 .text.startup.register_fini
                0x08002824       0x14 d:/clion/gcc-arm-none-eabi-10.3-2021.10/bin/../lib/gcc/arm-none-eabi/10.3.1/../../../../arm-none-eabi/lib/thumb/v7-m/nofp\libg.a(lib_a-__call_atexit.o)
 .text.atexit   0x08002838        0xc d:/clion/gcc-arm-none-eabi-10.3-2021.10/bin/../lib/gcc/arm-none-eabi/10.3.1/../../../../arm-none-eabi/lib/thumb/v7-m/nofp\libg.a(lib_a-atexit.o)
                0x08002838                atexit
 .text.__sflush_r
                0x08002844      0x124 d:/clion/gcc-arm-none-eabi-10.3-2021.10/bin/../lib/gcc/arm-none-eabi/10.3.1/../../../../arm-none-eabi/lib/thumb/v7-m/nofp\libg.a(lib_a-fflush.o)
                0x08002844                __sflush_r
 .text._fflush_r
                0x08002968       0x5c d:/clion/gcc-arm-none-eabi-10.3-2021.10/bin/../lib/gcc/arm-none-eabi/10.3.1/../../../../arm-none-eabi/lib/thumb/v7-m/nofp\libg.a(lib_a-fflush.o)
                0x08002968                _fflush_r
 .text._cleanup_r
                0x080029c4        0xc d:/clion/gcc-arm-none-eabi-10.3-2021.10/bin/../lib/gcc/arm-none-eabi/10.3.1/../../../../arm-none-eabi/lib/thumb/v7-m/nofp\libg.a(lib_a-findfp.o)
                0x080029c4                _cleanup_r
 .text.__sinit  0x080029d0      0x10c d:/clion/gcc-arm-none-eabi-10.3-2021.10/bin/../lib/gcc/arm-none-eabi/10.3.1/../../../../arm-none-eabi/lib/thumb/v7-m/nofp\libg.a(lib_a-findfp.o)
                0x080029d0                __sinit
 .text.__sfp_lock_acquire
                0x08002adc        0xc d:/clion/gcc-arm-none-eabi-10.3-2021.10/bin/../lib/gcc/arm-none-eabi/10.3.1/../../../../arm-none-eabi/lib/thumb/v7-m/nofp\libg.a(lib_a-findfp.o)
                0x08002adc                __sfp_lock_acquire
 .text.__sfp_lock_release
                0x08002ae8        0xc d:/clion/gcc-arm-none-eabi-10.3-2021.10/bin/../lib/gcc/arm-none-eabi/10.3.1/../../../../arm-none-eabi/lib/thumb/v7-m/nofp\libg.a(lib_a-findfp.o)
                0x08002ae8                __sfp_lock_release
 .text.__libc_fini_array
                0x08002af4       0x2c d:/clion/gcc-arm-none-eabi-10.3-2021.10/bin/../lib/gcc/arm-none-eabi/10.3.1/../../../../arm-none-eabi/lib/thumb/v7-m/nofp\libg.a(lib_a-fini.o)
                0x08002af4                __libc_fini_array
 .text._malloc_trim_r
                0x08002b20       0xa0 d:/clion/gcc-arm-none-eabi-10.3-2021.10/bin/../lib/gcc/arm-none-eabi/10.3.1/../../../../arm-none-eabi/lib/thumb/v7-m/nofp\libg.a(lib_a-freer.o)
                0x08002b20                _malloc_trim_r
 .text._free_r  0x08002bc0      0x200 d:/clion/gcc-arm-none-eabi-10.3-2021.10/bin/../lib/gcc/arm-none-eabi/10.3.1/../../../../arm-none-eabi/lib/thumb/v7-m/nofp\libg.a(lib_a-freer.o)
                0x08002bc0                _free_r
 .text.__sfvwrite_r
                0x08002dc0      0x2f0 d:/clion/gcc-arm-none-eabi-10.3-2021.10/bin/../lib/gcc/arm-none-eabi/10.3.1/../../../../arm-none-eabi/lib/thumb/v7-m/nofp\libg.a(lib_a-fvwrite.o)
                0x08002dc0                __sfvwrite_r
 .text._fwalk_reent
                0x080030b0       0x48 d:/clion/gcc-arm-none-eabi-10.3-2021.10/bin/../lib/gcc/arm-none-eabi/10.3.1/../../../../arm-none-eabi/lib/thumb/v7-m/nofp\libg.a(lib_a-fwalk.o)
                0x080030b0                _fwalk_reent
 .text.__retarget_lock_init_recursive
                0x080030f8        0x4 d:/clion/gcc-arm-none-eabi-10.3-2021.10/bin/../lib/gcc/arm-none-eabi/10.3.1/../../../../arm-none-eabi/lib/thumb/v7-m/nofp\libg.a(lib_a-lock.o)
                0x080030f8                __retarget_lock_init_recursive
 .text.__retarget_lock_close_recursive
                0x080030fc        0x4 d:/clion/gcc-arm-none-eabi-10.3-2021.10/bin/../lib/gcc/arm-none-eabi/10.3.1/../../../../arm-none-eabi/lib/thumb/v7-m/nofp\libg.a(lib_a-lock.o)
                0x080030fc                __retarget_lock_close_recursive
 .text.__retarget_lock_acquire_recursive
                0x08003100        0x4 d:/clion/gcc-arm-none-eabi-10.3-2021.10/bin/../lib/gcc/arm-none-eabi/10.3.1/../../../../arm-none-eabi/lib/thumb/v7-m/nofp\libg.a(lib_a-lock.o)
                0x08003100                __retarget_lock_acquire_recursive
 .text.__retarget_lock_release_recursive
                0x08003104        0x4 d:/clion/gcc-arm-none-eabi-10.3-2021.10/bin/../lib/gcc/arm-none-eabi/10.3.1/../../../../arm-none-eabi/lib/thumb/v7-m/nofp\libg.a(lib_a-lock.o)
                0x08003104                __retarget_lock_release_recursive
 .text.__smakebuf_r
                0x08003108       0xe0 d:/clion/gcc-arm-none-eabi-10.3-2021.10/bin/../lib/gcc/arm-none-eabi/10.3.1/../../../../arm-none-eabi/lib/thumb/v7-m/nofp\libg.a(lib_a-makebuf.o)
                0x08003108                __smakebuf_r
 .text.__swhatbuf_r
                0x080031e8       0x60 d:/clion/gcc-arm-none-eabi-10.3-2021.10/bin/../lib/gcc/arm-none-eabi/10.3.1/../../../../arm-none-eabi/lib/thumb/v7-m/nofp\libg.a(lib_a-makebuf.o)
                0x080031e8                __swhatbuf_r
 .text.malloc   0x08003248       0x10 d:/clion/gcc-arm-none-eabi-10.3-2021.10/bin/../lib/gcc/arm-none-eabi/10.3.1/../../../../arm-none-eabi/lib/thumb/v7-m/nofp\libg.a(lib_a-malloc.o)
                0x08003248                malloc
 .text._malloc_r
                0x08003258      0x558 d:/clion/gcc-arm-none-eabi-10.3-2021.10/bin/../lib/gcc/arm-none-eabi/10.3.1/../../../../arm-none-eabi/lib/thumb/v7-m/nofp\libg.a(lib_a-mallocr.o)
                0x08003258                _malloc_r
 .text.memchr   0x080037b0       0x90 d:/clion/gcc-arm-none-eabi-10.3-2021.10/bin/../lib/gcc/arm-none-eabi/10.3.1/../../../../arm-none-eabi/lib/thumb/v7-m/nofp\libg.a(lib_a-memchr-stub.o)
                0x080037b0                memchr
 .text.memmove  0x08003840       0xf8 d:/clion/gcc-arm-none-eabi-10.3-2021.10/bin/../lib/gcc/arm-none-eabi/10.3.1/../../../../arm-none-eabi/lib/thumb/v7-m/nofp\libg.a(lib_a-memmove.o)
                0x08003840                memmove
 .text.__malloc_lock
                0x08003938        0xc d:/clion/gcc-arm-none-eabi-10.3-2021.10/bin/../lib/gcc/arm-none-eabi/10.3.1/../../../../arm-none-eabi/lib/thumb/v7-m/nofp\libg.a(lib_a-mlock.o)
                0x08003938                __malloc_lock
 .text.__malloc_unlock
                0x08003944        0xc d:/clion/gcc-arm-none-eabi-10.3-2021.10/bin/../lib/gcc/arm-none-eabi/10.3.1/../../../../arm-none-eabi/lib/thumb/v7-m/nofp\libg.a(lib_a-mlock.o)
                0x08003944                __malloc_unlock
 .text._realloc_r
                0x08003950      0x3dc d:/clion/gcc-arm-none-eabi-10.3-2021.10/bin/../lib/gcc/arm-none-eabi/10.3.1/../../../../arm-none-eabi/lib/thumb/v7-m/nofp\libg.a(lib_a-reallocr.o)
                0x08003950                _realloc_r
 .text._sbrk_r  0x08003d2c       0x24 d:/clion/gcc-arm-none-eabi-10.3-2021.10/bin/../lib/gcc/arm-none-eabi/10.3.1/../../../../arm-none-eabi/lib/thumb/v7-m/nofp\libg.a(lib_a-sbrkr.o)
                0x08003d2c                _sbrk_r
 .text.__sread  0x08003d50       0x24 d:/clion/gcc-arm-none-eabi-10.3-2021.10/bin/../lib/gcc/arm-none-eabi/10.3.1/../../../../arm-none-eabi/lib/thumb/v7-m/nofp\libg.a(lib_a-stdio.o)
                0x08003d50                __sread
 .text.__swrite
                0x08003d74       0x40 d:/clion/gcc-arm-none-eabi-10.3-2021.10/bin/../lib/gcc/arm-none-eabi/10.3.1/../../../../arm-none-eabi/lib/thumb/v7-m/nofp\libg.a(lib_a-stdio.o)
                0x08003d74                __swrite
 .text.__sseek  0x08003db4       0x20 d:/clion/gcc-arm-none-eabi-10.3-2021.10/bin/../lib/gcc/arm-none-eabi/10.3.1/../../../../arm-none-eabi/lib/thumb/v7-m/nofp\libg.a(lib_a-stdio.o)
                0x08003db4                __sseek
 .text.__sclose
                0x08003dd4        0x8 d:/clion/gcc-arm-none-eabi-10.3-2021.10/bin/../lib/gcc/arm-none-eabi/10.3.1/../../../../arm-none-eabi/lib/thumb/v7-m/nofp\libg.a(lib_a-stdio.o)
                0x08003dd4                __sclose
 .text._write_r
                0x08003ddc       0x2c d:/clion/gcc-arm-none-eabi-10.3-2021.10/bin/../lib/gcc/arm-none-eabi/10.3.1/../../../../arm-none-eabi/lib/thumb/v7-m/nofp\libg.a(lib_a-writer.o)
                0x08003ddc                _write_r
 .text.__swsetup_r
                0x08003e08       0xd4 d:/clion/gcc-arm-none-eabi-10.3-2021.10/bin/../lib/gcc/arm-none-eabi/10.3.1/../../../../arm-none-eabi/lib/thumb/v7-m/nofp\libg.a(lib_a-wsetup.o)
                0x08003e08                __swsetup_r
 .text.__register_exitproc
                0x08003edc       0x8c d:/clion/gcc-arm-none-eabi-10.3-2021.10/bin/../lib/gcc/arm-none-eabi/10.3.1/../../../../arm-none-eabi/lib/thumb/v7-m/nofp\libg.a(lib_a-__atexit.o)
                0x08003edc                __register_exitproc
 .text._close_r
                0x08003f68       0x24 d:/clion/gcc-arm-none-eabi-10.3-2021.10/bin/../lib/gcc/arm-none-eabi/10.3.1/../../../../arm-none-eabi/lib/thumb/v7-m/nofp\libg.a(lib_a-closer.o)
                0x08003f68                _close_r
 .text._fclose_r
                0x08003f8c       0xcc d:/clion/gcc-arm-none-eabi-10.3-2021.10/bin/../lib/gcc/arm-none-eabi/10.3.1/../../../../arm-none-eabi/lib/thumb/v7-m/nofp\libg.a(lib_a-fclose.o)
                0x08003f8c                _fclose_r
 .text._fstat_r
                0x08004058       0x28 d:/clion/gcc-arm-none-eabi-10.3-2021.10/bin/../lib/gcc/arm-none-eabi/10.3.1/../../../../arm-none-eabi/lib/thumb/v7-m/nofp\libg.a(lib_a-fstatr.o)
                0x08004058                _fstat_r
 .text._isatty_r
                0x08004080       0x24 d:/clion/gcc-arm-none-eabi-10.3-2021.10/bin/../lib/gcc/arm-none-eabi/10.3.1/../../../../arm-none-eabi/lib/thumb/v7-m/nofp\libg.a(lib_a-isattyr.o)
                0x08004080                _isatty_r
 .text._lseek_r
                0x080040a4       0x2c d:/clion/gcc-arm-none-eabi-10.3-2021.10/bin/../lib/gcc/arm-none-eabi/10.3.1/../../../../arm-none-eabi/lib/thumb/v7-m/nofp\libg.a(lib_a-lseekr.o)
                0x080040a4                _lseek_r
 .text._read_r  0x080040d0       0x2c d:/clion/gcc-arm-none-eabi-10.3-2021.10/bin/../lib/gcc/arm-none-eabi/10.3.1/../../../../arm-none-eabi/lib/thumb/v7-m/nofp\libg.a(lib_a-readr.o)
                0x080040d0                _read_r
 *(.glue_7)
 .glue_7        0x080040fc        0x0 linker stubs
 *(.glue_7t)
 .glue_7t       0x080040fc        0x0 linker stubs
 *(.eh_frame)
 .eh_frame      0x080040fc        0x0 d:/clion/gcc-arm-none-eabi-10.3-2021.10/bin/../lib/gcc/arm-none-eabi/10.3.1/thumb/v7-m/nofp/crtbegin.o
 *(.init)
 .init          0x080040fc        0x4 d:/clion/gcc-arm-none-eabi-10.3-2021.10/bin/../lib/gcc/arm-none-eabi/10.3.1/thumb/v7-m/nofp/crti.o
                0x080040fc                _init
 .init          0x08004100        0x8 d:/clion/gcc-arm-none-eabi-10.3-2021.10/bin/../lib/gcc/arm-none-eabi/10.3.1/thumb/v7-m/nofp/crtn.o
 *(.fini)
 .fini          0x08004108        0x4 d:/clion/gcc-arm-none-eabi-10.3-2021.10/bin/../lib/gcc/arm-none-eabi/10.3.1/thumb/v7-m/nofp/crti.o
                0x08004108                _fini
 .fini          0x0800410c        0x8 d:/clion/gcc-arm-none-eabi-10.3-2021.10/bin/../lib/gcc/arm-none-eabi/10.3.1/thumb/v7-m/nofp/crtn.o
                0x08004114                . = ALIGN (0x4)
                0x08004114                _etext = .

.vfp11_veneer   0x08004114        0x0
 .vfp11_veneer  0x08004114        0x0 linker stubs

.v4_bx          0x08004114        0x0
 .v4_bx         0x08004114        0x0 linker stubs

.iplt           0x08004114        0x0
 .iplt          0x08004114        0x0 d:/clion/gcc-arm-none-eabi-10.3-2021.10/bin/../lib/gcc/arm-none-eabi/10.3.1/thumb/v7-m/nofp/crtbegin.o

.rodata         0x08004114       0x60
                0x08004114                . = ALIGN (0x4)
 *(.rodata)
 *(.rodata*)
 .rodata.main.str1.4
                0x08004114        0xa CMakeFiles/LCD_test.elf.dir/Core/Src/main.c.obj
 *fill*         0x0800411e        0x2 
 .rodata.AHBPrescTable
                0x08004120       0x10 CMakeFiles/LCD_test.elf.dir/Core/Src/system_stm32f1xx.c.obj
                0x08004120                AHBPrescTable
 .rodata.APBPrescTable
                0x08004130        0x8 CMakeFiles/LCD_test.elf.dir/Core/Src/system_stm32f1xx.c.obj
                0x08004130                APBPrescTable
 .rodata.HAL_RCC_GetSysClockFreq.str1.4
                0x08004138       0x11 CMakeFiles/LCD_test.elf.dir/Drivers/STM32F1xx_HAL_Driver/Src/stm32f1xx_hal_rcc.c.obj
 *fill*         0x08004149        0x3 
 .rodata.running_water_led.str1.4
                0x0800414c       0x1d CMakeFiles/LCD_test.elf.dir/User/Src/led.cpp.obj
 *fill*         0x08004169        0x3 
 .rodata._global_impure_ptr
                0x0800416c        0x4 d:/clion/gcc-arm-none-eabi-10.3-2021.10/bin/../lib/gcc/arm-none-eabi/10.3.1/../../../../arm-none-eabi/lib/thumb/v7-m/nofp\libg.a(lib_a-impure.o)
                0x0800416c                _global_impure_ptr
 .rodata._puts_r.str1.4
                0x08004170        0x2 d:/clion/gcc-arm-none-eabi-10.3-2021.10/bin/../lib/gcc/arm-none-eabi/10.3.1/../../../../arm-none-eabi/lib/thumb/v7-m/nofp\libg.a(lib_a-puts.o)
                0x08004174                . = ALIGN (0x4)
 *fill*         0x08004172        0x2 

.ARM.extab      0x08004174       0x18
 *(.ARM.extab* .gnu.linkonce.armextab.*)
 .ARM.extab     0x08004174       0x18 d:/clion/gcc-arm-none-eabi-10.3-2021.10/bin/../lib/gcc/arm-none-eabi/10.3.1/thumb/v7-m/nofp\libgcc.a(pr-support.o)

.ARM            0x0800418c       0xc8
                0x0800418c                __exidx_start = .
 *(.ARM.exidx*)
 .ARM.exidx.text.running_water_led
                0x08004244       0x10 CMakeFiles/LCD_test.elf.dir/User/Src/led.cpp.obj
                                  0x8 (size before relaxing)
 .ARM.exidx     0x0800418c       0x80 d:/clion/gcc-arm-none-eabi-10.3-2021.10/bin/../lib/gcc/arm-none-eabi/10.3.1/thumb/v7-m/nofp\libgcc.a(unwind-arm.o)
                                 0xd8 (size before relaxing)
 .ARM.exidx     0x0800420c       0x38 d:/clion/gcc-arm-none-eabi-10.3-2021.10/bin/../lib/gcc/arm-none-eabi/10.3.1/thumb/v7-m/nofp\libgcc.a(pr-support.o)
                0x08004254                __exidx_end = .

.rel.dyn        0x08004254        0x0
 .rel.iplt      0x08004254        0x0 d:/clion/gcc-arm-none-eabi-10.3-2021.10/bin/../lib/gcc/arm-none-eabi/10.3.1/thumb/v7-m/nofp/crtbegin.o

.preinit_array  0x08004254        0x0
                0x08004254                PROVIDE (__preinit_array_start = .)
 *(.preinit_array*)
                0x08004254                PROVIDE (__preinit_array_end = .)

.init_array     0x08004254        0x8
                0x08004254                PROVIDE (__init_array_start = .)
 *(SORT_BY_NAME(.init_array.*))
 .init_array.00000
                0x08004254        0x4 d:/clion/gcc-arm-none-eabi-10.3-2021.10/bin/../lib/gcc/arm-none-eabi/10.3.1/../../../../arm-none-eabi/lib/thumb/v7-m/nofp\libg.a(lib_a-__call_atexit.o)
 *(.init_array*)
 .init_array    0x08004258        0x4 d:/clion/gcc-arm-none-eabi-10.3-2021.10/bin/../lib/gcc/arm-none-eabi/10.3.1/thumb/v7-m/nofp/crtbegin.o
                0x0800425c                PROVIDE (__init_array_end = .)

.fini_array     0x0800425c        0x4
                0x0800425c                PROVIDE (__fini_array_start = .)
 *(SORT_BY_NAME(.fini_array.*))
 *(.fini_array*)
 .fini_array    0x0800425c        0x4 d:/clion/gcc-arm-none-eabi-10.3-2021.10/bin/../lib/gcc/arm-none-eabi/10.3.1/thumb/v7-m/nofp/crtbegin.o
                0x08004260                PROVIDE (__fini_array_end = .)
                0x08004260                _sidata = LOADADDR (.data)

.data           0x20000000      0x84c load address 0x08004260
                0x20000000                . = ALIGN (0x4)
                0x20000000                _sdata = .
 *(.data)
 *(.data*)
 .data.SystemCoreClock
                0x20000000        0x4 CMakeFiles/LCD_test.elf.dir/Core/Src/system_stm32f1xx.c.obj
                0x20000000                SystemCoreClock
 .data.uwTickFreq
                0x20000004        0x1 CMakeFiles/LCD_test.elf.dir/Drivers/STM32F1xx_HAL_Driver/Src/stm32f1xx_hal.c.obj
                0x20000004                uwTickFreq
 *fill*         0x20000005        0x3 
 .data.uwTickPrio
                0x20000008        0x4 CMakeFiles/LCD_test.elf.dir/Drivers/STM32F1xx_HAL_Driver/Src/stm32f1xx_hal.c.obj
                0x20000008                uwTickPrio
 .data._impure_ptr
                0x2000000c        0x4 d:/clion/gcc-arm-none-eabi-10.3-2021.10/bin/../lib/gcc/arm-none-eabi/10.3.1/../../../../arm-none-eabi/lib/thumb/v7-m/nofp\libg.a(lib_a-impure.o)
                0x2000000c                _impure_ptr
 .data.impure_data
                0x20000010      0x428 d:/clion/gcc-arm-none-eabi-10.3-2021.10/bin/../lib/gcc/arm-none-eabi/10.3.1/../../../../arm-none-eabi/lib/thumb/v7-m/nofp\libg.a(lib_a-impure.o)
 .data.__atexit_recursive_mutex
                0x20000438        0x4 d:/clion/gcc-arm-none-eabi-10.3-2021.10/bin/../lib/gcc/arm-none-eabi/10.3.1/../../../../arm-none-eabi/lib/thumb/v7-m/nofp\libg.a(lib_a-__call_atexit.o)
                0x20000438                __atexit_recursive_mutex
 .data.__malloc_av_
                0x2000043c      0x408 d:/clion/gcc-arm-none-eabi-10.3-2021.10/bin/../lib/gcc/arm-none-eabi/10.3.1/../../../../arm-none-eabi/lib/thumb/v7-m/nofp\libg.a(lib_a-mallocr.o)
                0x2000043c                __malloc_av_
 .data.__malloc_sbrk_base
                0x20000844        0x4 d:/clion/gcc-arm-none-eabi-10.3-2021.10/bin/../lib/gcc/arm-none-eabi/10.3.1/../../../../arm-none-eabi/lib/thumb/v7-m/nofp\libg.a(lib_a-mallocr.o)
                0x20000844                __malloc_sbrk_base
 .data.__malloc_trim_threshold
                0x20000848        0x4 d:/clion/gcc-arm-none-eabi-10.3-2021.10/bin/../lib/gcc/arm-none-eabi/10.3.1/../../../../arm-none-eabi/lib/thumb/v7-m/nofp\libg.a(lib_a-mallocr.o)
                0x20000848                __malloc_trim_threshold
                0x2000084c                . = ALIGN (0x4)
                0x2000084c                _edata = .

.igot.plt       0x2000084c        0x0 load address 0x08004aac
 .igot.plt      0x2000084c        0x0 d:/clion/gcc-arm-none-eabi-10.3-2021.10/bin/../lib/gcc/arm-none-eabi/10.3.1/thumb/v7-m/nofp/crtbegin.o
                0x2000084c                . = ALIGN (0x4)

.bss            0x2000084c       0xb4 load address 0x08004aac
                0x2000084c                _sbss = .
                0x2000084c                __bss_start__ = _sbss
 *(.bss)
 .bss           0x2000084c       0x1c d:/clion/gcc-arm-none-eabi-10.3-2021.10/bin/../lib/gcc/arm-none-eabi/10.3.1/thumb/v7-m/nofp/crtbegin.o
 *(.bss*)
 .bss.huart1    0x20000868       0x44 CMakeFiles/LCD_test.elf.dir/Core/Src/main.c.obj
                0x20000868                huart1
 .bss.gHuart    0x200008ac        0x4 CMakeFiles/LCD_test.elf.dir/Core/Src/retarget.c.obj
                0x200008ac                gHuart
 .bss.heap_end.0
                0x200008b0        0x4 CMakeFiles/LCD_test.elf.dir/Core/Src/syscalls.c.obj
 .bss.uwTick    0x200008b4        0x4 CMakeFiles/LCD_test.elf.dir/Drivers/STM32F1xx_HAL_Driver/Src/stm32f1xx_hal.c.obj
                0x200008b4                uwTick
 .bss.__lock___atexit_recursive_mutex
                0x200008b8        0x1 d:/clion/gcc-arm-none-eabi-10.3-2021.10/bin/../lib/gcc/arm-none-eabi/10.3.1/../../../../arm-none-eabi/lib/thumb/v7-m/nofp\libg.a(lib_a-lock.o)
                0x200008b8                __lock___atexit_recursive_mutex
 *fill*         0x200008b9        0x3 
 .bss.__lock___malloc_recursive_mutex
                0x200008bc        0x1 d:/clion/gcc-arm-none-eabi-10.3-2021.10/bin/../lib/gcc/arm-none-eabi/10.3.1/../../../../arm-none-eabi/lib/thumb/v7-m/nofp\libg.a(lib_a-lock.o)
                0x200008bc                __lock___malloc_recursive_mutex
 *fill*         0x200008bd        0x3 
 .bss.__lock___sfp_recursive_mutex
                0x200008c0        0x1 d:/clion/gcc-arm-none-eabi-10.3-2021.10/bin/../lib/gcc/arm-none-eabi/10.3.1/../../../../arm-none-eabi/lib/thumb/v7-m/nofp\libg.a(lib_a-lock.o)
                0x200008c0                __lock___sfp_recursive_mutex
 *fill*         0x200008c1        0x3 
 .bss.__lock___sinit_recursive_mutex
                0x200008c4        0x1 d:/clion/gcc-arm-none-eabi-10.3-2021.10/bin/../lib/gcc/arm-none-eabi/10.3.1/../../../../arm-none-eabi/lib/thumb/v7-m/nofp\libg.a(lib_a-lock.o)
                0x200008c4                __lock___sinit_recursive_mutex
 *fill*         0x200008c5        0x3 
 .bss.__malloc_current_mallinfo
                0x200008c8       0x28 d:/clion/gcc-arm-none-eabi-10.3-2021.10/bin/../lib/gcc/arm-none-eabi/10.3.1/../../../../arm-none-eabi/lib/thumb/v7-m/nofp\libg.a(lib_a-mallocr.o)
                0x200008c8                __malloc_current_mallinfo
 .bss.__malloc_max_sbrked_mem
                0x200008f0        0x4 d:/clion/gcc-arm-none-eabi-10.3-2021.10/bin/../lib/gcc/arm-none-eabi/10.3.1/../../../../arm-none-eabi/lib/thumb/v7-m/nofp\libg.a(lib_a-mallocr.o)
                0x200008f0                __malloc_max_sbrked_mem
 .bss.__malloc_max_total_mem
                0x200008f4        0x4 d:/clion/gcc-arm-none-eabi-10.3-2021.10/bin/../lib/gcc/arm-none-eabi/10.3.1/../../../../arm-none-eabi/lib/thumb/v7-m/nofp\libg.a(lib_a-mallocr.o)
                0x200008f4                __malloc_max_total_mem
 .bss.__malloc_top_pad
                0x200008f8        0x4 d:/clion/gcc-arm-none-eabi-10.3-2021.10/bin/../lib/gcc/arm-none-eabi/10.3.1/../../../../arm-none-eabi/lib/thumb/v7-m/nofp\libg.a(lib_a-mallocr.o)
                0x200008f8                __malloc_top_pad
 .bss.errno     0x200008fc        0x4 d:/clion/gcc-arm-none-eabi-10.3-2021.10/bin/../lib/gcc/arm-none-eabi/10.3.1/../../../../arm-none-eabi/lib/thumb/v7-m/nofp\libg.a(lib_a-reent.o)
                0x200008fc                errno
 *(COMMON)
                0x20000900                . = ALIGN (0x4)
                0x20000900                _ebss = .
                0x20000900                __bss_end__ = _ebss

._user_heap_stack
                0x20000900      0x600 load address 0x08004aac
                0x20000900                . = ALIGN (0x8)
                0x20000900                PROVIDE (end = .)
                [!provide]                PROVIDE (_end = .)
                0x20000b00                . = (. + _Min_Heap_Size)
 *fill*         0x20000900      0x200 
                0x20000f00                . = (. + _Min_Stack_Size)
 *fill*         0x20000b00      0x400 
                0x20000f00                . = ALIGN (0x8)

/DISCARD/
 libc.a(*)
 libm.a(*)
 libgcc.a(*)

.ARM.attributes
                0x00000000       0x29
 *(.ARM.attributes)
 .ARM.attributes
                0x00000000       0x1d d:/clion/gcc-arm-none-eabi-10.3-2021.10/bin/../lib/gcc/arm-none-eabi/10.3.1/thumb/v7-m/nofp/crti.o
 .ARM.attributes
                0x0000001d       0x2d d:/clion/gcc-arm-none-eabi-10.3-2021.10/bin/../lib/gcc/arm-none-eabi/10.3.1/thumb/v7-m/nofp/crtbegin.o
 .ARM.attributes
                0x0000004a       0x2d CMakeFiles/LCD_test.elf.dir/Core/Src/main.c.obj
 .ARM.attributes
                0x00000077       0x2d CMakeFiles/LCD_test.elf.dir/Core/Src/retarget.c.obj
 .ARM.attributes
                0x000000a4       0x2d CMakeFiles/LCD_test.elf.dir/Core/Src/stm32f1xx_hal_msp.c.obj
 .ARM.attributes
                0x000000d1       0x2d CMakeFiles/LCD_test.elf.dir/Core/Src/stm32f1xx_it.c.obj
 .ARM.attributes
                0x000000fe       0x2d CMakeFiles/LCD_test.elf.dir/Core/Src/syscalls.c.obj
 .ARM.attributes
                0x0000012b       0x2d CMakeFiles/LCD_test.elf.dir/Core/Src/system_stm32f1xx.c.obj
 .ARM.attributes
                0x00000158       0x2d CMakeFiles/LCD_test.elf.dir/Drivers/STM32F1xx_HAL_Driver/Src/stm32f1xx_hal.c.obj
 .ARM.attributes
                0x00000185       0x2d CMakeFiles/LCD_test.elf.dir/Drivers/STM32F1xx_HAL_Driver/Src/stm32f1xx_hal_cortex.c.obj
 .ARM.attributes
                0x000001b2       0x2d CMakeFiles/LCD_test.elf.dir/Drivers/STM32F1xx_HAL_Driver/Src/stm32f1xx_hal_gpio.c.obj
 .ARM.attributes
                0x000001df       0x2d CMakeFiles/LCD_test.elf.dir/Drivers/STM32F1xx_HAL_Driver/Src/stm32f1xx_hal_rcc.c.obj
 .ARM.attributes
                0x0000020c       0x2d CMakeFiles/LCD_test.elf.dir/Drivers/STM32F1xx_HAL_Driver/Src/stm32f1xx_hal_uart.c.obj
 .ARM.attributes
                0x00000239       0x2d CMakeFiles/LCD_test.elf.dir/User/Src/led.cpp.obj
 .ARM.attributes
                0x00000266       0x21 CMakeFiles/LCD_test.elf.dir/startup/startup_stm32f103xe.s.obj
 .ARM.attributes
                0x00000287       0x2d d:/clion/gcc-arm-none-eabi-10.3-2021.10/bin/../lib/gcc/arm-none-eabi/10.3.1/thumb/v7-m/nofp\libgcc.a(unwind-arm.o)
 .ARM.attributes
                0x000002b4       0x1d d:/clion/gcc-arm-none-eabi-10.3-2021.10/bin/../lib/gcc/arm-none-eabi/10.3.1/thumb/v7-m/nofp\libgcc.a(libunwind.o)
 .ARM.attributes
                0x000002d1       0x2d d:/clion/gcc-arm-none-eabi-10.3-2021.10/bin/../lib/gcc/arm-none-eabi/10.3.1/thumb/v7-m/nofp\libgcc.a(pr-support.o)
 .ARM.attributes
                0x000002fe       0x2d d:/clion/gcc-arm-none-eabi-10.3-2021.10/bin/../lib/gcc/arm-none-eabi/10.3.1/../../../../arm-none-eabi/lib/thumb/v7-m/nofp\libg.a(lib_a-abort.o)
 .ARM.attributes
                0x0000032b       0x2d d:/clion/gcc-arm-none-eabi-10.3-2021.10/bin/../lib/gcc/arm-none-eabi/10.3.1/../../../../arm-none-eabi/lib/thumb/v7-m/nofp\libg.a(lib_a-errno.o)
 .ARM.attributes
                0x00000358       0x2d d:/clion/gcc-arm-none-eabi-10.3-2021.10/bin/../lib/gcc/arm-none-eabi/10.3.1/../../../../arm-none-eabi/lib/thumb/v7-m/nofp\libg.a(lib_a-impure.o)
 .ARM.attributes
                0x00000385       0x2d d:/clion/gcc-arm-none-eabi-10.3-2021.10/bin/../lib/gcc/arm-none-eabi/10.3.1/../../../../arm-none-eabi/lib/thumb/v7-m/nofp\libg.a(lib_a-init.o)
 .ARM.attributes
                0x000003b2       0x1b d:/clion/gcc-arm-none-eabi-10.3-2021.10/bin/../lib/gcc/arm-none-eabi/10.3.1/../../../../arm-none-eabi/lib/thumb/v7-m/nofp\libg.a(lib_a-memcpy.o)
 .ARM.attributes
                0x000003cd       0x2d d:/clion/gcc-arm-none-eabi-10.3-2021.10/bin/../lib/gcc/arm-none-eabi/10.3.1/../../../../arm-none-eabi/lib/thumb/v7-m/nofp\libg.a(lib_a-memset.o)
 .ARM.attributes
                0x000003fa       0x2d d:/clion/gcc-arm-none-eabi-10.3-2021.10/bin/../lib/gcc/arm-none-eabi/10.3.1/../../../../arm-none-eabi/lib/thumb/v7-m/nofp\libg.a(lib_a-puts.o)
 .ARM.attributes
                0x00000427       0x2d d:/clion/gcc-arm-none-eabi-10.3-2021.10/bin/../lib/gcc/arm-none-eabi/10.3.1/../../../../arm-none-eabi/lib/thumb/v7-m/nofp\libg.a(lib_a-setvbuf.o)
 .ARM.attributes
                0x00000454       0x2d d:/clion/gcc-arm-none-eabi-10.3-2021.10/bin/../lib/gcc/arm-none-eabi/10.3.1/../../../../arm-none-eabi/lib/thumb/v7-m/nofp\libg.a(lib_a-signal.o)
 .ARM.attributes
                0x00000481       0x2d d:/clion/gcc-arm-none-eabi-10.3-2021.10/bin/../lib/gcc/arm-none-eabi/10.3.1/../../../../arm-none-eabi/lib/thumb/v7-m/nofp\libg.a(lib_a-signalr.o)
 .ARM.attributes
                0x000004ae       0x2d d:/clion/gcc-arm-none-eabi-10.3-2021.10/bin/../lib/gcc/arm-none-eabi/10.3.1/../../../../arm-none-eabi/lib/thumb/v7-m/nofp\libg.a(lib_a-strlen-stub.o)
 .ARM.attributes
                0x000004db       0x2d d:/clion/gcc-arm-none-eabi-10.3-2021.10/bin/../lib/gcc/arm-none-eabi/10.3.1/../../../../arm-none-eabi/lib/thumb/v7-m/nofp\libg.a(lib_a-__call_atexit.o)
 .ARM.attributes
                0x00000508       0x2d d:/clion/gcc-arm-none-eabi-10.3-2021.10/bin/../lib/gcc/arm-none-eabi/10.3.1/../../../../arm-none-eabi/lib/thumb/v7-m/nofp\libg.a(lib_a-atexit.o)
 .ARM.attributes
                0x00000535       0x2d d:/clion/gcc-arm-none-eabi-10.3-2021.10/bin/../lib/gcc/arm-none-eabi/10.3.1/../../../../arm-none-eabi/lib/thumb/v7-m/nofp\libg.a(lib_a-fflush.o)
 .ARM.attributes
                0x00000562       0x2d d:/clion/gcc-arm-none-eabi-10.3-2021.10/bin/../lib/gcc/arm-none-eabi/10.3.1/../../../../arm-none-eabi/lib/thumb/v7-m/nofp\libg.a(lib_a-findfp.o)
 .ARM.attributes
                0x0000058f       0x2d d:/clion/gcc-arm-none-eabi-10.3-2021.10/bin/../lib/gcc/arm-none-eabi/10.3.1/../../../../arm-none-eabi/lib/thumb/v7-m/nofp\libg.a(lib_a-fini.o)
 .ARM.attributes
                0x000005bc       0x2d d:/clion/gcc-arm-none-eabi-10.3-2021.10/bin/../lib/gcc/arm-none-eabi/10.3.1/../../../../arm-none-eabi/lib/thumb/v7-m/nofp\libg.a(lib_a-freer.o)
 .ARM.attributes
                0x000005e9       0x2d d:/clion/gcc-arm-none-eabi-10.3-2021.10/bin/../lib/gcc/arm-none-eabi/10.3.1/../../../../arm-none-eabi/lib/thumb/v7-m/nofp\libg.a(lib_a-fvwrite.o)
 .ARM.attributes
                0x00000616       0x2d d:/clion/gcc-arm-none-eabi-10.3-2021.10/bin/../lib/gcc/arm-none-eabi/10.3.1/../../../../arm-none-eabi/lib/thumb/v7-m/nofp\libg.a(lib_a-fwalk.o)
 .ARM.attributes
                0x00000643       0x2d d:/clion/gcc-arm-none-eabi-10.3-2021.10/bin/../lib/gcc/arm-none-eabi/10.3.1/../../../../arm-none-eabi/lib/thumb/v7-m/nofp\libg.a(lib_a-lock.o)
 .ARM.attributes
                0x00000670       0x2d d:/clion/gcc-arm-none-eabi-10.3-2021.10/bin/../lib/gcc/arm-none-eabi/10.3.1/../../../../arm-none-eabi/lib/thumb/v7-m/nofp\libg.a(lib_a-makebuf.o)
 .ARM.attributes
                0x0000069d       0x2d d:/clion/gcc-arm-none-eabi-10.3-2021.10/bin/../lib/gcc/arm-none-eabi/10.3.1/../../../../arm-none-eabi/lib/thumb/v7-m/nofp\libg.a(lib_a-malloc.o)
 .ARM.attributes
                0x000006ca       0x2d d:/clion/gcc-arm-none-eabi-10.3-2021.10/bin/../lib/gcc/arm-none-eabi/10.3.1/../../../../arm-none-eabi/lib/thumb/v7-m/nofp\libg.a(lib_a-mallocr.o)
 .ARM.attributes
                0x000006f7       0x2d d:/clion/gcc-arm-none-eabi-10.3-2021.10/bin/../lib/gcc/arm-none-eabi/10.3.1/../../../../arm-none-eabi/lib/thumb/v7-m/nofp\libg.a(lib_a-memchr-stub.o)
 .ARM.attributes
                0x00000724       0x2d d:/clion/gcc-arm-none-eabi-10.3-2021.10/bin/../lib/gcc/arm-none-eabi/10.3.1/../../../../arm-none-eabi/lib/thumb/v7-m/nofp\libg.a(lib_a-memmove.o)
 .ARM.attributes
                0x00000751       0x2d d:/clion/gcc-arm-none-eabi-10.3-2021.10/bin/../lib/gcc/arm-none-eabi/10.3.1/../../../../arm-none-eabi/lib/thumb/v7-m/nofp\libg.a(lib_a-mlock.o)
 .ARM.attributes
                0x0000077e       0x2d d:/clion/gcc-arm-none-eabi-10.3-2021.10/bin/../lib/gcc/arm-none-eabi/10.3.1/../../../../arm-none-eabi/lib/thumb/v7-m/nofp\libg.a(lib_a-reallocr.o)
 .ARM.attributes
                0x000007ab       0x2d d:/clion/gcc-arm-none-eabi-10.3-2021.10/bin/../lib/gcc/arm-none-eabi/10.3.1/../../../../arm-none-eabi/lib/thumb/v7-m/nofp\libg.a(lib_a-reent.o)
 .ARM.attributes
                0x000007d8       0x2d d:/clion/gcc-arm-none-eabi-10.3-2021.10/bin/../lib/gcc/arm-none-eabi/10.3.1/../../../../arm-none-eabi/lib/thumb/v7-m/nofp\libg.a(lib_a-sbrkr.o)
 .ARM.attributes
                0x00000805       0x2d d:/clion/gcc-arm-none-eabi-10.3-2021.10/bin/../lib/gcc/arm-none-eabi/10.3.1/../../../../arm-none-eabi/lib/thumb/v7-m/nofp\libg.a(lib_a-stdio.o)
 .ARM.attributes
                0x00000832       0x2d d:/clion/gcc-arm-none-eabi-10.3-2021.10/bin/../lib/gcc/arm-none-eabi/10.3.1/../../../../arm-none-eabi/lib/thumb/v7-m/nofp\libg.a(lib_a-writer.o)
 .ARM.attributes
                0x0000085f       0x2d d:/clion/gcc-arm-none-eabi-10.3-2021.10/bin/../lib/gcc/arm-none-eabi/10.3.1/../../../../arm-none-eabi/lib/thumb/v7-m/nofp\libg.a(lib_a-wsetup.o)
 .ARM.attributes
                0x0000088c       0x2d d:/clion/gcc-arm-none-eabi-10.3-2021.10/bin/../lib/gcc/arm-none-eabi/10.3.1/../../../../arm-none-eabi/lib/thumb/v7-m/nofp\libg.a(lib_a-__atexit.o)
 .ARM.attributes
                0x000008b9       0x2d d:/clion/gcc-arm-none-eabi-10.3-2021.10/bin/../lib/gcc/arm-none-eabi/10.3.1/../../../../arm-none-eabi/lib/thumb/v7-m/nofp\libg.a(lib_a-closer.o)
 .ARM.attributes
                0x000008e6       0x2d d:/clion/gcc-arm-none-eabi-10.3-2021.10/bin/../lib/gcc/arm-none-eabi/10.3.1/../../../../arm-none-eabi/lib/thumb/v7-m/nofp\libg.a(lib_a-fclose.o)
 .ARM.attributes
                0x00000913       0x2d d:/clion/gcc-arm-none-eabi-10.3-2021.10/bin/../lib/gcc/arm-none-eabi/10.3.1/../../../../arm-none-eabi/lib/thumb/v7-m/nofp\libg.a(lib_a-fstatr.o)
 .ARM.attributes
                0x00000940       0x2d d:/clion/gcc-arm-none-eabi-10.3-2021.10/bin/../lib/gcc/arm-none-eabi/10.3.1/../../../../arm-none-eabi/lib/thumb/v7-m/nofp\libg.a(lib_a-isattyr.o)
 .ARM.attributes
                0x0000096d       0x2d d:/clion/gcc-arm-none-eabi-10.3-2021.10/bin/../lib/gcc/arm-none-eabi/10.3.1/../../../../arm-none-eabi/lib/thumb/v7-m/nofp\libg.a(lib_a-lseekr.o)
 .ARM.attributes
                0x0000099a       0x2d d:/clion/gcc-arm-none-eabi-10.3-2021.10/bin/../lib/gcc/arm-none-eabi/10.3.1/../../../../arm-none-eabi/lib/thumb/v7-m/nofp\libg.a(lib_a-readr.o)
 .ARM.attributes
                0x000009c7       0x1d d:/clion/gcc-arm-none-eabi-10.3-2021.10/bin/../lib/gcc/arm-none-eabi/10.3.1/thumb/v7-m/nofp/crtn.o
OUTPUT(LCD_test.elf elf32-littlearm)
LOAD linker stubs
LOAD d:/clion/gcc-arm-none-eabi-10.3-2021.10/bin/../lib/gcc/arm-none-eabi/10.3.1/../../../../arm-none-eabi/lib/thumb/v7-m/nofp\libc.a
LOAD d:/clion/gcc-arm-none-eabi-10.3-2021.10/bin/../lib/gcc/arm-none-eabi/10.3.1/../../../../arm-none-eabi/lib/thumb/v7-m/nofp\libm.a
LOAD d:/clion/gcc-arm-none-eabi-10.3-2021.10/bin/../lib/gcc/arm-none-eabi/10.3.1/thumb/v7-m/nofp\libgcc.a

.debug_info     0x00000000     0x76fa
 .debug_info    0x00000000      0xb4e CMakeFiles/LCD_test.elf.dir/Core/Src/main.c.obj
 .debug_info    0x00000b4e     0x12a7 CMakeFiles/LCD_test.elf.dir/Core/Src/retarget.c.obj
 .debug_info    0x00001df5      0x87f CMakeFiles/LCD_test.elf.dir/Core/Src/stm32f1xx_hal_msp.c.obj
 .debug_info    0x00002674      0x137 CMakeFiles/LCD_test.elf.dir/Core/Src/stm32f1xx_it.c.obj
 .debug_info    0x000027ab      0x750 CMakeFiles/LCD_test.elf.dir/Core/Src/syscalls.c.obj
 .debug_info    0x00002efb      0x248 CMakeFiles/LCD_test.elf.dir/Core/Src/system_stm32f1xx.c.obj
 .debug_info    0x00003143      0x80e CMakeFiles/LCD_test.elf.dir/Drivers/STM32F1xx_HAL_Driver/Src/stm32f1xx_hal.c.obj
 .debug_info    0x00003951      0xdf0 CMakeFiles/LCD_test.elf.dir/Drivers/STM32F1xx_HAL_Driver/Src/stm32f1xx_hal_cortex.c.obj
 .debug_info    0x00004741      0x66f CMakeFiles/LCD_test.elf.dir/Drivers/STM32F1xx_HAL_Driver/Src/stm32f1xx_hal_gpio.c.obj
 .debug_info    0x00004db0      0xa36 CMakeFiles/LCD_test.elf.dir/Drivers/STM32F1xx_HAL_Driver/Src/stm32f1xx_hal_rcc.c.obj
 .debug_info    0x000057e6     0x1c8b CMakeFiles/LCD_test.elf.dir/Drivers/STM32F1xx_HAL_Driver/Src/stm32f1xx_hal_uart.c.obj
 .debug_info    0x00007471      0x267 CMakeFiles/LCD_test.elf.dir/User/Src/led.cpp.obj
 .debug_info    0x000076d8       0x22 CMakeFiles/LCD_test.elf.dir/startup/startup_stm32f103xe.s.obj

.debug_abbrev   0x00000000     0x173a
 .debug_abbrev  0x00000000      0x20e CMakeFiles/LCD_test.elf.dir/Core/Src/main.c.obj
 .debug_abbrev  0x0000020e      0x2b4 CMakeFiles/LCD_test.elf.dir/Core/Src/retarget.c.obj
 .debug_abbrev  0x000004c2      0x1b0 CMakeFiles/LCD_test.elf.dir/Core/Src/stm32f1xx_hal_msp.c.obj
 .debug_abbrev  0x00000672       0x7e CMakeFiles/LCD_test.elf.dir/Core/Src/stm32f1xx_it.c.obj
 .debug_abbrev  0x000006f0      0x1da CMakeFiles/LCD_test.elf.dir/Core/Src/syscalls.c.obj
 .debug_abbrev  0x000008ca      0x13e CMakeFiles/LCD_test.elf.dir/Core/Src/system_stm32f1xx.c.obj
 .debug_abbrev  0x00000a08      0x1f4 CMakeFiles/LCD_test.elf.dir/Drivers/STM32F1xx_HAL_Driver/Src/stm32f1xx_hal.c.obj
 .debug_abbrev  0x00000bfc      0x341 CMakeFiles/LCD_test.elf.dir/Drivers/STM32F1xx_HAL_Driver/Src/stm32f1xx_hal_cortex.c.obj
 .debug_abbrev  0x00000f3d      0x1e6 CMakeFiles/LCD_test.elf.dir/Drivers/STM32F1xx_HAL_Driver/Src/stm32f1xx_hal_gpio.c.obj
 .debug_abbrev  0x00001123      0x27a CMakeFiles/LCD_test.elf.dir/Drivers/STM32F1xx_HAL_Driver/Src/stm32f1xx_hal_rcc.c.obj
 .debug_abbrev  0x0000139d      0x254 CMakeFiles/LCD_test.elf.dir/Drivers/STM32F1xx_HAL_Driver/Src/stm32f1xx_hal_uart.c.obj
 .debug_abbrev  0x000015f1      0x137 CMakeFiles/LCD_test.elf.dir/User/Src/led.cpp.obj
 .debug_abbrev  0x00001728       0x12 CMakeFiles/LCD_test.elf.dir/startup/startup_stm32f103xe.s.obj

.debug_aranges  0x00000000      0x678
 .debug_aranges
                0x00000000       0x40 CMakeFiles/LCD_test.elf.dir/Core/Src/main.c.obj
 .debug_aranges
                0x00000040       0x50 CMakeFiles/LCD_test.elf.dir/Core/Src/retarget.c.obj
 .debug_aranges
                0x00000090       0x30 CMakeFiles/LCD_test.elf.dir/Core/Src/stm32f1xx_hal_msp.c.obj
 .debug_aranges
                0x000000c0       0x60 CMakeFiles/LCD_test.elf.dir/Core/Src/stm32f1xx_it.c.obj
 .debug_aranges
                0x00000120       0x90 CMakeFiles/LCD_test.elf.dir/Core/Src/syscalls.c.obj
 .debug_aranges
                0x000001b0       0x28 CMakeFiles/LCD_test.elf.dir/Core/Src/system_stm32f1xx.c.obj
 .debug_aranges
                0x000001d8       0xe0 CMakeFiles/LCD_test.elf.dir/Drivers/STM32F1xx_HAL_Driver/Src/stm32f1xx_hal.c.obj
 .debug_aranges
                0x000002b8       0x90 CMakeFiles/LCD_test.elf.dir/Drivers/STM32F1xx_HAL_Driver/Src/stm32f1xx_hal_cortex.c.obj
 .debug_aranges
                0x00000348       0x58 CMakeFiles/LCD_test.elf.dir/Drivers/STM32F1xx_HAL_Driver/Src/stm32f1xx_hal_gpio.c.obj
 .debug_aranges
                0x000003a0       0x90 CMakeFiles/LCD_test.elf.dir/Drivers/STM32F1xx_HAL_Driver/Src/stm32f1xx_hal_rcc.c.obj
 .debug_aranges
                0x00000430      0x200 CMakeFiles/LCD_test.elf.dir/Drivers/STM32F1xx_HAL_Driver/Src/stm32f1xx_hal_uart.c.obj
 .debug_aranges
                0x00000630       0x20 CMakeFiles/LCD_test.elf.dir/User/Src/led.cpp.obj
 .debug_aranges
                0x00000650       0x28 CMakeFiles/LCD_test.elf.dir/startup/startup_stm32f103xe.s.obj

.debug_ranges   0x00000000      0x630
 .debug_ranges  0x00000000       0x30 CMakeFiles/LCD_test.elf.dir/Core/Src/main.c.obj
 .debug_ranges  0x00000030       0x40 CMakeFiles/LCD_test.elf.dir/Core/Src/retarget.c.obj
 .debug_ranges  0x00000070       0x20 CMakeFiles/LCD_test.elf.dir/Core/Src/stm32f1xx_hal_msp.c.obj
 .debug_ranges  0x00000090       0x50 CMakeFiles/LCD_test.elf.dir/Core/Src/stm32f1xx_it.c.obj
 .debug_ranges  0x000000e0       0x80 CMakeFiles/LCD_test.elf.dir/Core/Src/syscalls.c.obj
 .debug_ranges  0x00000160       0x18 CMakeFiles/LCD_test.elf.dir/Core/Src/system_stm32f1xx.c.obj
 .debug_ranges  0x00000178       0xd0 CMakeFiles/LCD_test.elf.dir/Drivers/STM32F1xx_HAL_Driver/Src/stm32f1xx_hal.c.obj
 .debug_ranges  0x00000248       0xe0 CMakeFiles/LCD_test.elf.dir/Drivers/STM32F1xx_HAL_Driver/Src/stm32f1xx_hal_cortex.c.obj
 .debug_ranges  0x00000328       0x48 CMakeFiles/LCD_test.elf.dir/Drivers/STM32F1xx_HAL_Driver/Src/stm32f1xx_hal_gpio.c.obj
 .debug_ranges  0x00000370       0xa0 CMakeFiles/LCD_test.elf.dir/Drivers/STM32F1xx_HAL_Driver/Src/stm32f1xx_hal_rcc.c.obj
 .debug_ranges  0x00000410      0x1f0 CMakeFiles/LCD_test.elf.dir/Drivers/STM32F1xx_HAL_Driver/Src/stm32f1xx_hal_uart.c.obj
 .debug_ranges  0x00000600       0x10 CMakeFiles/LCD_test.elf.dir/User/Src/led.cpp.obj
 .debug_ranges  0x00000610       0x20 CMakeFiles/LCD_test.elf.dir/startup/startup_stm32f103xe.s.obj

.debug_line     0x00000000     0x57a1
 .debug_line    0x00000000      0x53f CMakeFiles/LCD_test.elf.dir/Core/Src/main.c.obj
 .debug_line    0x0000053f      0x47e CMakeFiles/LCD_test.elf.dir/Core/Src/retarget.c.obj
 .debug_line    0x000009bd      0x2e8 CMakeFiles/LCD_test.elf.dir/Core/Src/stm32f1xx_hal_msp.c.obj
 .debug_line    0x00000ca5      0x1c7 CMakeFiles/LCD_test.elf.dir/Core/Src/stm32f1xx_it.c.obj
 .debug_line    0x00000e6c      0x3f2 CMakeFiles/LCD_test.elf.dir/Core/Src/syscalls.c.obj
 .debug_line    0x0000125e      0x264 CMakeFiles/LCD_test.elf.dir/Core/Src/system_stm32f1xx.c.obj
 .debug_line    0x000014c2      0x59c CMakeFiles/LCD_test.elf.dir/Drivers/STM32F1xx_HAL_Driver/Src/stm32f1xx_hal.c.obj
 .debug_line    0x00001a5e      0x67f CMakeFiles/LCD_test.elf.dir/Drivers/STM32F1xx_HAL_Driver/Src/stm32f1xx_hal_cortex.c.obj
 .debug_line    0x000020dd      0x63d CMakeFiles/LCD_test.elf.dir/Drivers/STM32F1xx_HAL_Driver/Src/stm32f1xx_hal_gpio.c.obj
 .debug_line    0x0000271a      0xc72 CMakeFiles/LCD_test.elf.dir/Drivers/STM32F1xx_HAL_Driver/Src/stm32f1xx_hal_rcc.c.obj
 .debug_line    0x0000338c     0x2101 CMakeFiles/LCD_test.elf.dir/Drivers/STM32F1xx_HAL_Driver/Src/stm32f1xx_hal_uart.c.obj
 .debug_line    0x0000548d      0x26f CMakeFiles/LCD_test.elf.dir/User/Src/led.cpp.obj
 .debug_line    0x000056fc       0xa5 CMakeFiles/LCD_test.elf.dir/startup/startup_stm32f103xe.s.obj

.debug_str      0x00000000     0x2666
 .debug_str     0x00000000      0x7e6 CMakeFiles/LCD_test.elf.dir/Core/Src/main.c.obj
                                0x890 (size before relaxing)
 .debug_str     0x000007e6      0x53b CMakeFiles/LCD_test.elf.dir/Core/Src/retarget.c.obj
                                0xb5b (size before relaxing)
 .debug_str     0x00000d21       0xb3 CMakeFiles/LCD_test.elf.dir/Core/Src/stm32f1xx_hal_msp.c.obj
                                0x6c9 (size before relaxing)
 .debug_str     0x00000dd4       0xdc CMakeFiles/LCD_test.elf.dir/Core/Src/stm32f1xx_it.c.obj
                                0x26f (size before relaxing)
 .debug_str     0x00000eb0      0x13c CMakeFiles/LCD_test.elf.dir/Core/Src/syscalls.c.obj
                                0x44b (size before relaxing)
 .debug_str     0x00000fec       0xa3 CMakeFiles/LCD_test.elf.dir/Core/Src/system_stm32f1xx.c.obj
                                0x29c (size before relaxing)
 .debug_str     0x0000108f      0x6ea CMakeFiles/LCD_test.elf.dir/Drivers/STM32F1xx_HAL_Driver/Src/stm32f1xx_hal.c.obj
                                0x950 (size before relaxing)
 .debug_str     0x00001779      0x3ea CMakeFiles/LCD_test.elf.dir/Drivers/STM32F1xx_HAL_Driver/Src/stm32f1xx_hal_cortex.c.obj
                                0x9ff (size before relaxing)
 .debug_str     0x00001b63      0x131 CMakeFiles/LCD_test.elf.dir/Drivers/STM32F1xx_HAL_Driver/Src/stm32f1xx_hal_gpio.c.obj
                                0x448 (size before relaxing)
 .debug_str     0x00001c94      0x219 CMakeFiles/LCD_test.elf.dir/Drivers/STM32F1xx_HAL_Driver/Src/stm32f1xx_hal_rcc.c.obj
                                0x673 (size before relaxing)
 .debug_str     0x00001ead      0x633 CMakeFiles/LCD_test.elf.dir/Drivers/STM32F1xx_HAL_Driver/Src/stm32f1xx_hal_uart.c.obj
                                0xcd6 (size before relaxing)
 .debug_str     0x000024e0      0x132 CMakeFiles/LCD_test.elf.dir/User/Src/led.cpp.obj
                                0x2ac (size before relaxing)
 .debug_str     0x00002612       0x54 CMakeFiles/LCD_test.elf.dir/startup/startup_stm32f103xe.s.obj
                                 0x8e (size before relaxing)

.comment        0x00000000       0x49
 .comment       0x00000000       0x49 CMakeFiles/LCD_test.elf.dir/Core/Src/main.c.obj
                                 0x4a (size before relaxing)
 .comment       0x00000049       0x4a CMakeFiles/LCD_test.elf.dir/Core/Src/retarget.c.obj
 .comment       0x00000049       0x4a CMakeFiles/LCD_test.elf.dir/Core/Src/stm32f1xx_hal_msp.c.obj
 .comment       0x00000049       0x4a CMakeFiles/LCD_test.elf.dir/Core/Src/stm32f1xx_it.c.obj
 .comment       0x00000049       0x4a CMakeFiles/LCD_test.elf.dir/Core/Src/syscalls.c.obj
 .comment       0x00000049       0x4a CMakeFiles/LCD_test.elf.dir/Core/Src/system_stm32f1xx.c.obj
 .comment       0x00000049       0x4a CMakeFiles/LCD_test.elf.dir/Drivers/STM32F1xx_HAL_Driver/Src/stm32f1xx_hal.c.obj
 .comment       0x00000049       0x4a CMakeFiles/LCD_test.elf.dir/Drivers/STM32F1xx_HAL_Driver/Src/stm32f1xx_hal_cortex.c.obj
 .comment       0x00000049       0x4a CMakeFiles/LCD_test.elf.dir/Drivers/STM32F1xx_HAL_Driver/Src/stm32f1xx_hal_gpio.c.obj
 .comment       0x00000049       0x4a CMakeFiles/LCD_test.elf.dir/Drivers/STM32F1xx_HAL_Driver/Src/stm32f1xx_hal_rcc.c.obj
 .comment       0x00000049       0x4a CMakeFiles/LCD_test.elf.dir/Drivers/STM32F1xx_HAL_Driver/Src/stm32f1xx_hal_uart.c.obj
 .comment       0x00000049       0x4a CMakeFiles/LCD_test.elf.dir/User/Src/led.cpp.obj

.debug_frame    0x00000000     0x1ea0
 .debug_frame   0x00000000       0x98 CMakeFiles/LCD_test.elf.dir/Core/Src/main.c.obj
 .debug_frame   0x00000098       0xb8 CMakeFiles/LCD_test.elf.dir/Core/Src/retarget.c.obj
 .debug_frame   0x00000150       0x60 CMakeFiles/LCD_test.elf.dir/Core/Src/stm32f1xx_hal_msp.c.obj
 .debug_frame   0x000001b0       0xa8 CMakeFiles/LCD_test.elf.dir/Core/Src/stm32f1xx_it.c.obj
 .debug_frame   0x00000258      0x168 CMakeFiles/LCD_test.elf.dir/Core/Src/syscalls.c.obj
 .debug_frame   0x000003c0       0x30 CMakeFiles/LCD_test.elf.dir/Core/Src/system_stm32f1xx.c.obj
 .debug_frame   0x000003f0      0x1cc CMakeFiles/LCD_test.elf.dir/Drivers/STM32F1xx_HAL_Driver/Src/stm32f1xx_hal.c.obj
 .debug_frame   0x000005bc      0x118 CMakeFiles/LCD_test.elf.dir/Drivers/STM32F1xx_HAL_Driver/Src/stm32f1xx_hal_cortex.c.obj
 .debug_frame   0x000006d4       0xe4 CMakeFiles/LCD_test.elf.dir/Drivers/STM32F1xx_HAL_Driver/Src/stm32f1xx_hal_gpio.c.obj
 .debug_frame   0x000007b8      0x190 CMakeFiles/LCD_test.elf.dir/Drivers/STM32F1xx_HAL_Driver/Src/stm32f1xx_hal_rcc.c.obj
 .debug_frame   0x00000948      0x5c4 CMakeFiles/LCD_test.elf.dir/Drivers/STM32F1xx_HAL_Driver/Src/stm32f1xx_hal_uart.c.obj
 .debug_frame   0x00000f0c       0x2c CMakeFiles/LCD_test.elf.dir/User/Src/led.cpp.obj
 .debug_frame   0x00000f38      0x2e0 d:/clion/gcc-arm-none-eabi-10.3-2021.10/bin/../lib/gcc/arm-none-eabi/10.3.1/thumb/v7-m/nofp\libgcc.a(unwind-arm.o)
 .debug_frame   0x00001218       0xf4 d:/clion/gcc-arm-none-eabi-10.3-2021.10/bin/../lib/gcc/arm-none-eabi/10.3.1/thumb/v7-m/nofp\libgcc.a(pr-support.o)
 .debug_frame   0x0000130c       0x28 d:/clion/gcc-arm-none-eabi-10.3-2021.10/bin/../lib/gcc/arm-none-eabi/10.3.1/../../../../arm-none-eabi/lib/thumb/v7-m/nofp\libg.a(lib_a-abort.o)
 .debug_frame   0x00001334       0x20 d:/clion/gcc-arm-none-eabi-10.3-2021.10/bin/../lib/gcc/arm-none-eabi/10.3.1/../../../../arm-none-eabi/lib/thumb/v7-m/nofp\libg.a(lib_a-errno.o)
 .debug_frame   0x00001354       0x2c d:/clion/gcc-arm-none-eabi-10.3-2021.10/bin/../lib/gcc/arm-none-eabi/10.3.1/../../../../arm-none-eabi/lib/thumb/v7-m/nofp\libg.a(lib_a-init.o)
 .debug_frame   0x00001380       0x2c d:/clion/gcc-arm-none-eabi-10.3-2021.10/bin/../lib/gcc/arm-none-eabi/10.3.1/../../../../arm-none-eabi/lib/thumb/v7-m/nofp\libg.a(lib_a-memset.o)
 .debug_frame   0x000013ac       0x48 d:/clion/gcc-arm-none-eabi-10.3-2021.10/bin/../lib/gcc/arm-none-eabi/10.3.1/../../../../arm-none-eabi/lib/thumb/v7-m/nofp\libg.a(lib_a-puts.o)
 .debug_frame   0x000013f4       0x48 d:/clion/gcc-arm-none-eabi-10.3-2021.10/bin/../lib/gcc/arm-none-eabi/10.3.1/../../../../arm-none-eabi/lib/thumb/v7-m/nofp\libg.a(lib_a-setvbuf.o)
 .debug_frame   0x0000143c      0x114 d:/clion/gcc-arm-none-eabi-10.3-2021.10/bin/../lib/gcc/arm-none-eabi/10.3.1/../../../../arm-none-eabi/lib/thumb/v7-m/nofp\libg.a(lib_a-signal.o)
 .debug_frame   0x00001550       0x3c d:/clion/gcc-arm-none-eabi-10.3-2021.10/bin/../lib/gcc/arm-none-eabi/10.3.1/../../../../arm-none-eabi/lib/thumb/v7-m/nofp\libg.a(lib_a-signalr.o)
 .debug_frame   0x0000158c       0x20 d:/clion/gcc-arm-none-eabi-10.3-2021.10/bin/../lib/gcc/arm-none-eabi/10.3.1/../../../../arm-none-eabi/lib/thumb/v7-m/nofp\libg.a(lib_a-strlen-stub.o)
 .debug_frame   0x000015ac       0x5c d:/clion/gcc-arm-none-eabi-10.3-2021.10/bin/../lib/gcc/arm-none-eabi/10.3.1/../../../../arm-none-eabi/lib/thumb/v7-m/nofp\libg.a(lib_a-__call_atexit.o)
 .debug_frame   0x00001608       0x20 d:/clion/gcc-arm-none-eabi-10.3-2021.10/bin/../lib/gcc/arm-none-eabi/10.3.1/../../../../arm-none-eabi/lib/thumb/v7-m/nofp\libg.a(lib_a-atexit.o)
 .debug_frame   0x00001628       0x70 d:/clion/gcc-arm-none-eabi-10.3-2021.10/bin/../lib/gcc/arm-none-eabi/10.3.1/../../../../arm-none-eabi/lib/thumb/v7-m/nofp\libg.a(lib_a-fflush.o)
 .debug_frame   0x00001698      0x154 d:/clion/gcc-arm-none-eabi-10.3-2021.10/bin/../lib/gcc/arm-none-eabi/10.3.1/../../../../arm-none-eabi/lib/thumb/v7-m/nofp\libg.a(lib_a-findfp.o)
 .debug_frame   0x000017ec       0x34 d:/clion/gcc-arm-none-eabi-10.3-2021.10/bin/../lib/gcc/arm-none-eabi/10.3.1/../../../../arm-none-eabi/lib/thumb/v7-m/nofp\libg.a(lib_a-fini.o)
 .debug_frame   0x00001820       0x8c d:/clion/gcc-arm-none-eabi-10.3-2021.10/bin/../lib/gcc/arm-none-eabi/10.3.1/../../../../arm-none-eabi/lib/thumb/v7-m/nofp\libg.a(lib_a-freer.o)
 .debug_frame   0x000018ac       0x64 d:/clion/gcc-arm-none-eabi-10.3-2021.10/bin/../lib/gcc/arm-none-eabi/10.3.1/../../../../arm-none-eabi/lib/thumb/v7-m/nofp\libg.a(lib_a-fvwrite.o)
 .debug_frame   0x00001910       0x54 d:/clion/gcc-arm-none-eabi-10.3-2021.10/bin/../lib/gcc/arm-none-eabi/10.3.1/../../../../arm-none-eabi/lib/thumb/v7-m/nofp\libg.a(lib_a-fwalk.o)
 .debug_frame   0x00001964       0xb0 d:/clion/gcc-arm-none-eabi-10.3-2021.10/bin/../lib/gcc/arm-none-eabi/10.3.1/../../../../arm-none-eabi/lib/thumb/v7-m/nofp\libg.a(lib_a-lock.o)
 .debug_frame   0x00001a14       0x70 d:/clion/gcc-arm-none-eabi-10.3-2021.10/bin/../lib/gcc/arm-none-eabi/10.3.1/../../../../arm-none-eabi/lib/thumb/v7-m/nofp\libg.a(lib_a-makebuf.o)
 .debug_frame   0x00001a84       0x30 d:/clion/gcc-arm-none-eabi-10.3-2021.10/bin/../lib/gcc/arm-none-eabi/10.3.1/../../../../arm-none-eabi/lib/thumb/v7-m/nofp\libg.a(lib_a-malloc.o)
 .debug_frame   0x00001ab4       0x4c d:/clion/gcc-arm-none-eabi-10.3-2021.10/bin/../lib/gcc/arm-none-eabi/10.3.1/../../../../arm-none-eabi/lib/thumb/v7-m/nofp\libg.a(lib_a-mallocr.o)
 .debug_frame   0x00001b00       0x28 d:/clion/gcc-arm-none-eabi-10.3-2021.10/bin/../lib/gcc/arm-none-eabi/10.3.1/../../../../arm-none-eabi/lib/thumb/v7-m/nofp\libg.a(lib_a-memchr-stub.o)
 .debug_frame   0x00001b28       0x40 d:/clion/gcc-arm-none-eabi-10.3-2021.10/bin/../lib/gcc/arm-none-eabi/10.3.1/../../../../arm-none-eabi/lib/thumb/v7-m/nofp\libg.a(lib_a-memmove.o)
 .debug_frame   0x00001b68       0x30 d:/clion/gcc-arm-none-eabi-10.3-2021.10/bin/../lib/gcc/arm-none-eabi/10.3.1/../../../../arm-none-eabi/lib/thumb/v7-m/nofp\libg.a(lib_a-mlock.o)
 .debug_frame   0x00001b98       0x48 d:/clion/gcc-arm-none-eabi-10.3-2021.10/bin/../lib/gcc/arm-none-eabi/10.3.1/../../../../arm-none-eabi/lib/thumb/v7-m/nofp\libg.a(lib_a-reallocr.o)
 .debug_frame   0x00001be0       0x64 d:/clion/gcc-arm-none-eabi-10.3-2021.10/bin/../lib/gcc/arm-none-eabi/10.3.1/../../../../arm-none-eabi/lib/thumb/v7-m/nofp\libg.a(lib_a-reent.o)
 .debug_frame   0x00001c44       0x2c d:/clion/gcc-arm-none-eabi-10.3-2021.10/bin/../lib/gcc/arm-none-eabi/10.3.1/../../../../arm-none-eabi/lib/thumb/v7-m/nofp\libg.a(lib_a-sbrkr.o)
 .debug_frame   0x00001c70       0x8c d:/clion/gcc-arm-none-eabi-10.3-2021.10/bin/../lib/gcc/arm-none-eabi/10.3.1/../../../../arm-none-eabi/lib/thumb/v7-m/nofp\libg.a(lib_a-stdio.o)
 .debug_frame   0x00001cfc       0x2c d:/clion/gcc-arm-none-eabi-10.3-2021.10/bin/../lib/gcc/arm-none-eabi/10.3.1/../../../../arm-none-eabi/lib/thumb/v7-m/nofp\libg.a(lib_a-writer.o)
 .debug_frame   0x00001d28       0x2c d:/clion/gcc-arm-none-eabi-10.3-2021.10/bin/../lib/gcc/arm-none-eabi/10.3.1/../../../../arm-none-eabi/lib/thumb/v7-m/nofp\libg.a(lib_a-wsetup.o)
 .debug_frame   0x00001d54       0x34 d:/clion/gcc-arm-none-eabi-10.3-2021.10/bin/../lib/gcc/arm-none-eabi/10.3.1/../../../../arm-none-eabi/lib/thumb/v7-m/nofp\libg.a(lib_a-__atexit.o)
 .debug_frame   0x00001d88       0x2c d:/clion/gcc-arm-none-eabi-10.3-2021.10/bin/../lib/gcc/arm-none-eabi/10.3.1/../../../../arm-none-eabi/lib/thumb/v7-m/nofp\libg.a(lib_a-closer.o)
 .debug_frame   0x00001db4       0x3c d:/clion/gcc-arm-none-eabi-10.3-2021.10/bin/../lib/gcc/arm-none-eabi/10.3.1/../../../../arm-none-eabi/lib/thumb/v7-m/nofp\libg.a(lib_a-fclose.o)
 .debug_frame   0x00001df0       0x2c d:/clion/gcc-arm-none-eabi-10.3-2021.10/bin/../lib/gcc/arm-none-eabi/10.3.1/../../../../arm-none-eabi/lib/thumb/v7-m/nofp\libg.a(lib_a-fstatr.o)
 .debug_frame   0x00001e1c       0x2c d:/clion/gcc-arm-none-eabi-10.3-2021.10/bin/../lib/gcc/arm-none-eabi/10.3.1/../../../../arm-none-eabi/lib/thumb/v7-m/nofp\libg.a(lib_a-isattyr.o)
 .debug_frame   0x00001e48       0x2c d:/clion/gcc-arm-none-eabi-10.3-2021.10/bin/../lib/gcc/arm-none-eabi/10.3.1/../../../../arm-none-eabi/lib/thumb/v7-m/nofp\libg.a(lib_a-lseekr.o)
 .debug_frame   0x00001e74       0x2c d:/clion/gcc-arm-none-eabi-10.3-2021.10/bin/../lib/gcc/arm-none-eabi/10.3.1/../../../../arm-none-eabi/lib/thumb/v7-m/nofp\libg.a(lib_a-readr.o)

.debug_loc      0x00000000     0x3c38
 .debug_loc     0x00000000      0x389 CMakeFiles/LCD_test.elf.dir/Core/Src/retarget.c.obj
 .debug_loc     0x00000389       0x99 CMakeFiles/LCD_test.elf.dir/Core/Src/stm32f1xx_hal_msp.c.obj
 .debug_loc     0x00000422      0x3a2 CMakeFiles/LCD_test.elf.dir/Core/Src/syscalls.c.obj
 .debug_loc     0x000007c4       0xff CMakeFiles/LCD_test.elf.dir/Core/Src/system_stm32f1xx.c.obj
 .debug_loc     0x000008c3      0x141 CMakeFiles/LCD_test.elf.dir/Drivers/STM32F1xx_HAL_Driver/Src/stm32f1xx_hal.c.obj
 .debug_loc     0x00000a04      0x71f CMakeFiles/LCD_test.elf.dir/Drivers/STM32F1xx_HAL_Driver/Src/stm32f1xx_hal_cortex.c.obj
 .debug_loc     0x00001123      0x47d CMakeFiles/LCD_test.elf.dir/Drivers/STM32F1xx_HAL_Driver/Src/stm32f1xx_hal_gpio.c.obj
 .debug_loc     0x000015a0      0x63e CMakeFiles/LCD_test.elf.dir/Drivers/STM32F1xx_HAL_Driver/Src/stm32f1xx_hal_rcc.c.obj
 .debug_loc     0x00001bde     0x2037 CMakeFiles/LCD_test.elf.dir/Drivers/STM32F1xx_HAL_Driver/Src/stm32f1xx_hal_uart.c.obj
 .debug_loc     0x00003c15       0x23 CMakeFiles/LCD_test.elf.dir/User/Src/led.cpp.obj
